Archive member included because of file (symbol)

C:\Users\morav\AppData\Local\arduino15\packages\arduino\hardware\sam\1.6.11\variants\arduino_due_x/libsam_sam3x8e_gcc_rel.a(pio.o)
                              C:\Users\morav\AppData\Local\Temp\VMBuilds\Security\arduino_due_x_dbg\Release\variant\variant.cpp.o (PIO_Configure)
C:\Users\morav\AppData\Local\arduino15\packages\arduino\hardware\sam\1.6.11\variants\arduino_due_x/libsam_sam3x8e_gcc_rel.a(pmc.o)
                              C:\Users\morav\AppData\Local\Temp\VMBuilds\Security\arduino_due_x_dbg\Release\variant\variant.cpp.o (pmc_enable_periph_clk)
C:\Users\morav\AppData\Local\arduino15\packages\arduino\hardware\sam\1.6.11\variants\arduino_due_x/libsam_sam3x8e_gcc_rel.a(system_sam3xa.o)
                              C:\Users\morav\AppData\Local\Temp\VMBuilds\Security\arduino_due_x_dbg\Release\variant\variant.cpp.o (SystemInit)
C:\Users\morav\AppData\Local\arduino15\packages\arduino\hardware\sam\1.6.11\variants\arduino_due_x/libsam_sam3x8e_gcc_rel.a(startup_sam3xa.o)
                              (Reset_Handler)
C:\Users\morav\AppData\Local\arduino15\packages\arduino\hardware\sam\1.6.11\variants\arduino_due_x/libsam_sam3x8e_gcc_rel.a(adc.o)
                              C:\Users\morav\AppData\Local\Temp\VMBuilds\Security\arduino_due_x_dbg\Release\variant\variant.cpp.o (adc_init)
C:\Users\morav\AppData\Local\arduino15\packages\arduino\hardware\sam\1.6.11\variants\arduino_due_x/libsam_sam3x8e_gcc_rel.a(uotghs.o)
                              C:\Users\morav\AppData\Local\arduino15\packages\arduino\hardware\sam\1.6.11\variants\arduino_due_x/libsam_sam3x8e_gcc_rel.a(startup_sam3xa.o) (UOTGHS_Handler)
C:\Users\morav\AppData\Local\Temp\VMBuilds\Security\arduino_due_x_dbg\Release/core.a(cortex_handlers.c.o)
                              C:\Users\morav\AppData\Local\arduino15\packages\arduino\hardware\sam\1.6.11\variants\arduino_due_x/libsam_sam3x8e_gcc_rel.a(startup_sam3xa.o) (NMI_Handler)
C:\Users\morav\AppData\Local\Temp\VMBuilds\Security\arduino_due_x_dbg\Release/core.a(hooks.c.o)
                              C:\Users\morav\AppData\Local\Temp\VMBuilds\Security\arduino_due_x_dbg\Release/core.a(cortex_handlers.c.o) (sysTickHook)
C:\Users\morav\AppData\Local\Temp\VMBuilds\Security\arduino_due_x_dbg\Release/core.a(syscalls_sam3.c.o)
                              (_sbrk)
C:\Users\morav\AppData\Local\Temp\VMBuilds\Security\arduino_due_x_dbg\Release/core.a(wiring.c.o)
                              C:\Users\morav\AppData\Local\Temp\VMBuilds\Security\arduino_due_x_dbg\Release\Security.cpp.o (delay)
C:\Users\morav\AppData\Local\Temp\VMBuilds\Security\arduino_due_x_dbg\Release/core.a(wiring_analog.c.o)
                              C:\Users\morav\AppData\Local\Temp\VMBuilds\Security\arduino_due_x_dbg\Release\variant\variant.cpp.o (analogOutputInit)
C:\Users\morav\AppData\Local\Temp\VMBuilds\Security\arduino_due_x_dbg\Release/core.a(wiring_digital.c.o)
                              C:\Users\morav\AppData\Local\Temp\VMBuilds\Security\arduino_due_x_dbg\Release\Security.cpp.o (pinMode)
C:\Users\morav\AppData\Local\Temp\VMBuilds\Security\arduino_due_x_dbg\Release/core.a(main.cpp.o)
                              c:/users/morav/appdata/local/arduino15/packages/arduino/tools/arm-none-eabi-gcc/4.8.3-2014q1/bin/../lib/gcc/arm-none-eabi/4.8.3/../../../../arm-none-eabi/lib/armv7-m/crt0.o (main)
C:\Users\morav\AppData\Local\Temp\VMBuilds\Security\arduino_due_x_dbg\Release/core.a(Print.cpp.o)
                              C:\Users\morav\AppData\Local\Temp\VMBuilds\Security\arduino_due_x_dbg\Release\Security.cpp.o (Print::println())
C:\Users\morav\AppData\Local\Temp\VMBuilds\Security\arduino_due_x_dbg\Release/core.a(Reset.cpp.o)
                              C:\Users\morav\AppData\Local\Temp\VMBuilds\Security\arduino_due_x_dbg\Release/core.a(cortex_handlers.c.o) (tickReset)
C:\Users\morav\AppData\Local\Temp\VMBuilds\Security\arduino_due_x_dbg\Release/core.a(RingBuffer.cpp.o)
                              C:\Users\morav\AppData\Local\Temp\VMBuilds\Security\arduino_due_x_dbg\Release\variant\variant.cpp.o (RingBuffer::RingBuffer())
C:\Users\morav\AppData\Local\Temp\VMBuilds\Security\arduino_due_x_dbg\Release/core.a(Stream.cpp.o)
                              C:\Users\morav\AppData\Local\Temp\VMBuilds\Security\arduino_due_x_dbg\Release\Security.cpp.o (Stream::readString())
C:\Users\morav\AppData\Local\Temp\VMBuilds\Security\arduino_due_x_dbg\Release/core.a(UARTClass.cpp.o)
                              C:\Users\morav\AppData\Local\Temp\VMBuilds\Security\arduino_due_x_dbg\Release\Security.cpp.o (UARTClass::available())
C:\Users\morav\AppData\Local\Temp\VMBuilds\Security\arduino_due_x_dbg\Release/core.a(USARTClass.cpp.o)
                              C:\Users\morav\AppData\Local\Temp\VMBuilds\Security\arduino_due_x_dbg\Release\Security.cpp.o (USARTClass::begin(unsigned long))
C:\Users\morav\AppData\Local\Temp\VMBuilds\Security\arduino_due_x_dbg\Release/core.a(watchdog.cpp.o)
[...]
Memory Configuration

Name             Origin             Length             Attributes
rom              0x00080000         0x00080000         xr
sram0            0x20000000         0x00010000         xrw
sram1            0x20080000         0x00008000         xrw
ram              0x20070000         0x00018000         xrw
*default*        0x00000000         0xffffffff

Linker script and memory map

LOAD c:/users/morav/appdata/local/arduino15/packages/arduino/tools/arm-none-eabi-gcc/4.8.3-2014q1/bin/../lib/gcc/arm-none-eabi/4.8.3/armv7-m/crti.o
LOAD c:/users/morav/appdata/local/arduino15/packages/arduino/tools/arm-none-eabi-gcc/4.8.3-2014q1/bin/../lib/gcc/arm-none-eabi/4.8.3/armv7-m/crtbegin.o
LOAD c:/users/morav/appdata/local/arduino15/packages/arduino/tools/arm-none-eabi-gcc/4.8.3-2014q1/bin/../lib/gcc/arm-none-eabi/4.8.3/../../../../arm-none-eabi/lib/armv7-m/crt0.o
START GROUP
LOAD C:\Users\morav\AppData\Local\Temp\VMBuilds\Security\arduino_due_x_dbg\Release\Security.cpp.o
LOAD C:\Users\morav\AppData\Local\Temp\VMBuilds\Security\arduino_due_x_dbg\Release\variant\variant.cpp.o
LOAD C:\Users\morav\AppData\Local\arduino15\packages\arduino\hardware\sam\1.6.11\variants\arduino_due_x/libsam_sam3x8e_gcc_rel.a
LOAD C:\Users\morav\AppData\Local\Temp\VMBuilds\Security\arduino_due_x_dbg\Release/core.a
END GROUP
LOAD c:/users/morav/appdata/local/arduino15/packages/arduino/tools/arm-none-eabi-gcc/4.8.3-2014q1/bin/../lib/gcc/arm-none-eabi/4.8.3/../../../../arm-none-eabi/lib/armv7-m\libm.a
START GROUP
LOAD c:/users/morav/appdata/local/arduino15/packages/arduino/tools/arm-none-eabi-gcc/4.8.3-2014q1/bin/../lib/gcc/arm-none-eabi/4.8.3/armv7-m\libgcc.a
LOAD c:/users/morav/appdata/local/arduino15/packages/arduino/tools/arm-none-eabi-gcc/4.8.3-2014q1/bin/../lib/gcc/arm-none-eabi/4.8.3/../../../../arm-none-eabi/lib/armv7-m\libg.a
LOAD c:/users/morav/appdata/local/arduino15/packages/arduino/tools/arm-none-eabi-gcc/4.8.3-2014q1/bin/../lib/gcc/arm-none-eabi/4.8.3/../../../../arm-none-eabi/lib/armv7-m\libc.a
END GROUP
LOAD c:/users/morav/appdata/local/arduino15/packages/arduino/tools/arm-none-eabi-gcc/4.8.3-2014q1/bin/../lib/gcc/arm-none-eabi/4.8.3/armv7-m/crtend.o
LOAD c:/users/morav/appdata/local/arduino15/packages/arduino/tools/arm-none-eabi-gcc/4.8.3-2014q1/bin/../lib/gcc/arm-none-eabi/4.8.3/armv7-m/crtn.o

.text           0x00080000     0x800c
                0x00080000                . = ALIGN (0x4)
                0x00080000                _sfixed = .
 *(.vectors .vectors.*)
 .vectors       0x00080000       0xf4 C:\Users\morav\AppData\Local\arduino15\packages\arduino\hardware\sam\1.6.11\variants\arduino_due_x/libsam_sam3x8e_gcc_rel.a(startup_sam3xa.o)
                0x00080000                exception_table
 *(.text .text.* .gnu.linkonce.t.*)
 .text          0x000800f4       0x54 c:/users/morav/appdata/local/arduino15/packages/arduino/tools/arm-none-eabi-gcc/4.8.3-2014q1/bin/../lib/gcc/arm-none-eabi/4.8.3/armv7-m/crtbegin.o
 .text.__tcf_1  0x00080148       0x1c C:\Users\morav\AppData\Local\Temp\VMBuilds\Security\arduino_due_x_dbg\Release\Security.cpp.o
 .text.__tcf_0  0x00080164       0x1c C:\Users\morav\AppData\Local\Temp\VMBuilds\Security\arduino_due_x_dbg\Release\Security.cpp.o
 .text._Z10setPinModePhhh.part.1
                0x00080180       0x20 C:\Users\morav\AppData\Local\Temp\VMBuilds\Security\arduino_due_x_dbg\Release\Security.cpp.o
 .text._ZNK6String9substringEj
                0x000801a0        0xe C:\Users\morav\AppData\Local\Temp\VMBuilds\Security\arduino_due_x_dbg\Release\Security.cpp.o
                0x000801a0                String::substring(unsigned int) const
 *fill*         0x000801ae        0x2 
 .text._Z13setSensorNamev
                0x000801b0      0x104 C:\Users\morav\AppData\Local\Temp\VMBuilds\Security\arduino_due_x_dbg\Release\Security.cpp.o
                0x000801b0                setSensorName()
 .text._Z13setSensorTypev
                0x000802b4       0xc4 C:\Users\morav\AppData\Local\Temp\VMBuilds\Security\arduino_due_x_dbg\Release\Security.cpp.o
                0x000802b4                setSensorType()
 .text._Z12deleteSensorv
                0x00080378       0x9c C:\Users\morav\AppData\Local\Temp\VMBuilds\Security\arduino_due_x_dbg\Release\Security.cpp.o
                0x00080378                deleteSensor()
 .text._Z13setSwitchNamev
                0x00080414      0x104 C:\Users\morav\AppData\Local\Temp\VMBuilds\Security\arduino_due_x_dbg\Release\Security.cpp.o
                0x00080414                setSwitchName()
 .text._Z12setSwitchPinv
                0x00080518       0xcc C:\Users\morav\AppData\Local\Temp\VMBuilds\Security\arduino_due_x_dbg\Release\Security.cpp.o
                0x00080518                setSwitchPin()
 .text._Z9addSwitchv
                0x000805e4      0x1a0 C:\Users\morav\AppData\Local\Temp\VMBuilds\Security\arduino_due_x_dbg\Release\Security.cpp.o
                0x000805e4                addSwitch()
 .text._Z12deleteSwitchv
                0x00080784       0x8c C:\Users\morav\AppData\Local\Temp\VMBuilds\Security\arduino_due_x_dbg\Release\Security.cpp.o
                0x00080784                deleteSwitch()
 .text._Z15getSensorsStatePhhS_
                0x00080810       0x20 C:\Users\morav\AppData\Local\Temp\VMBuilds\Security\arduino_due_x_dbg\Release\Security.cpp.o
                0x00080810                getSensorsState(unsigned char*, unsigned char, unsigned char*)
 .text._Z12setSensorPinv
                0x00080830       0xd8 C:\Users\morav\AppData\Local\Temp\VMBuilds\Security\arduino_due_x_dbg\Release\Security.cpp.o
                0x00080830                setSensorPin()
 .text._Z9addSensorv
                0x00080908      0x1b8 C:\Users\morav\AppData\Local\Temp\VMBuilds\Security\arduino_due_x_dbg\Release\Security.cpp.o
                0x00080908                addSensor()
 .text._Z14getSwitchStateh
                0x00080ac0       0x18 C:\Users\morav\AppData\Local\Temp\VMBuilds\Security\arduino_due_x_dbg\Release\Security.cpp.o
                0x00080ac0                getSwitchState(unsigned char)
 .text._Z14setSwitchStatev
                0x00080ad8       0xd8 C:\Users\morav\AppData\Local\Temp\VMBuilds\Security\arduino_due_x_dbg\Release\Security.cpp.o
                0x00080ad8                setSwitchState()
 .text._Z24sendMessageNotRecognizedv
                0x00080bb0       0x3c C:\Users\morav\AppData\Local\Temp\VMBuilds\Security\arduino_due_x_dbg\Release\Security.cpp.o
                0x00080bb0                sendMessageNotRecognized()
 .text._Z11sendCommand6String
                0x00080bec       0x44 C:\Users\morav\AppData\Local\Temp\VMBuilds\Security\arduino_due_x_dbg\Release\Security.cpp.o
                0x00080bec                sendCommand(String)
 .text._Z11sendMessage6String
                0x00080c30       0x94 C:\Users\morav\AppData\Local\Temp\VMBuilds\Security\arduino_due_x_dbg\Release\Security.cpp.o
                0x00080c30                sendMessage(String)
 .text._Z15connectToServerv
                0x00080cc4       0xbc C:\Users\morav\AppData\Local\Temp\VMBuilds\Security\arduino_due_x_dbg\Release\Security.cpp.o
                0x00080cc4                connectToServer()
 .text._Z13getAllSensorsv
                0x00080d80      0x1b0 C:\Users\morav\AppData\Local\Temp\VMBuilds\Security\arduino_due_x_dbg\Release\Security.cpp.o
                0x00080d80                getAllSensors()
 .text._Z14getAllSwitchesv
                0x00080f30      0x178 C:\Users\morav\AppData\Local\Temp\VMBuilds\Security\arduino_due_x_dbg\Release\Security.cpp.o
                0x00080f30                getAllSwitches()
 .text._Z20readSerialAndRespondv
                0x000810a8      0x1e8 C:\Users\morav\AppData\Local\Temp\VMBuilds\Security\arduino_due_x_dbg\Release\Security.cpp.o
                0x000810a8                readSerialAndRespond()
 .text._Z36checkSensorStateChangedAndSendIfTruev
                0x00081290      0x19c C:\Users\morav\AppData\Local\Temp\VMBuilds\Security\arduino_due_x_dbg\Release\Security.cpp.o
                0x00081290                checkSensorStateChangedAndSendIfTrue()
 .text.startup._GLOBAL__sub_I_in
                0x0008142c       0xb8 C:\Users\morav\AppData\Local\Temp\VMBuilds\Security\arduino_due_x_dbg\Release\Security.cpp.o
 .text.setup    0x000814e4       0xd8 C:\Users\morav\AppData\Local\Temp\VMBuilds\Security\arduino_due_x_dbg\Release\Security.cpp.o
                0x000814e4                setup
 .text._Z17readGsmAndRespondv
                0x000815bc      0x17c C:\Users\morav\AppData\Local\Temp\VMBuilds\Security\arduino_due_x_dbg\Release\Security.cpp.o
                0x000815bc                readGsmAndRespond()
 .text.loop     0x00081738       0x12 C:\Users\morav\AppData\Local\Temp\VMBuilds\Security\arduino_due_x_dbg\Release\Security.cpp.o
                0x00081738                loop
 *fill*         0x0008174a        0x2 
 .text._Z11serialEventv
                0x0008174c       0x3c C:\Users\morav\AppData\Local\Temp\VMBuilds\Security\arduino_due_x_dbg\Release\Security.cpp.o
                0x0008174c                serialEvent()
 .text.UART_Handler
                0x00081788        0xc C:\Users\morav\AppData\Local\Temp\VMBuilds\Security\arduino_due_x_dbg\Release\variant\variant.cpp.o
                0x00081788                UART_Handler
 .text._Z12serialEvent1v
                0x00081794        0x2 C:\Users\morav\AppData\Local\Temp\VMBuilds\Security\arduino_due_x_dbg\Release\variant\variant.cpp.o
                0x00081794                serialEvent1()
 .text._Z12serialEvent2v
                0x00081796        0x2 C:\Users\morav\AppData\Local\Temp\VMBuilds\Security\arduino_due_x_dbg\Release\variant\variant.cpp.o
                0x00081796                serialEvent2()
 .text._Z12serialEvent3v
                0x00081798        0x2 C:\Users\morav\AppData\Local\Temp\VMBuilds\Security\arduino_due_x_dbg\Release\variant\variant.cpp.o
                0x00081798                serialEvent3()
 *fill*         0x0008179a        0x2 
 .text.USART0_Handler
                0x0008179c        0xc C:\Users\morav\AppData\Local\Temp\VMBuilds\Security\arduino_due_x_dbg\Release\variant\variant.cpp.o
                0x0008179c                USART0_Handler
 .text.USART1_Handler
                0x000817a8        0xc C:\Users\morav\AppData\Local\Temp\VMBuilds\Security\arduino_due_x_dbg\Release\variant\variant.cpp.o
                0x000817a8                USART1_Handler
 .text.USART3_Handler
                0x000817b4        0xc C:\Users\morav\AppData\Local\Temp\VMBuilds\Security\arduino_due_x_dbg\Release\variant\variant.cpp.o
                0x000817b4                USART3_Handler
 .text.init     0x000817c0      0x128 C:\Users\morav\AppData\Local\Temp\VMBuilds\Security\arduino_due_x_dbg\Release\variant\variant.cpp.o
                0x000817c0                init
 .text.startup._GLOBAL__sub_I_g_APinDescription
                0x000818e8       0xd4 C:\Users\morav\AppData\Local\Temp\VMBuilds\Security\arduino_due_x_dbg\Release\variant\variant.cpp.o
 .text._Z14serialEventRunv
                0x000819bc       0x44 C:\Users\morav\AppData\Local\Temp\VMBuilds\Security\arduino_due_x_dbg\Release\variant\variant.cpp.o
                0x000819bc                serialEventRun()
 .text.PIO_PullUp
                0x00081a00        0xa C:\Users\morav\AppData\Local\arduino15\packages\arduino\hardware\sam\1.6.11\variants\arduino_due_x/libsam_sam3x8e_gcc_rel.a(pio.o)
                0x00081a00                PIO_PullUp
 .text.PIO_Get  0x00081a0a       0x14 C:\Users\morav\AppData\Local\arduino15\packages\arduino\hardware\sam\1.6.11\variants\arduino_due_x/libsam_sam3x8e_gcc_rel.a(pio.o)
                0x00081a0a                PIO_Get
 .text.PIO_SetPeripheral
                0x00081a1e       0x26 C:\Users\morav\AppData\Local\arduino15\packages\arduino\hardware\sam\1.6.11\variants\arduino_due_x/libsam_sam3x8e_gcc_rel.a(pio.o)
                0x00081a1e                PIO_SetPeripheral
 .text.PIO_SetInput
                0x00081a44       0x26 C:\Users\morav\AppData\Local\arduino15\packages\arduino\hardware\sam\1.6.11\variants\arduino_due_x/libsam_sam3x8e_gcc_rel.a(pio.o)
                0x00081a44                PIO_SetInput
 .text.PIO_SetOutput
                0x00081a6a       0x24 C:\Users\morav\AppData\Local\arduino15\packages\arduino\hardware\sam\1.6.11\variants\arduino_due_x/libsam_sam3x8e_gcc_rel.a(pio.o)
                0x00081a6a                PIO_SetOutput
 *fill*         0x00081a8e        0x2 
 .text.PIO_Configure
                0x00081a90       0x64 C:\Users\morav\AppData\Local\arduino15\packages\arduino\hardware\sam\1.6.11\variants\arduino_due_x/libsam_sam3x8e_gcc_rel.a(pio.o)
                0x00081a90                PIO_Configure
 .text.PIO_GetOutputDataStatus
                0x00081af4       0x14 C:\Users\morav\AppData\Local\arduino15\packages\arduino\hardware\sam\1.6.11\variants\arduino_due_x/libsam_sam3x8e_gcc_rel.a(pio.o)
                0x00081af4                PIO_GetOutputDataStatus
 .text.pmc_enable_upll_clock
                0x00081b08       0x14 C:\Users\morav\AppData\Local\arduino15\packages\arduino\hardware\sam\1.6.11\variants\arduino_due_x/libsam_sam3x8e_gcc_rel.a(pmc.o)
                0x00081b08                pmc_enable_upll_clock
 .text.pmc_enable_periph_clk
                0x00081b1c       0x44 C:\Users\morav\AppData\Local\arduino15\packages\arduino\hardware\sam\1.6.11\variants\arduino_due_x/libsam_sam3x8e_gcc_rel.a(pmc.o)
                0x00081b1c                pmc_enable_periph_clk
 .text.pmc_disable_periph_clk
                0x00081b60       0x40 C:\Users\morav\AppData\Local\arduino15\packages\arduino\hardware\sam\1.6.11\variants\arduino_due_x/libsam_sam3x8e_gcc_rel.a(pmc.o)
                0x00081b60                pmc_disable_periph_clk
 .text.pmc_switch_udpck_to_upllck
                0x00081ba0       0x14 C:\Users\morav\AppData\Local\arduino15\packages\arduino\hardware\sam\1.6.11\variants\arduino_due_x/libsam_sam3x8e_gcc_rel.a(pmc.o)
                0x00081ba0                pmc_switch_udpck_to_upllck
 .text.pmc_enable_udpck
                0x00081bb4        0xc C:\Users\morav\AppData\Local\arduino15\packages\arduino\hardware\sam\1.6.11\variants\arduino_due_x/libsam_sam3x8e_gcc_rel.a(pmc.o)
                0x00081bb4                pmc_enable_udpck
 .text.SystemInit
                0x00081bc0       0x88 C:\Users\morav\AppData\Local\arduino15\packages\arduino\hardware\sam\1.6.11\variants\arduino_due_x/libsam_sam3x8e_gcc_rel.a(system_sam3xa.o)
                0x00081bc0                SystemInit
 .text.Reset_Handler
                0x00081c48       0x78 C:\Users\morav\AppData\Local\arduino15\packages\arduino\hardware\sam\1.6.11\variants\arduino_due_x/libsam_sam3x8e_gcc_rel.a(startup_sam3xa.o)
                0x00081c48                Reset_Handler
 .text.adc_init
                0x00081cc0       0x98 C:\Users\morav\AppData\Local\arduino15\packages\arduino\hardware\sam\1.6.11\variants\arduino_due_x/libsam_sam3x8e_gcc_rel.a(adc.o)
                0x00081cc0                adc_init
 .text.adc_configure_trigger
                0x00081d58        0xe C:\Users\morav\AppData\Local\arduino15\packages\arduino\hardware\sam\1.6.11\variants\arduino_due_x/libsam_sam3x8e_gcc_rel.a(adc.o)
                0x00081d58                adc_configure_trigger
 .text.adc_configure_timing
                0x00081d66       0x1a C:\Users\morav\AppData\Local\arduino15\packages\arduino\hardware\sam\1.6.11\variants\arduino_due_x/libsam_sam3x8e_gcc_rel.a(adc.o)
                0x00081d66                adc_configure_timing
 .text.adc_disable_channel
                0x00081d80        0xa C:\Users\morav\AppData\Local\arduino15\packages\arduino\hardware\sam\1.6.11\variants\arduino_due_x/libsam_sam3x8e_gcc_rel.a(adc.o)
                0x00081d80                adc_disable_channel
 .text.adc_disable_all_channel
                0x00081d8a        0x8 C:\Users\morav\AppData\Local\arduino15\packages\arduino\hardware\sam\1.6.11\variants\arduino_due_x/libsam_sam3x8e_gcc_rel.a(adc.o)
                0x00081d8a                adc_disable_all_channel
 .text.adc_disable_interrupt
                0x00081d92        0x4 C:\Users\morav\AppData\Local\arduino15\packages\arduino\hardware\sam\1.6.11\variants\arduino_due_x/libsam_sam3x8e_gcc_rel.a(adc.o)
                0x00081d92                adc_disable_interrupt
 *fill*         0x00081d96        0x2 
 .text.UOTGHS_Handler
                0x00081d98       0x10 C:\Users\morav\AppData\Local\arduino15\packages\arduino\hardware\sam\1.6.11\variants\arduino_due_x/libsam_sam3x8e_gcc_rel.a(uotghs.o)
                0x00081d98                UOTGHS_Handler
 .text.__halt   0x00081da8        0x2 C:\Users\morav\AppData\Local\Temp\VMBuilds\Security\arduino_due_x_dbg\Release/core.a(cortex_handlers.c.o)
                0x00081da8                DACC_Handler
                0x00081da8                DebugMon_Handler
                0x00081da8                DMAC_Handler
                0x00081da8                TRNG_Handler
                0x00081da8                HardFault_Handler
                0x00081da8                TC2_Handler
                0x00081da8                TWI1_Handler
                0x00081da8                NMI_Handler
                0x00081da8                TC7_Handler
                0x00081da8                ADC_Handler
                0x00081da8                SMC_Handler
                0x00081da8                RTT_Handler
                0x00081da8                EFC1_Handler
                0x00081da8                PIOB_Handler
                0x00081da8                RTC_Handler
                0x00081da8                UsageFault_Handler
                0x00081da8                TC6_Handler
                0x00081da8                WDT_Handler
                0x00081da8                CAN0_Handler
                0x00081da8                TC4_Handler
                0x00081da8                TC1_Handler
                0x00081da8                HSMCI_Handler
                0x00081da8                TC3_Handler
                0x00081da8                TWI0_Handler
                0x00081da8                PIOA_Handler
                0x00081da8                SSC_Handler
                0x00081da8                EFC0_Handler
                0x00081da8                PMC_Handler
                0x00081da8                PWM_Handler
                0x00081da8                CAN1_Handler
                0x00081da8                MemManage_Handler
                0x00081da8                SUPC_Handler
                0x00081da8                TC8_Handler
                0x00081da8                USART2_Handler
                0x00081da8                PIOD_Handler
                0x00081da8                EMAC_Handler
                0x00081da8                PIOC_Handler
                0x00081da8                BusFault_Handler
                0x00081da8                RSTC_Handler
                0x00081da8                TC0_Handler
                0x00081da8                TC5_Handler
                0x00081da8                SPI0_Handler
 .text.SVC_Handler
                0x00081daa        0x4 C:\Users\morav\AppData\Local\Temp\VMBuilds\Security\arduino_due_x_dbg\Release/core.a(cortex_handlers.c.o)
                0x00081daa                SVC_Handler
 .text.PendSV_Handler
                0x00081dae        0x4 C:\Users\morav\AppData\Local\Temp\VMBuilds\Security\arduino_due_x_dbg\Release/core.a(cortex_handlers.c.o)
                0x00081dae                PendSV_Handler
 .text.SysTick_Handler
                0x00081db2       0x16 C:\Users\morav\AppData\Local\Temp\VMBuilds\Security\arduino_due_x_dbg\Release/core.a(cortex_handlers.c.o)
                0x00081db2                SysTick_Handler
 .text.__empty  0x00081dc8        0x2 C:\Users\morav\AppData\Local\Temp\VMBuilds\Security\arduino_due_x_dbg\Release/core.a(hooks.c.o)
                0x00081dc8                yield
 .text.__false  0x00081dca        0x4 C:\Users\morav\AppData\Local\Temp\VMBuilds\Security\arduino_due_x_dbg\Release/core.a(hooks.c.o)
                0x00081dca                sysTickHook
 .text.__halt   0x00081dce        0x2 C:\Users\morav\AppData\Local\Temp\VMBuilds\Security\arduino_due_x_dbg\Release/core.a(hooks.c.o)
                0x00081dce                svcHook
                0x00081dce                pendSVHook
 .text._sbrk    0x00081dd0       0x1c C:\Users\morav\AppData\Local\Temp\VMBuilds\Security\arduino_due_x_dbg\Release/core.a(syscalls_sam3.c.o)
                0x00081dd0                _sbrk
 .text.link     0x00081dec        0x6 C:\Users\morav\AppData\Local\Temp\VMBuilds\Security\arduino_due_x_dbg\Release/core.a(syscalls_sam3.c.o)
                0x00081dec                link
 .text._close   0x00081df2        0x6 C:\Users\morav\AppData\Local\Temp\VMBuilds\Security\arduino_due_x_dbg\Release/core.a(syscalls_sam3.c.o)
                0x00081df2                _close
 .text._fstat   0x00081df8        0xa C:\Users\morav\AppData\Local\Temp\VMBuilds\Security\arduino_due_x_dbg\Release/core.a(syscalls_sam3.c.o)
                0x00081df8                _fstat
 .text._isatty  0x00081e02        0x4 C:\Users\morav\AppData\Local\Temp\VMBuilds\Security\arduino_due_x_dbg\Release/core.a(syscalls_sam3.c.o)
                0x00081e02                _isatty
 .text._lseek   0x00081e06        0x4 C:\Users\morav\AppData\Local\Temp\VMBuilds\Security\arduino_due_x_dbg\Release/core.a(syscalls_sam3.c.o)
                0x00081e06                _lseek
 .text._read    0x00081e0a        0x4 C:\Users\morav\AppData\Local\Temp\VMBuilds\Security\arduino_due_x_dbg\Release/core.a(syscalls_sam3.c.o)
                0x00081e0a                _read
 *fill*         0x00081e0e        0x2 
 .text._write   0x00081e10       0x24 C:\Users\morav\AppData\Local\Temp\VMBuilds\Security\arduino_due_x_dbg\Release/core.a(syscalls_sam3.c.o)
                0x00081e10                _write
 .text._exit    0x00081e34       0x10 C:\Users\morav\AppData\Local\Temp\VMBuilds\Security\arduino_due_x_dbg\Release/core.a(syscalls_sam3.c.o)
                0x00081e34                _exit
 .text._kill    0x00081e44        0x2 C:\Users\morav\AppData\Local\Temp\VMBuilds\Security\arduino_due_x_dbg\Release/core.a(syscalls_sam3.c.o)
                0x00081e44                _kill
 .text._getpid  0x00081e46        0x6 C:\Users\morav\AppData\Local\Temp\VMBuilds\Security\arduino_due_x_dbg\Release/core.a(syscalls_sam3.c.o)
                0x00081e46                _getpid
 .text.millis   0x00081e4c        0x4 C:\Users\morav\AppData\Local\Temp\VMBuilds\Security\arduino_due_x_dbg\Release/core.a(wiring.c.o)
                0x00081e4c                millis
 .text.delay    0x00081e50       0x1c C:\Users\morav\AppData\Local\Temp\VMBuilds\Security\arduino_due_x_dbg\Release/core.a(wiring.c.o)
                0x00081e50                delay
 .text.analogOutputInit
                0x00081e6c        0x2 C:\Users\morav\AppData\Local\Temp\VMBuilds\Security\arduino_due_x_dbg\Release/core.a(wiring_analog.c.o)
                0x00081e6c                analogOutputInit
 *fill*         0x00081e6e        0x2 
 .text.pinMode  0x00081e70      0x108 C:\Users\morav\AppData\Local\Temp\VMBuilds\Security\arduino_due_x_dbg\Release/core.a(wiring_digital.c.o)
                0x00081e70                pinMode
 .text.digitalWrite
                0x00081f78       0x70 C:\Users\morav\AppData\Local\Temp\VMBuilds\Security\arduino_due_x_dbg\Release/core.a(wiring_digital.c.o)
                0x00081f78                digitalWrite
 .text.digitalRead
                0x00081fe8       0x44 C:\Users\morav\AppData\Local\Temp\VMBuilds\Security\arduino_due_x_dbg\Release/core.a(wiring_digital.c.o)
                0x00081fe8                digitalRead
 .text.initVariant
                0x0008202c        0x2 C:\Users\morav\AppData\Local\Temp\VMBuilds\Security\arduino_due_x_dbg\Release/core.a(main.cpp.o)
                0x0008202c                initVariant
 *fill*         0x0008202e        0x2 
 .text.startup.main
                0x00082030       0x38 C:\Users\morav\AppData\Local\Temp\VMBuilds\Security\arduino_due_x_dbg\Release/core.a(main.cpp.o)
                0x00082030                main
 .text._ZN5Print5writeEPKhj
                0x00082068       0x22 C:\Users\morav\AppData\Local\Temp\VMBuilds\Security\arduino_due_x_dbg\Release/core.a(Print.cpp.o)
                0x00082068                Print::write(unsigned char const*, unsigned int)
 .text._ZN5Print5writeEPKc
                0x0008208a       0x1e C:\Users\morav\AppData\Local\Temp\VMBuilds\Security\arduino_due_x_dbg\Release/core.a(Print.cpp.o)
                0x0008208a                Print::write(char const*)
 .text._ZN5Print5printERK6String
                0x000820a8       0x10 C:\Users\morav\AppData\Local\Temp\VMBuilds\Security\arduino_due_x_dbg\Release/core.a(Print.cpp.o)
                0x000820a8                Print::print(String const&)
 .text._ZN5Print5printEc
                0x000820b8        0xa C:\Users\morav\AppData\Local\Temp\VMBuilds\Security\arduino_due_x_dbg\Release/core.a(Print.cpp.o)
                0x000820b8                Print::print(char)
 *fill*         0x000820c2        0x2 
 .text._ZN5Print7printlnEv
                0x000820c4       0x10 C:\Users\morav\AppData\Local\Temp\VMBuilds\Security\arduino_due_x_dbg\Release/core.a(Print.cpp.o)
                0x000820c4                Print::println()
 .text._ZN5Print7printlnERK6String
                0x000820d4       0x14 C:\Users\morav\AppData\Local\Temp\VMBuilds\Security\arduino_due_x_dbg\Release/core.a(Print.cpp.o)
                0x000820d4                Print::println(String const&)
 .text._ZN5Print7printlnEPKc
                0x000820e8       0x14 C:\Users\morav\AppData\Local\Temp\VMBuilds\Security\arduino_due_x_dbg\Release/core.a(Print.cpp.o)
                0x000820e8                Print::println(char const*)
 .text._ZN5Print7printlnEc
                0x000820fc       0x14 C:\Users\morav\AppData\Local\Temp\VMBuilds\Security\arduino_due_x_dbg\Release/core.a(Print.cpp.o)
                0x000820fc                Print::println(char)
 .text.initiateReset
                0x00082110        0xc C:\Users\morav\AppData\Local\Temp\VMBuilds\Security\arduino_due_x_dbg\Release/core.a(Reset.cpp.o)
                0x00082110                initiateReset
 .text.cancelReset
                0x0008211c       0x10 C:\Users\morav\AppData\Local\Temp\VMBuilds\Security\arduino_due_x_dbg\Release/core.a(Reset.cpp.o)
                0x0008211c                cancelReset
 .text.tickReset
                0x0008212c       0x20 C:\Users\morav\AppData\Local\Temp\VMBuilds\Security\arduino_due_x_dbg\Release/core.a(Reset.cpp.o)
                0x0008212c                tickReset
 .text._ZN10RingBufferC2Ev
                0x0008214c       0x1a C:\Users\morav\AppData\Local\Temp\VMBuilds\Security\arduino_due_x_dbg\Release/core.a(RingBuffer.cpp.o)
                0x0008214c                RingBuffer::RingBuffer()
                0x0008214c                RingBuffer::RingBuffer()
 .text._ZN10RingBuffer10store_charEh
                0x00082166       0x1e C:\Users\morav\AppData\Local\Temp\VMBuilds\Security\arduino_due_x_dbg\Release/core.a(RingBuffer.cpp.o)
                0x00082166                RingBuffer::store_char(unsigned char)
 .text._ZN6Stream9timedReadEv
                0x00082184       0x2a C:\Users\morav\AppData\Local\Temp\VMBuilds\Security\arduino_due_x_dbg\Release/core.a(Stream.cpp.o)
                0x00082184                Stream::timedRead()
 *fill*         0x000821ae        0x2 
 .text._ZN6Stream10readStringEv
                0x000821b0       0x28 C:\Users\morav\AppData\Local\Temp\VMBuilds\Security\arduino_due_x_dbg\Release/core.a(Stream.cpp.o)
                0x000821b0                Stream::readString()
 .text._ZN9UARTClasscvbEv
                0x000821d8        0x4 C:\Users\morav\AppData\Local\Temp\VMBuilds\Security\arduino_due_x_dbg\Release/core.a(UARTClass.cpp.o)
                0x000821d8                UARTClass::operator bool()
 .text._ZN9UARTClass9availableEv
                0x000821dc       0x12 C:\Users\morav\AppData\Local\Temp\VMBuilds\Security\arduino_due_x_dbg\Release/core.a(UARTClass.cpp.o)
                0x000821dc                UARTClass::available()
 .text._ZN9UARTClass4peekEv
                0x000821ee       0x1c C:\Users\morav\AppData\Local\Temp\VMBuilds\Security\arduino_due_x_dbg\Release/core.a(UARTClass.cpp.o)
                0x000821ee                UARTClass::peek()
 .text._ZN9UARTClass4readEv
                0x0008220a       0x2a C:\Users\morav\AppData\Local\Temp\VMBuilds\Security\arduino_due_x_dbg\Release/core.a(UARTClass.cpp.o)
                0x0008220a                UARTClass::read()
 .text._ZN9UARTClass5flushEv
                0x00082234       0x18 C:\Users\morav\AppData\Local\Temp\VMBuilds\Security\arduino_due_x_dbg\Release/core.a(UARTClass.cpp.o)
                0x00082234                UARTClass::flush()
 .text._ZN9UARTClass5writeEh
                0x0008224c       0x54 C:\Users\morav\AppData\Local\Temp\VMBuilds\Security\arduino_due_x_dbg\Release/core.a(UARTClass.cpp.o)
                0x0008224c                UARTClass::write(unsigned char)
 .text._ZN9UARTClass3endEv
                0x000822a0       0x3c C:\Users\morav\AppData\Local\Temp\VMBuilds\Security\arduino_due_x_dbg\Release/core.a(UARTClass.cpp.o)
                0x000822a0                UARTClass::end()
 .text._ZN9UARTClassC2EP4Uart4IRQnmP10RingBufferS4_
                0x000822dc       0x24 C:\Users\morav\AppData\Local\Temp\VMBuilds\Security\arduino_due_x_dbg\Release/core.a(UARTClass.cpp.o)
                0x000822dc                UARTClass::UARTClass(Uart*, IRQn, unsigned long, RingBuffer*, RingBuffer*)
                0x000822dc                UARTClass::UARTClass(Uart*, IRQn, unsigned long, RingBuffer*, RingBuffer*)
 .text._ZN9UARTClass4initEmm
                0x00082300       0x70 C:\Users\morav\AppData\Local\Temp\VMBuilds\Security\arduino_due_x_dbg\Release/core.a(UARTClass.cpp.o)
                0x00082300                UARTClass::init(unsigned long, unsigned long)
 .text._ZN9UARTClass5beginEm
                0x00082370        0x8 C:\Users\morav\AppData\Local\Temp\VMBuilds\Security\arduino_due_x_dbg\Release/core.a(UARTClass.cpp.o)
                0x00082370                UARTClass::begin(unsigned long)
 .text._ZN9UARTClass10IrqHandlerEv
                0x00082378       0x5a C:\Users\morav\AppData\Local\Temp\VMBuilds\Security\arduino_due_x_dbg\Release/core.a(UARTClass.cpp.o)
                0x00082378                UARTClass::IrqHandler()
 .text._ZN10USARTClass5beginEm
                0x000823d2        0x8 C:\Users\morav\AppData\Local\Temp\VMBuilds\Security\arduino_due_x_dbg\Release/core.a(USARTClass.cpp.o)
                0x000823d2                USARTClass::begin(unsigned long)
 *fill*         0x000823da        0x2 
 .text._ZN10USARTClassC2EP5Usart4IRQnmP10RingBufferS4_
                0x000823dc       0x24 C:\Users\morav\AppData\Local\Temp\VMBuilds\Security\arduino_due_x_dbg\Release/core.a(USARTClass.cpp.o)
                0x000823dc                USARTClass::USARTClass(Usart*, IRQn, unsigned long, RingBuffer*, RingBuffer*)
                0x000823dc                USARTClass::USARTClass(Usart*, IRQn, unsigned long, RingBuffer*, RingBuffer*)
 .text._watchdogDefaultSetup
                0x00082400        0xc C:\Users\morav\AppData\Local\Temp\VMBuilds\Security\arduino_due_x_dbg\Release/core.a(watchdog.cpp.o)
                0x00082400                _watchdogDefaultSetup
                0x00082400                watchdogSetup()
 .text._ZNK6String14StringIfHelperEv
                0x0008240c        0x2 C:\Users\morav\AppData\Local\Temp\VMBuilds\Security\arduino_due_x_dbg\Release/core.a(WString.cpp.o)
                0x0008240c                String::StringIfHelper() const
 .text._ZN6StringD2Ev
                0x0008240e        0xe C:\Users\morav\AppData\Local\Temp\VMBuilds\Security\arduino_due_x_dbg\Release/core.a(WString.cpp.o)
                0x0008240e                String::~String()
                0x0008240e                String::~String()
 .text._ZN6String10invalidateEv
                0x0008241c       0x16 C:\Users\morav\AppData\Local\Temp\VMBuilds\Security\arduino_due_x_dbg\Release/core.a(WString.cpp.o)
                0x0008241c                String::invalidate()
 .text._ZN6String12changeBufferEj
                0x00082432       0x18 C:\Users\morav\AppData\Local\Temp\VMBuilds\Security\arduino_due_x_dbg\Release/core.a(WString.cpp.o)
                0x00082432                String::changeBuffer(unsigned int)
 .text._ZN6String7reserveEj
                0x0008244a       0x22 C:\Users\morav\AppData\Local\Temp\VMBuilds\Security\arduino_due_x_dbg\Release/core.a(WString.cpp.o)
                0x0008244a                String::reserve(unsigned int)
 .text._ZN6String4copyEPKcj
                0x0008246c       0x26 C:\Users\morav\AppData\Local\Temp\VMBuilds\Security\arduino_due_x_dbg\Release/core.a(WString.cpp.o)
                0x0008246c                String::copy(char const*, unsigned int)
 .text._ZN6StringC2EPKc
                0x00082492       0x24 C:\Users\morav\AppData\Local\Temp\VMBuilds\Security\arduino_due_x_dbg\Release/core.a(WString.cpp.o)
                0x00082492                String::String(char const*)
                0x00082492                String::String(char const*)
 *fill*         0x000824b6        0x2 
 .text._ZN6String4moveERS_
                0x000824b8       0x44 C:\Users\morav\AppData\Local\Temp\VMBuilds\Security\arduino_due_x_dbg\Release/core.a(WString.cpp.o)
                0x000824b8                String::move(String&)
 .text._ZN6StringaSERKS_
                0x000824fc       0x1e C:\Users\morav\AppData\Local\Temp\VMBuilds\Security\arduino_due_x_dbg\Release/core.a(WString.cpp.o)
                0x000824fc                String::operator=(String const&)
 .text._ZN6StringC2ERKS_
                0x0008251a       0x14 C:\Users\morav\AppData\Local\Temp\VMBuilds\Security\arduino_due_x_dbg\Release/core.a(WString.cpp.o)
                0x0008251a                String::String(String const&)
                0x0008251a                String::String(String const&)
 .text._ZN6StringaSEOS_
                0x0008252e       0x10 C:\Users\morav\AppData\Local\Temp\VMBuilds\Security\arduino_due_x_dbg\Release/core.a(WString.cpp.o)
                0x0008252e                String::operator=(String&&)
 .text._ZN6StringaSEPKc
                0x0008253e       0x22 C:\Users\morav\AppData\Local\Temp\VMBuilds\Security\arduino_due_x_dbg\Release/core.a(WString.cpp.o)
                0x0008253e                String::operator=(char const*)
 .text._ZN6StringC2Ec
                0x00082560       0x20 C:\Users\morav\AppData\Local\Temp\VMBuilds\Security\arduino_due_x_dbg\Release/core.a(WString.cpp.o)
                0x00082560                String::String(char)
                0x00082560                String::String(char)
 .text._ZN6StringC2Ehh
                0x00082580       0x22 C:\Users\morav\AppData\Local\Temp\VMBuilds\Security\arduino_due_x_dbg\Release/core.a(WString.cpp.o)
                0x00082580                String::String(unsigned char, unsigned char)
                0x00082580                String::String(unsigned char, unsigned char)
 .text._ZN6StringC2Eih
                0x000825a2       0x24 C:\Users\morav\AppData\Local\Temp\VMBuilds\Security\arduino_due_x_dbg\Release/core.a(WString.cpp.o)
                0x000825a2                String::String(int, unsigned char)
                0x000825a2                String::String(int, unsigned char)
 .text._ZN6String6concatEPKcj
                0x000825c6       0x2e C:\Users\morav\AppData\Local\Temp\VMBuilds\Security\arduino_due_x_dbg\Release/core.a(WString.cpp.o)
                0x000825c6                String::concat(char const*, unsigned int)
 .text._ZN6String6concatERKS_
                0x000825f4        0xa C:\Users\morav\AppData\Local\Temp\VMBuilds\Security\arduino_due_x_dbg\Release/core.a(WString.cpp.o)
                0x000825f4                String::concat(String const&)
 .text._ZN6String6concatEc
                0x000825fe       0x1a C:\Users\morav\AppData\Local\Temp\VMBuilds\Security\arduino_due_x_dbg\Release/core.a(WString.cpp.o)
                0x000825fe                String::concat(char)
 .text._ZplRK15StringSumHelperRK6String
                0x00082618       0x1a C:\Users\morav\AppData\Local\Temp\VMBuilds\Security\arduino_due_x_dbg\Release/core.a(WString.cpp.o)
                0x00082618                operator+(StringSumHelper const&, String const&)
 .text._ZplRK15StringSumHelperPKc
                0x00082632       0x24 C:\Users\morav\AppData\Local\Temp\VMBuilds\Security\arduino_due_x_dbg\Release/core.a(WString.cpp.o)
                0x00082632                operator+(StringSumHelper const&, char const*)
 .text._ZplRK15StringSumHelperc
                0x00082656       0x14 C:\Users\morav\AppData\Local\Temp\VMBuilds\Security\arduino_due_x_dbg\Release/core.a(WString.cpp.o)
                0x00082656                operator+(StringSumHelper const&, char)
 .text._ZNK6String9compareToERKS_
                0x0008266a       0x2c C:\Users\morav\AppData\Local\Temp\VMBuilds\Security\arduino_due_x_dbg\Release/core.a(WString.cpp.o)
                0x0008266a                String::compareTo(String const&) const
 .text._ZNK6String6equalsERKS_
                0x00082696       0x1c C:\Users\morav\AppData\Local\Temp\VMBuilds\Security\arduino_due_x_dbg\Release/core.a(WString.cpp.o)
                0x00082696                String::equals(String const&) const
 .text._ZNK6String16equalsIgnoreCaseERKS_
                0x000826b2       0x38 C:\Users\morav\AppData\Local\Temp\VMBuilds\Security\arduino_due_x_dbg\Release/core.a(WString.cpp.o)
                0x000826b2                String::equalsIgnoreCase(String const&) const
 .text._ZNK6String10startsWithERKS_j
                0x000826ea       0x2e C:\Users\morav\AppData\Local\Temp\VMBuilds\Security\arduino_due_x_dbg\Release/core.a(WString.cpp.o)
                0x000826ea                String::startsWith(String const&, unsigned int) const
 .text._ZNK6String10startsWithERKS_
                0x00082718       0x12 C:\Users\morav\AppData\Local\Temp\VMBuilds\Security\arduino_due_x_dbg\Release/core.a(WString.cpp.o)
                0x00082718                String::startsWith(String const&) const
 .text._ZNK6String8endsWithERKS_
                0x0008272a       0x2c C:\Users\morav\AppData\Local\Temp\VMBuilds\Security\arduino_due_x_dbg\Release/core.a(WString.cpp.o)
                0x0008272a                String::endsWith(String const&) const
 .text._ZNK6StringixEj
                0x00082756       0x12 C:\Users\morav\AppData\Local\Temp\VMBuilds\Security\arduino_due_x_dbg\Release/core.a(WString.cpp.o)
                0x00082756                String::operator[](unsigned int) const
 .text._ZNK6String6charAtEj
                0x00082768        0x4 C:\Users\morav\AppData\Local\Temp\VMBuilds\Security\arduino_due_x_dbg\Release/core.a(WString.cpp.o)
                0x00082768                String::charAt(unsigned int) const
 .text._ZNK6String7indexOfEcj
                0x0008276c       0x1c C:\Users\morav\AppData\Local\Temp\VMBuilds\Security\arduino_due_x_dbg\Release/core.a(WString.cpp.o)
                0x0008276c                String::indexOf(char, unsigned int) const
 .text._ZNK6String7indexOfEc
                0x00082788        0x6 C:\Users\morav\AppData\Local\Temp\VMBuilds\Security\arduino_due_x_dbg\Release/core.a(WString.cpp.o)
                0x00082788                String::indexOf(char) const
 .text._ZNK6String7indexOfERKS_j
                0x0008278e       0x1e C:\Users\morav\AppData\Local\Temp\VMBuilds\Security\arduino_due_x_dbg\Release/core.a(WString.cpp.o)
                0x0008278e                String::indexOf(String const&, unsigned int) const
 .text._ZNK6String7indexOfERKS_
                0x000827ac        0x6 C:\Users\morav\AppData\Local\Temp\VMBuilds\Security\arduino_due_x_dbg\Release/core.a(WString.cpp.o)
                0x000827ac                String::indexOf(String const&) const
 *fill*         0x000827b2        0x2 
 .text._ZNK6String9substringEjj
                0x000827b4       0x4c C:\Users\morav\AppData\Local\Temp\VMBuilds\Security\arduino_due_x_dbg\Release/core.a(WString.cpp.o)
                0x000827b4                String::substring(unsigned int, unsigned int) const
 .text._ZN6String4trimEv
                0x00082800       0x54 C:\Users\morav\AppData\Local\Temp\VMBuilds\Security\arduino_due_x_dbg\Release/core.a(WString.cpp.o)
                0x00082800                String::trim()
 .text._ZNK6String5toIntEv
                0x00082854        0xa C:\Users\morav\AppData\Local\Temp\VMBuilds\Security\arduino_due_x_dbg\Release/core.a(WString.cpp.o)
                0x00082854                String::toInt() const
 *fill*         0x0008285e        0x2 
 .text.unlikely._ZL11USB_SendZlpv
                0x00082860       0x20 C:\Users\morav\AppData\Local\Temp\VMBuilds\Security\arduino_due_x_dbg\Release/core.a(USBCore.cpp.o)
 .text._Z14USBD_Availablem
                0x00082880       0x2c C:\Users\morav\AppData\Local\Temp\VMBuilds\Security\arduino_due_x_dbg\Release/core.a(USBCore.cpp.o)
                0x00082880                USBD_Available(unsigned long)
 .text._Z9USBD_RecvmPvm
                0x000828ac       0x7c C:\Users\morav\AppData\Local\Temp\VMBuilds\Security\arduino_due_x_dbg\Release/core.a(USBCore.cpp.o)
                0x000828ac                USBD_Recv(unsigned long, void*, unsigned long)
 .text._Z9USBD_Recvm
                0x00082928       0x22 C:\Users\morav\AppData\Local\Temp\VMBuilds\Security\arduino_due_x_dbg\Release/core.a(USBCore.cpp.o)
                0x00082928                USBD_Recv(unsigned long)
 *fill*         0x0008294a        0x2 
 .text._Z9USBD_SendmPKvm
                0x0008294c       0x4c C:\Users\morav\AppData\Local\Temp\VMBuilds\Security\arduino_due_x_dbg\Release/core.a(USBCore.cpp.o)
                0x0008294c                USBD_Send(unsigned long, void const*, unsigned long)
 .text._Z16USBD_SendControlhPKvm
                0x00082998       0x40 C:\Users\morav\AppData\Local\Temp\VMBuilds\Security\arduino_due_x_dbg\Release/core.a(USBCore.cpp.o)
                0x00082998                USBD_SendControl(unsigned char, void const*, unsigned long)
 .text.unlikely._ZL24USB_SendStringDescriptorPKhi
                0x000829d8       0x64 C:\Users\morav\AppData\Local\Temp\VMBuilds\Security\arduino_due_x_dbg\Release/core.a(USBCore.cpp.o)
 .text._Z16USBD_RecvControlPvm
                0x00082a3c       0x1c C:\Users\morav\AppData\Local\Temp\VMBuilds\Security\arduino_due_x_dbg\Release/core.a(USBCore.cpp.o)
                0x00082a3c                USBD_RecvControl(void*, unsigned long)
 .text._Z26USBD_ClassInterfaceRequestR8USBSetup
                0x00082a58       0x1e C:\Users\morav\AppData\Local\Temp\VMBuilds\Security\arduino_due_x_dbg\Release/core.a(USBCore.cpp.o)
                0x00082a58                USBD_ClassInterfaceRequest(USBSetup&)
 .text._Z19USBD_SendInterfacesv
                0x00082a76       0x22 C:\Users\morav\AppData\Local\Temp\VMBuilds\Security\arduino_due_x_dbg\Release/core.a(USBCore.cpp.o)
                0x00082a76                USBD_SendInterfaces()
 .text._Z24USBD_SendOtherInterfacesv
                0x00082a98       0x22 C:\Users\morav\AppData\Local\Temp\VMBuilds\Security\arduino_due_x_dbg\Release/core.a(USBCore.cpp.o)
                0x00082a98                USBD_SendOtherInterfaces()
 .text._Z10USBD_Flushm
                0x00082aba       0x16 C:\Users\morav\AppData\Local\Temp\VMBuilds\Security\arduino_due_x_dbg\Release/core.a(USBCore.cpp.o)
                0x00082aba                USBD_Flush(unsigned long)
 .text._ZN10USBDevice_C2Ev
                0x00082ad0       0x24 C:\Users\morav\AppData\Local\Temp\VMBuilds\Security\arduino_due_x_dbg\Release/core.a(USBCore.cpp.o)
                0x00082ad0                USBDevice_::USBDevice_()
                0x00082ad0                USBDevice_::USBDevice_()
 .text._ZN10USBDevice_6attachEv
                0x00082af4       0x20 C:\Users\morav\AppData\Local\Temp\VMBuilds\Security\arduino_due_x_dbg\Release/core.a(USBCore.cpp.o)
                0x00082af4                USBDevice_::attach()
 .text.startup._GLOBAL__sub_I_EndPoints
                0x00082b14        0xc C:\Users\morav\AppData\Local\Temp\VMBuilds\Security\arduino_due_x_dbg\Release/core.a(USBCore.cpp.o)
 .text._ZL7USB_ISRv
                0x00082b20      0x454 C:\Users\morav\AppData\Local\Temp\VMBuilds\Security\arduino_due_x_dbg\Release/core.a(USBCore.cpp.o)
 .text.ltoa     0x00082f74       0x6e C:\Users\morav\AppData\Local\Temp\VMBuilds\Security\arduino_due_x_dbg\Release/core.a(itoa.c.o)
                0x00082f74                ltoa
 .text.itoa     0x00082fe2        0x4 C:\Users\morav\AppData\Local\Temp\VMBuilds\Security\arduino_due_x_dbg\Release/core.a(itoa.c.o)
                0x00082fe2                itoa
 .text.ultoa    0x00082fe6       0x52 C:\Users\morav\AppData\Local\Temp\VMBuilds\Security\arduino_due_x_dbg\Release/core.a(itoa.c.o)
                0x00082fe6                ultoa
 .text.utoa     0x00083038        0x4 C:\Users\morav\AppData\Local\Temp\VMBuilds\Security\arduino_due_x_dbg\Release/core.a(itoa.c.o)
                0x00083038                utoa
 .text._ZN7Serial_9availableEv
                0x0008303c       0x18 C:\Users\morav\AppData\Local\Temp\VMBuilds\Security\arduino_due_x_dbg\Release/core.a(CDC.cpp.o)
                0x0008303c                Serial_::available()
 .text._ZN7Serial_17availableForWriteEv
                0x00083054        0x6 C:\Users\morav\AppData\Local\Temp\VMBuilds\Security\arduino_due_x_dbg\Release/core.a(CDC.cpp.o)
                0x00083054                Serial_::availableForWrite()
 *fill*         0x0008305a        0x2 
 .text._ZN7Serial_4peekEv
                0x0008305c       0x20 C:\Users\morav\AppData\Local\Temp\VMBuilds\Security\arduino_due_x_dbg\Release/core.a(CDC.cpp.o)
                0x0008305c                Serial_::peek()
 .text._ZN7Serial_5writeEh
                0x0008307c       0x16 C:\Users\morav\AppData\Local\Temp\VMBuilds\Security\arduino_due_x_dbg\Release/core.a(CDC.cpp.o)
                0x0008307c                Serial_::write(unsigned char)
 *fill*         0x00083092        0x2 
 .text._ZN7Serial_4readEv
                0x00083094       0x44 C:\Users\morav\AppData\Local\Temp\VMBuilds\Security\arduino_due_x_dbg\Release/core.a(CDC.cpp.o)
                0x00083094                Serial_::read()
 .text._ZN7Serial_5flushEv
                0x000830d8        0x6 C:\Users\morav\AppData\Local\Temp\VMBuilds\Security\arduino_due_x_dbg\Release/core.a(CDC.cpp.o)
                0x000830d8                Serial_::flush()
 *fill*         0x000830de        0x2 
 .text._ZN7Serial_6acceptEv
                0x000830e0       0x70 C:\Users\morav\AppData\Local\Temp\VMBuilds\Security\arduino_due_x_dbg\Release/core.a(CDC.cpp.o)
                0x000830e0                Serial_::accept()
 .text._ZN7Serial_5writeEPKhj
                0x00083150       0x2c C:\Users\morav\AppData\Local\Temp\VMBuilds\Security\arduino_due_x_dbg\Release/core.a(CDC.cpp.o)
                0x00083150                Serial_::write(unsigned char const*, unsigned int)
 .text._Z16CDC_GetInterfacePh
                0x0008317c       0x14 C:\Users\morav\AppData\Local\Temp\VMBuilds\Security\arduino_due_x_dbg\Release/core.a(CDC.cpp.o)
                0x0008317c                CDC_GetInterface(unsigned char*)
 .text._Z21CDC_GetOtherInterfacePh
                0x00083190       0x14 C:\Users\morav\AppData\Local\Temp\VMBuilds\Security\arduino_due_x_dbg\Release/core.a(CDC.cpp.o)
                0x00083190                CDC_GetOtherInterface(unsigned char*)
 .text._Z9CDC_SetupR8USBSetup
                0x000831a4       0x78 C:\Users\morav\AppData\Local\Temp\VMBuilds\Security\arduino_due_x_dbg\Release/core.a(CDC.cpp.o)
                0x000831a4                CDC_Setup(USBSetup&)
 .text.startup._GLOBAL__sub_I_cdc_rx_buffer
                0x0008321c       0x1c C:\Users\morav\AppData\Local\Temp\VMBuilds\Security\arduino_due_x_dbg\Release/core.a(CDC.cpp.o)
 .text._ZN13PluggableUSB_12getInterfaceEPh
                0x00083238       0x28 C:\Users\morav\AppData\Local\Temp\VMBuilds\Security\arduino_due_x_dbg\Release/core.a(PluggableUSB.cpp.o)
                0x00083238                PluggableUSB_::getInterface(unsigned char*)
 .text._ZN13PluggableUSB_13getDescriptorER8USBSetup
                0x00083260       0x1c C:\Users\morav\AppData\Local\Temp\VMBuilds\Security\arduino_due_x_dbg\Release/core.a(PluggableUSB.cpp.o)
                0x00083260                PluggableUSB_::getDescriptor(USBSetup&)
 .text._ZN13PluggableUSB_12getShortNameEPc
                0x0008327c       0x1c C:\Users\morav\AppData\Local\Temp\VMBuilds\Security\arduino_due_x_dbg\Release/core.a(PluggableUSB.cpp.o)
                0x0008327c                PluggableUSB_::getShortName(char*)
 .text._ZN13PluggableUSB_5setupER8USBSetup
                0x00083298       0x20 C:\Users\morav\AppData\Local\Temp\VMBuilds\Security\arduino_due_x_dbg\Release/core.a(PluggableUSB.cpp.o)
                0x00083298                PluggableUSB_::setup(USBSetup&)
 .text._Z12PluggableUSBv
                0x000832b8       0x28 C:\Users\morav\AppData\Local\Temp\VMBuilds\Security\arduino_due_x_dbg\Release/core.a(PluggableUSB.cpp.o)
                0x000832b8                PluggableUSB()
 .text.TimeTick_Increment
                0x000832e0       0x10 C:\Users\morav\AppData\Local\arduino15\packages\arduino\hardware\sam\1.6.11\variants\arduino_due_x/libsam_sam3x8e_gcc_rel.a(timetick.o)
                0x000832e0                TimeTick_Increment
 .text.GetTickCount
                0x000832f0        0xc C:\Users\morav\AppData\Local\arduino15\packages\arduino\hardware\sam\1.6.11\variants\arduino_due_x/libsam_sam3x8e_gcc_rel.a(timetick.o)
                0x000832f0                GetTickCount
 .text.WDT_Disable
                0x000832fc        0x8 C:\Users\morav\AppData\Local\arduino15\packages\arduino\hardware\sam\1.6.11\variants\arduino_due_x/libsam_sam3x8e_gcc_rel.a(wdt.o)
                0x000832fc                WDT_Disable
 .text.UDD_SetStack
                0x00083304        0xc C:\Users\morav\AppData\Local\arduino15\packages\arduino\hardware\sam\1.6.11\variants\arduino_due_x/libsam_sam3x8e_gcc_rel.a(uotghs_device.o)
                0x00083304                UDD_SetStack
 .text.UDD_Init
                0x00083310       0xd0 C:\Users\morav\AppData\Local\arduino15\packages\arduino\hardware\sam\1.6.11\variants\arduino_due_x/libsam_sam3x8e_gcc_rel.a(uotghs_device.o)
                0x00083310                UDD_Init
 .text.UDD_Attach
                0x000833e0       0x50 C:\Users\morav\AppData\Local\arduino15\packages\arduino\hardware\sam\1.6.11\variants\arduino_due_x/libsam_sam3x8e_gcc_rel.a(uotghs_device.o)
                0x000833e0                UDD_Attach
 .text.UDD_InitEP
                0x00083430       0x2c C:\Users\morav\AppData\Local\arduino15\packages\arduino\hardware\sam\1.6.11\variants\arduino_due_x/libsam_sam3x8e_gcc_rel.a(uotghs_device.o)
                0x00083430                UDD_InitEP
 .text.UDD_InitEndpoints
                0x0008345c       0x3c C:\Users\morav\AppData\Local\arduino15\packages\arduino\hardware\sam\1.6.11\variants\arduino_due_x/libsam_sam3x8e_gcc_rel.a(uotghs_device.o)
                0x0008345c                UDD_InitEndpoints
 .text.UDD_WaitIN
                0x00083498       0x10 C:\Users\morav\AppData\Local\arduino15\packages\arduino\hardware\sam\1.6.11\variants\arduino_due_x/libsam_sam3x8e_gcc_rel.a(uotghs_device.o)
                0x00083498                UDD_WaitIN
 .text.UDD_WaitOUT
                0x000834a8       0x10 C:\Users\morav\AppData\Local\arduino15\packages\arduino\hardware\sam\1.6.11\variants\arduino_due_x/libsam_sam3x8e_gcc_rel.a(uotghs_device.o)
                0x000834a8                UDD_WaitOUT
 .text.UDD_ClearIN
                0x000834b8       0x18 C:\Users\morav\AppData\Local\arduino15\packages\arduino\hardware\sam\1.6.11\variants\arduino_due_x/libsam_sam3x8e_gcc_rel.a(uotghs_device.o)
                0x000834b8                UDD_ClearIN
 .text.UDD_ClearOUT
                0x000834d0       0x18 C:\Users\morav\AppData\Local\arduino15\packages\arduino\hardware\sam\1.6.11\variants\arduino_due_x/libsam_sam3x8e_gcc_rel.a(uotghs_device.o)
                0x000834d0                UDD_ClearOUT
 .text.UDD_ReceivedSetupInt
                0x000834e8       0x10 C:\Users\morav\AppData\Local\arduino15\packages\arduino\hardware\sam\1.6.11\variants\arduino_due_x/libsam_sam3x8e_gcc_rel.a(uotghs_device.o)
                0x000834e8                UDD_ReceivedSetupInt
 .text.UDD_ClearSetupInt
                0x000834f8       0x10 C:\Users\morav\AppData\Local\arduino15\packages\arduino\hardware\sam\1.6.11\variants\arduino_due_x/libsam_sam3x8e_gcc_rel.a(uotghs_device.o)
                0x000834f8                UDD_ClearSetupInt
 .text.UDD_Send
                0x00083508       0x88 C:\Users\morav\AppData\Local\arduino15\packages\arduino\hardware\sam\1.6.11\variants\arduino_due_x/libsam_sam3x8e_gcc_rel.a(uotghs_device.o)
                0x00083508                UDD_Send
 .text.UDD_Send8
                0x00083590       0x24 C:\Users\morav\AppData\Local\arduino15\packages\arduino\hardware\sam\1.6.11\variants\arduino_due_x/libsam_sam3x8e_gcc_rel.a(uotghs_device.o)
                0x00083590                UDD_Send8
 .text.UDD_Recv8
                0x000835b4       0x28 C:\Users\morav\AppData\Local\arduino15\packages\arduino\hardware\sam\1.6.11\variants\arduino_due_x/libsam_sam3x8e_gcc_rel.a(uotghs_device.o)
                0x000835b4                UDD_Recv8
 .text.UDD_Recv
                0x000835dc       0x34 C:\Users\morav\AppData\Local\arduino15\packages\arduino\hardware\sam\1.6.11\variants\arduino_due_x/libsam_sam3x8e_gcc_rel.a(uotghs_device.o)
                0x000835dc                UDD_Recv
 .text.UDD_Stall
                0x00083610       0x14 C:\Users\morav\AppData\Local\arduino15\packages\arduino\hardware\sam\1.6.11\variants\arduino_due_x/libsam_sam3x8e_gcc_rel.a(uotghs_device.o)
                0x00083610                UDD_Stall
 .text.UDD_FifoByteCount
                0x00083624       0x14 C:\Users\morav\AppData\Local\arduino15\packages\arduino\hardware\sam\1.6.11\variants\arduino_due_x/libsam_sam3x8e_gcc_rel.a(uotghs_device.o)
                0x00083624                UDD_FifoByteCount
 .text.UDD_ReleaseRX
                0x00083638       0x28 C:\Users\morav\AppData\Local\arduino15\packages\arduino\hardware\sam\1.6.11\variants\arduino_due_x/libsam_sam3x8e_gcc_rel.a(uotghs_device.o)
                0x00083638                UDD_ReleaseRX
 .text.UDD_ReleaseTX
                0x00083660       0x28 C:\Users\morav\AppData\Local\arduino15\packages\arduino\hardware\sam\1.6.11\variants\arduino_due_x/libsam_sam3x8e_gcc_rel.a(uotghs_device.o)
                0x00083660                UDD_ReleaseTX
 .text.UDD_SetAddress
                0x00083688       0x20 C:\Users\morav\AppData\Local\arduino15\packages\arduino\hardware\sam\1.6.11\variants\arduino_due_x/libsam_sam3x8e_gcc_rel.a(uotghs_device.o)
                0x00083688                UDD_SetAddress
 .text.__aeabi_atexit
                0x000836a8        0xc c:/users/morav/appdata/local/arduino15/packages/arduino/tools/arm-none-eabi-gcc/4.8.3-2014q1/bin/../lib/gcc/arm-none-eabi/4.8.3/../../../../arm-none-eabi/lib/armv7-m\libg.a(lib_a-aeabi_atexit.o)
                0x000836a8                __aeabi_atexit
 .text.atol     0x000836b4        0x8 c:/users/morav/appdata/local/arduino15/packages/arduino/tools/arm-none-eabi-gcc/4.8.3-2014q1/bin/../lib/gcc/arm-none-eabi/4.8.3/../../../../arm-none-eabi/lib/armv7-m\libg.a(lib_a-atol.o)
                0x000836b4                atol
 .text.__cxa_atexit
                0x000836bc       0x14 c:/users/morav/appdata/local/arduino15/packages/arduino/tools/arm-none-eabi-gcc/4.8.3-2014q1/bin/../lib/gcc/arm-none-eabi/4.8.3/../../../../arm-none-eabi/lib/armv7-m\libg.a(lib_a-cxa_atexit.o)
                0x000836bc                __cxa_atexit
 .text.__libc_init_array
                0x000836d0       0x50 c:/users/morav/appdata/local/arduino15/packages/arduino/tools/arm-none-eabi-gcc/4.8.3-2014q1/bin/../lib/gcc/arm-none-eabi/4.8.3/../../../../arm-none-eabi/lib/armv7-m\libg.a(lib_a-init.o)
                0x000836d0                __libc_init_array
 .text.iprintf  0x00083720       0x28 c:/users/morav/appdata/local/arduino15/packages/arduino/tools/arm-none-eabi-gcc/4.8.3-2014q1/bin/../lib/gcc/arm-none-eabi/4.8.3/../../../../arm-none-eabi/lib/armv7-m\libg.a(lib_a-iprintf.o)
                0x00083720                iprintf
 .text.isspace  0x00083748       0x14 c:/users/morav/appdata/local/arduino15/packages/arduino/tools/arm-none-eabi-gcc/4.8.3-2014q1/bin/../lib/gcc/arm-none-eabi/4.8.3/../../../../arm-none-eabi/lib/armv7-m\libg.a(lib_a-isspace.o)
                0x00083748                isspace
 .text.malloc   0x0008375c       0x10 c:/users/morav/appdata/local/arduino15/packages/arduino/tools/arm-none-eabi-gcc/4.8.3-2014q1/bin/../lib/gcc/arm-none-eabi/4.8.3/../../../../arm-none-eabi/lib/armv7-m\libg.a(lib_a-malloc.o)
                0x0008375c                malloc
 .text.free     0x0008376c       0x10 c:/users/morav/appdata/local/arduino15/packages/arduino/tools/arm-none-eabi-gcc/4.8.3-2014q1/bin/../lib/gcc/arm-none-eabi/4.8.3/../../../../arm-none-eabi/lib/armv7-m\libg.a(lib_a-malloc.o)
                0x0008376c                free
 .text._malloc_r
                0x0008377c      0x538 c:/users/morav/appdata/local/arduino15/packages/arduino/tools/arm-none-eabi-gcc/4.8.3-2014q1/bin/../lib/gcc/arm-none-eabi/4.8.3/../../../../arm-none-eabi/lib/armv7-m\libg.a(lib_a-mallocr.o)
                0x0008377c                _malloc_r
 .text          0x00083cb4       0xec c:/users/morav/appdata/local/arduino15/packages/arduino/tools/arm-none-eabi-gcc/4.8.3-2014q1/bin/../lib/gcc/arm-none-eabi/4.8.3/../../../../arm-none-eabi/lib/armv7-m\libg.a(lib_a-memcpy.o)
                0x00083cb4                memcpy
 .text.memmove  0x00083da0       0xcc c:/users/morav/appdata/local/arduino15/packages/arduino/tools/arm-none-eabi-gcc/4.8.3-2014q1/bin/../lib/gcc/arm-none-eabi/4.8.3/../../../../arm-none-eabi/lib/armv7-m\libg.a(lib_a-memmove.o)
                0x00083da0                memmove
 .text.memset   0x00083e6c       0x94 c:/users/morav/appdata/local/arduino15/packages/arduino/tools/arm-none-eabi-gcc/4.8.3-2014q1/bin/../lib/gcc/arm-none-eabi/4.8.3/../../../../arm-none-eabi/lib/armv7-m\libg.a(lib_a-memset.o)
                0x00083e6c                memset
 .text.__malloc_lock
                0x00083f00        0x4 c:/users/morav/appdata/local/arduino15/packages/arduino/tools/arm-none-eabi-gcc/4.8.3-2014q1/bin/../lib/gcc/arm-none-eabi/4.8.3/../../../../arm-none-eabi/lib/armv7-m\libg.a(lib_a-mlock.o)
                0x00083f00                __malloc_lock
 .text.__malloc_unlock
                0x00083f04        0x4 c:/users/morav/appdata/local/arduino15/packages/arduino/tools/arm-none-eabi-gcc/4.8.3-2014q1/bin/../lib/gcc/arm-none-eabi/4.8.3/../../../../arm-none-eabi/lib/armv7-m\libg.a(lib_a-mlock.o)
                0x00083f04                __malloc_unlock
 .text.realloc  0x00083f08       0x10 c:/users/morav/appdata/local/arduino15/packages/arduino/tools/arm-none-eabi-gcc/4.8.3-2014q1/bin/../lib/gcc/arm-none-eabi/4.8.3/../../../../arm-none-eabi/lib/armv7-m\libg.a(lib_a-realloc.o)
                0x00083f08                realloc
 .text._realloc_r
                0x00083f18      0x3c0 c:/users/morav/appdata/local/arduino15/packages/arduino/tools/arm-none-eabi-gcc/4.8.3-2014q1/bin/../lib/gcc/arm-none-eabi/4.8.3/../../../../arm-none-eabi/lib/armv7-m\libg.a(lib_a-reallocr.o)
                0x00083f18                _realloc_r
 .text._sbrk_r  0x000842d8       0x24 c:/users/morav/appdata/local/arduino15/packages/arduino/tools/arm-none-eabi-gcc/4.8.3-2014q1/bin/../lib/gcc/arm-none-eabi/4.8.3/../../../../arm-none-eabi/lib/armv7-m\libg.a(lib_a-sbrkr.o)
                0x000842d8                _sbrk_r
 .text.strchr   0x000842fc       0xf4 c:/users/morav/appdata/local/arduino15/packages/arduino/tools/arm-none-eabi-gcc/4.8.3-2014q1/bin/../lib/gcc/arm-none-eabi/4.8.3/../../../../arm-none-eabi/lib/armv7-m\libg.a(lib_a-strchr.o)
                0x000842fc                strchr
 .text          0x000843f0      0x23c c:/users/morav/appdata/local/arduino15/packages/arduino/tools/arm-none-eabi-gcc/4.8.3-2014q1/bin/../lib/gcc/arm-none-eabi/4.8.3/../../../../arm-none-eabi/lib/armv7-m\libg.a(lib_a-strcmp.o)
                0x000843f0                strcmp
 .text.strcpy   0x0008462c       0xbc c:/users/morav/appdata/local/arduino15/packages/arduino/tools/arm-none-eabi-gcc/4.8.3-2014q1/bin/../lib/gcc/arm-none-eabi/4.8.3/../../../../arm-none-eabi/lib/armv7-m\libg.a(lib_a-strcpy.o)
                0x0008462c                strcpy
 .text.strlen   0x000846e8       0x60 c:/users/morav/appdata/local/arduino15/packages/arduino/tools/arm-none-eabi-gcc/4.8.3-2014q1/bin/../lib/gcc/arm-none-eabi/4.8.3/../../../../arm-none-eabi/lib/armv7-m\libg.a(lib_a-strlen.o)
                0x000846e8                strlen
 .text.strncmp  0x00084748       0xb4 c:/users/morav/appdata/local/arduino15/packages/arduino/tools/arm-none-eabi-gcc/4.8.3-2014q1/bin/../lib/gcc/arm-none-eabi/4.8.3/../../../../arm-none-eabi/lib/armv7-m\libg.a(lib_a-strncmp.o)
                0x00084748                strncmp
 .text.critical_factorization
                0x000847fc       0xbc c:/users/morav/appdata/local/arduino15/packages/arduino/tools/arm-none-eabi-gcc/4.8.3-2014q1/bin/../lib/gcc/arm-none-eabi/4.8.3/../../../../arm-none-eabi/lib/armv7-m\libg.a(lib_a-strstr.o)
 .text.two_way_long_needle
                0x000848b8      0x1ec c:/users/morav/appdata/local/arduino15/packages/arduino/tools/arm-none-eabi-gcc/4.8.3-2014q1/bin/../lib/gcc/arm-none-eabi/4.8.3/../../../../arm-none-eabi/lib/armv7-m\libg.a(lib_a-strstr.o)
 .text.strstr   0x00084aa4      0x200 c:/users/morav/appdata/local/arduino15/packages/arduino/tools/arm-none-eabi-gcc/4.8.3-2014q1/bin/../lib/gcc/arm-none-eabi/4.8.3/../../../../arm-none-eabi/lib/armv7-m\libg.a(lib_a-strstr.o)
                0x00084aa4                strstr
 .text._strtol_r
                0x00084ca4      0x114 c:/users/morav/appdata/local/arduino15/packages/arduino/tools/arm-none-eabi-gcc/4.8.3-2014q1/bin/../lib/gcc/arm-none-eabi/4.8.3/../../../../arm-none-eabi/lib/armv7-m\libg.a(lib_a-strtol.o)
                0x00084ca4                _strtol_r
 .text.strtol   0x00084db8       0x18 c:/users/morav/appdata/local/arduino15/packages/arduino/tools/arm-none-eabi-gcc/4.8.3-2014q1/bin/../lib/gcc/arm-none-eabi/4.8.3/../../../../arm-none-eabi/lib/armv7-m\libg.a(lib_a-strtol.o)
                0x00084db8                strtol
 .text.kill     0x00084dd0       0x10 c:/users/morav/appdata/local/arduino15/packages/arduino/tools/arm-none-eabi-gcc/4.8.3-2014q1/bin/../lib/gcc/arm-none-eabi/4.8.3/../../../../arm-none-eabi/lib/armv7-m\libg.a(lib_a-syskill.o)
                0x00084dd0                kill
 .text.tolower  0x00084de0       0x18 c:/users/morav/appdata/local/arduino15/packages/arduino/tools/arm-none-eabi-gcc/4.8.3-2014q1/bin/../lib/gcc/arm-none-eabi/4.8.3/../../../../arm-none-eabi/lib/armv7-m\libg.a(lib_a-tolower.o)
                0x00084de0                tolower
 .text.__sprint_r.part.0
                0x00084df8       0x78 c:/users/morav/appdata/local/arduino15/packages/arduino/tools/arm-none-eabi-gcc/4.8.3-2014q1/bin/../lib/gcc/arm-none-eabi/4.8.3/../../../../arm-none-eabi/lib/armv7-m\libg.a(lib_a-vfiprintf.o)
 .text._vfiprintf_r
                0x00084e70      0xc54 c:/users/morav/appdata/local/arduino15/packages/arduino/tools/arm-none-eabi-gcc/4.8.3-2014q1/bin/../lib/gcc/arm-none-eabi/4.8.3/../../../../arm-none-eabi/lib/armv7-m\libg.a(lib_a-vfiprintf.o)
                0x00084e70                _vfiprintf_r
 .text.__sbprintf
                0x00085ac4       0x7c c:/users/morav/appdata/local/arduino15/packages/arduino/tools/arm-none-eabi-gcc/4.8.3-2014q1/bin/../lib/gcc/arm-none-eabi/4.8.3/../../../../arm-none-eabi/lib/armv7-m\libg.a(lib_a-vfiprintf.o)
 .text.__swsetup_r
                0x00085b40       0xc4 c:/users/morav/appdata/local/arduino15/packages/arduino/tools/arm-none-eabi-gcc/4.8.3-2014q1/bin/../lib/gcc/arm-none-eabi/4.8.3/../../../../arm-none-eabi/lib/armv7-m\libg.a(lib_a-wsetup.o)
                0x00085b40                __swsetup_r
 .text.__register_exitproc
                0x00085c04       0xa8 c:/users/morav/appdata/local/arduino15/packages/arduino/tools/arm-none-eabi-gcc/4.8.3-2014q1/bin/../lib/gcc/arm-none-eabi/4.8.3/../../../../arm-none-eabi/lib/armv7-m\libg.a(lib_a-__atexit.o)
                0x00085c04                __register_exitproc
 .text.startup.register_fini
                0x00085cac       0x14 c:/users/morav/appdata/local/arduino15/packages/arduino/tools/arm-none-eabi-gcc/4.8.3-2014q1/bin/../lib/gcc/arm-none-eabi/4.8.3/../../../../arm-none-eabi/lib/armv7-m\libg.a(lib_a-__call_atexit.o)
 .text.atexit   0x00085cc0        0xc c:/users/morav/appdata/local/arduino15/packages/arduino/tools/arm-none-eabi-gcc/4.8.3-2014q1/bin/../lib/gcc/arm-none-eabi/4.8.3/../../../../arm-none-eabi/lib/armv7-m\libg.a(lib_a-atexit.o)
                0x00085cc0                atexit
 .text.__sflush_r
                0x00085ccc      0x148 c:/users/morav/appdata/local/arduino15/packages/arduino/tools/arm-none-eabi-gcc/4.8.3-2014q1/bin/../lib/gcc/arm-none-eabi/4.8.3/../../../../arm-none-eabi/lib/armv7-m\libg.a(lib_a-fflush.o)
                0x00085ccc                __sflush_r
 .text._fflush_r
                0x00085e14       0x2c c:/users/morav/appdata/local/arduino15/packages/arduino/tools/arm-none-eabi-gcc/4.8.3-2014q1/bin/../lib/gcc/arm-none-eabi/4.8.3/../../../../arm-none-eabi/lib/armv7-m\libg.a(lib_a-fflush.o)
                0x00085e14                _fflush_r
 .text._cleanup_r
                0x00085e40        0xc c:/users/morav/appdata/local/arduino15/packages/arduino/tools/arm-none-eabi-gcc/4.8.3-2014q1/bin/../lib/gcc/arm-none-eabi/4.8.3/../../../../arm-none-eabi/lib/armv7-m\libg.a(lib_a-findfp.o)
                0x00085e40                _cleanup_r
 .text.__sinit  0x00085e4c       0xf4 c:/users/morav/appdata/local/arduino15/packages/arduino/tools/arm-none-eabi-gcc/4.8.3-2014q1/bin/../lib/gcc/arm-none-eabi/4.8.3/../../../../arm-none-eabi/lib/armv7-m\libg.a(lib_a-findfp.o)
                0x00085e4c                __sinit
 .text.__sfp_lock_acquire
                0x00085f40        0x4 c:/users/morav/appdata/local/arduino15/packages/arduino/tools/arm-none-eabi-gcc/4.8.3-2014q1/bin/../lib/gcc/arm-none-eabi/4.8.3/../../../../arm-none-eabi/lib/armv7-m\libg.a(lib_a-findfp.o)
                0x00085f40                __sfp_lock_acquire
 .text.__sfp_lock_release
                0x00085f44        0x4 c:/users/morav/appdata/local/arduino15/packages/arduino/tools/arm-none-eabi-gcc/4.8.3-2014q1/bin/../lib/gcc/arm-none-eabi/4.8.3/../../../../arm-none-eabi/lib/armv7-m\libg.a(lib_a-findfp.o)
                0x00085f44                __sfp_lock_release
 .text.__libc_fini_array
                0x00085f48       0x30 c:/users/morav/appdata/local/arduino15/packages/arduino/tools/arm-none-eabi-gcc/4.8.3-2014q1/bin/../lib/gcc/arm-none-eabi/4.8.3/../../../../arm-none-eabi/lib/armv7-m\libg.a(lib_a-fini.o)
                0x00085f48                __libc_fini_array
 .text._fputwc_r
                0x00085f78       0xc0 c:/users/morav/appdata/local/arduino15/packages/arduino/tools/arm-none-eabi-gcc/4.8.3-2014q1/bin/../lib/gcc/arm-none-eabi/4.8.3/../../../../arm-none-eabi/lib/armv7-m\libg.a(lib_a-fputwc.o)
                0x00085f78                _fputwc_r
 .text._malloc_trim_r
                0x00086038       0x9c c:/users/morav/appdata/local/arduino15/packages/arduino/tools/arm-none-eabi-gcc/4.8.3-2014q1/bin/../lib/gcc/arm-none-eabi/4.8.3/../../../../arm-none-eabi/lib/armv7-m\libg.a(lib_a-freer.o)
                0x00086038                _malloc_trim_r
 .text._free_r  0x000860d4      0x198 c:/users/morav/appdata/local/arduino15/packages/arduino/tools/arm-none-eabi-gcc/4.8.3-2014q1/bin/../lib/gcc/arm-none-eabi/4.8.3/../../../../arm-none-eabi/lib/armv7-m\libg.a(lib_a-freer.o)
                0x000860d4                _free_r
 .text.__sfvwrite_r
                0x0008626c      0x314 c:/users/morav/appdata/local/arduino15/packages/arduino/tools/arm-none-eabi-gcc/4.8.3-2014q1/bin/../lib/gcc/arm-none-eabi/4.8.3/../../../../arm-none-eabi/lib/armv7-m\libg.a(lib_a-fvwrite.o)
                0x0008626c                __sfvwrite_r
 .text._fwalk   0x00086580       0x48 c:/users/morav/appdata/local/arduino15/packages/arduino/tools/arm-none-eabi-gcc/4.8.3-2014q1/bin/../lib/gcc/arm-none-eabi/4.8.3/../../../../arm-none-eabi/lib/armv7-m\libg.a(lib_a-fwalk.o)
                0x00086580                _fwalk
 .text.__locale_charset
                0x000865c8        0x8 c:/users/morav/appdata/local/arduino15/packages/arduino/tools/arm-none-eabi-gcc/4.8.3-2014q1/bin/../lib/gcc/arm-none-eabi/4.8.3/../../../../arm-none-eabi/lib/armv7-m\libg.a(lib_a-locale.o)
                0x000865c8                __locale_charset
 .text.__locale_mb_cur_max
                0x000865d0        0xc c:/users/morav/appdata/local/arduino15/packages/arduino/tools/arm-none-eabi-gcc/4.8.3-2014q1/bin/../lib/gcc/arm-none-eabi/4.8.3/../../../../arm-none-eabi/lib/armv7-m\libg.a(lib_a-locale.o)
                0x000865d0                __locale_mb_cur_max
 .text.__smakebuf_r
                0x000865dc       0xe0 c:/users/morav/appdata/local/arduino15/packages/arduino/tools/arm-none-eabi-gcc/4.8.3-2014q1/bin/../lib/gcc/arm-none-eabi/4.8.3/../../../../arm-none-eabi/lib/armv7-m\libg.a(lib_a-makebuf.o)
                0x000865dc                __smakebuf_r
 .text.memchr   0x000866bc       0x94 c:/users/morav/appdata/local/arduino15/packages/arduino/tools/arm-none-eabi-gcc/4.8.3-2014q1/bin/../lib/gcc/arm-none-eabi/4.8.3/../../../../arm-none-eabi/lib/armv7-m\libg.a(lib_a-memchr-stub.o)
                0x000866bc                memchr
 .text.memcmp   0x00086750       0x68 c:/users/morav/appdata/local/arduino15/packages/arduino/tools/arm-none-eabi-gcc/4.8.3-2014q1/bin/../lib/gcc/arm-none-eabi/4.8.3/../../../../arm-none-eabi/lib/armv7-m\libg.a(lib_a-memcmp.o)
                0x00086750                memcmp
 .text._kill_r  0x000867b8       0x28 c:/users/morav/appdata/local/arduino15/packages/arduino/tools/arm-none-eabi-gcc/4.8.3-2014q1/bin/../lib/gcc/arm-none-eabi/4.8.3/../../../../arm-none-eabi/lib/armv7-m\libg.a(lib_a-signalr.o)
                0x000867b8                _kill_r
 .text.__sread  0x000867e0       0x24 c:/users/morav/appdata/local/arduino15/packages/arduino/tools/arm-none-eabi-gcc/4.8.3-2014q1/bin/../lib/gcc/arm-none-eabi/4.8.3/../../../../arm-none-eabi/lib/armv7-m\libg.a(lib_a-stdio.o)
                0x000867e0                __sread
 .text.__swrite
                0x00086804       0x38 c:/users/morav/appdata/local/arduino15/packages/arduino/tools/arm-none-eabi-gcc/4.8.3-2014q1/bin/../lib/gcc/arm-none-eabi/4.8.3/../../../../arm-none-eabi/lib/armv7-m\libg.a(lib_a-stdio.o)
                0x00086804                __swrite
 .text.__sseek  0x0008683c       0x20 c:/users/morav/appdata/local/arduino15/packages/arduino/tools/arm-none-eabi-gcc/4.8.3-2014q1/bin/../lib/gcc/arm-none-eabi/4.8.3/../../../../arm-none-eabi/lib/armv7-m\libg.a(lib_a-stdio.o)
                0x0008683c                __sseek
 .text.__sclose
                0x0008685c        0x8 c:/users/morav/appdata/local/arduino15/packages/arduino/tools/arm-none-eabi-gcc/4.8.3-2014q1/bin/../lib/gcc/arm-none-eabi/4.8.3/../../../../arm-none-eabi/lib/armv7-m\libg.a(lib_a-stdio.o)
                0x0008685c                __sclose
 .text.__swbuf_r
                0x00086864       0xa8 c:/users/morav/appdata/local/arduino15/packages/arduino/tools/arm-none-eabi-gcc/4.8.3-2014q1/bin/../lib/gcc/arm-none-eabi/4.8.3/../../../../arm-none-eabi/lib/armv7-m\libg.a(lib_a-wbuf.o)
                0x00086864                __swbuf_r
 .text._wcrtomb_r
                0x0008690c       0x50 c:/users/morav/appdata/local/arduino15/packages/arduino/tools/arm-none-eabi-gcc/4.8.3-2014q1/bin/../lib/gcc/arm-none-eabi/4.8.3/../../../../arm-none-eabi/lib/armv7-m\libg.a(lib_a-wcrtomb.o)
                0x0008690c                _wcrtomb_r
 .text.__ascii_wctomb
                0x0008695c       0x1c c:/users/morav/appdata/local/arduino15/packages/arduino/tools/arm-none-eabi-gcc/4.8.3-2014q1/bin/../lib/gcc/arm-none-eabi/4.8.3/../../../../arm-none-eabi/lib/armv7-m\libg.a(lib_a-wctomb_r.o)
                0x0008695c                __ascii_wctomb
 .text._write_r
                0x00086978       0x28 c:/users/morav/appdata/local/arduino15/packages/arduino/tools/arm-none-eabi-gcc/4.8.3-2014q1/bin/../lib/gcc/arm-none-eabi/4.8.3/../../../../arm-none-eabi/lib/armv7-m\libg.a(lib_a-writer.o)
                0x00086978                _write_r
 .text._close_r
                0x000869a0       0x24 c:/users/morav/appdata/local/arduino15/packages/arduino/tools/arm-none-eabi-gcc/4.8.3-2014q1/bin/../lib/gcc/arm-none-eabi/4.8.3/../../../../arm-none-eabi/lib/armv7-m\libg.a(lib_a-closer.o)
                0x000869a0                _close_r
 .text._fclose_r
                0x000869c4       0x80 c:/users/morav/appdata/local/arduino15/packages/arduino/tools/arm-none-eabi-gcc/4.8.3-2014q1/bin/../lib/gcc/arm-none-eabi/4.8.3/../../../../arm-none-eabi/lib/armv7-m\libg.a(lib_a-fclose.o)
                0x000869c4                _fclose_r
 .text.fclose   0x00086a44       0x10 c:/users/morav/appdata/local/arduino15/packages/arduino/tools/arm-none-eabi-gcc/4.8.3-2014q1/bin/../lib/gcc/arm-none-eabi/4.8.3/../../../../arm-none-eabi/lib/armv7-m\libg.a(lib_a-fclose.o)
                0x00086a44                fclose
 .text._fstat_r
                0x00086a54       0x28 c:/users/morav/appdata/local/arduino15/packages/arduino/tools/arm-none-eabi-gcc/4.8.3-2014q1/bin/../lib/gcc/arm-none-eabi/4.8.3/../../../../arm-none-eabi/lib/armv7-m\libg.a(lib_a-fstatr.o)
                0x00086a54                _fstat_r
 .text._isatty_r
                0x00086a7c       0x24 c:/users/morav/appdata/local/arduino15/packages/arduino/tools/arm-none-eabi-gcc/4.8.3-2014q1/bin/../lib/gcc/arm-none-eabi/4.8.3/../../../../arm-none-eabi/lib/armv7-m\libg.a(lib_a-isattyr.o)
                0x00086a7c                _isatty_r
 .text._lseek_r
                0x00086aa0       0x28 c:/users/morav/appdata/local/arduino15/packages/arduino/tools/arm-none-eabi-gcc/4.8.3-2014q1/bin/../lib/gcc/arm-none-eabi/4.8.3/../../../../arm-none-eabi/lib/armv7-m\libg.a(lib_a-lseekr.o)
                0x00086aa0                _lseek_r
 .text._read_r  0x00086ac8       0x28 c:/users/morav/appdata/local/arduino15/packages/arduino/tools/arm-none-eabi-gcc/4.8.3-2014q1/bin/../lib/gcc/arm-none-eabi/4.8.3/../../../../arm-none-eabi/lib/armv7-m\libg.a(lib_a-readr.o)
                0x00086ac8                _read_r
 .text          0x00086af0       0x2c c:/users/morav/appdata/local/arduino15/packages/arduino/tools/arm-none-eabi-gcc/4.8.3-2014q1/bin/../lib/gcc/arm-none-eabi/4.8.3/armv7-m\libgcc.a(_aeabi_uldivmod.o)
                0x00086af0                __aeabi_uldivmod
 .text          0x00086b1c       0x60 c:/users/morav/appdata/local/arduino15/packages/arduino/tools/arm-none-eabi-gcc/4.8.3-2014q1/bin/../lib/gcc/arm-none-eabi/4.8.3/armv7-m\libgcc.a(bpabi.o)
                0x00086b1c                __gnu_ldivmod_helper
                0x00086b4c                __gnu_uldivmod_helper
 .text          0x00086b7c        0x4 c:/users/morav/appdata/local/arduino15/packages/arduino/tools/arm-none-eabi-gcc/4.8.3-2014q1/bin/../lib/gcc/arm-none-eabi/4.8.3/armv7-m\libgcc.a(_dvmd_tls.o)
                0x00086b7c                __aeabi_idiv0
                0x00086b7c                __aeabi_ldiv0
 .text          0x00086b80      0x2a0 c:/users/morav/appdata/local/arduino15/packages/arduino/tools/arm-none-eabi-gcc/4.8.3-2014q1/bin/../lib/gcc/arm-none-eabi/4.8.3/armv7-m\libgcc.a(_divdi3.o)
                0x00086b80                __divdi3
 .text          0x00086e20      0x290 c:/users/morav/appdata/local/arduino15/packages/arduino/tools/arm-none-eabi-gcc/4.8.3-2014q1/bin/../lib/gcc/arm-none-eabi/4.8.3/armv7-m\libgcc.a(_udivdi3.o)
                0x00086e20                __udivdi3
 *(.glue_7t)
 .glue_7t       0x00000000        0x0 linker stubs
 *(.glue_7)
 .glue_7        0x00000000        0x0 linker stubs
 *(.rodata .rodata* .gnu.linkonce.r.*)
 .rodata._ZL18stringDeleteSensor
                0x000870b0        0xd C:\Users\morav\AppData\Local\Temp\VMBuilds\Security\arduino_due_x_dbg\Release\Security.cpp.o
 .rodata._ZL19stringSetSensorType
                0x000870bd        0xe C:\Users\morav\AppData\Local\Temp\VMBuilds\Security\arduino_due_x_dbg\Release\Security.cpp.o
 .rodata._ZL15stringAddSwitch
                0x000870cb        0xa C:\Users\morav\AppData\Local\Temp\VMBuilds\Security\arduino_due_x_dbg\Release\Security.cpp.o
 .rodata._ZL8stringOk
                0x000870d5        0x3 C:\Users\morav\AppData\Local\Temp\VMBuilds\Security\arduino_due_x_dbg\Release\Security.cpp.o
 .rodata._ZL10stringName
                0x000870d8        0x5 C:\Users\morav\AppData\Local\Temp\VMBuilds\Security\arduino_due_x_dbg\Release\Security.cpp.o
 .rodata._ZL12stringEquals
                0x000870dd        0x4 C:\Users\morav\AppData\Local\Temp\VMBuilds\Security\arduino_due_x_dbg\Release\Security.cpp.o
 .rodata._ZL20stringSensorCategory
                0x000870e1        0x7 C:\Users\morav\AppData\Local\Temp\VMBuilds\Security\arduino_due_x_dbg\Release\Security.cpp.o
 .rodata._ZL18stringSetSensorPin
                0x000870e8        0xd C:\Users\morav\AppData\Local\Temp\VMBuilds\Security\arduino_due_x_dbg\Release\Security.cpp.o
 .rodata.str1.1
                0x000870f5       0xce C:\Users\morav\AppData\Local\Temp\VMBuilds\Security\arduino_due_x_dbg\Release\Security.cpp.o
                                 0xcf (size before relaxing)
 .rodata._ZL15stringAddSensor
                0x000871c3        0xa C:\Users\morav\AppData\Local\Temp\VMBuilds\Security\arduino_due_x_dbg\Release\Security.cpp.o
 .rodata._ZL9stringPin
                0x000871cd        0x4 C:\Users\morav\AppData\Local\Temp\VMBuilds\Security\arduino_due_x_dbg\Release\Security.cpp.o
 .rodata._ZL8stringId
                0x000871d1        0x3 C:\Users\morav\AppData\Local\Temp\VMBuilds\Security\arduino_due_x_dbg\Release\Security.cpp.o
 .rodata._ZL20stringSetSwitchState
                0x000871d4        0xf C:\Users\morav\AppData\Local\Temp\VMBuilds\Security\arduino_due_x_dbg\Release\Security.cpp.o
 .rodata._ZL11stringState
                0x000871e3        0x6 C:\Users\morav\AppData\Local\Temp\VMBuilds\Security\arduino_due_x_dbg\Release\Security.cpp.o
 .rodata._ZL15stringSeparator
                0x000871e9        0x2 C:\Users\morav\AppData\Local\Temp\VMBuilds\Security\arduino_due_x_dbg\Release\Security.cpp.o
 .rodata._ZL19stringGetAllSensors
                0x000871eb        0xe C:\Users\morav\AppData\Local\Temp\VMBuilds\Security\arduino_due_x_dbg\Release\Security.cpp.o
 .rodata._ZL22stringSwitchesCategory
                0x000871f9        0x9 C:\Users\morav\AppData\Local\Temp\VMBuilds\Security\arduino_due_x_dbg\Release\Security.cpp.o
 .rodata._ZL18stringDeleteSwitch
                0x00087202        0xd C:\Users\morav\AppData\Local\Temp\VMBuilds\Security\arduino_due_x_dbg\Release\Security.cpp.o
 .rodata._ZL21stringSensorsCategory
                0x0008720f        0x8 C:\Users\morav\AppData\Local\Temp\VMBuilds\Security\arduino_due_x_dbg\Release\Security.cpp.o
 .rodata._ZL18stringSetSwitchPin
                0x00087217        0xd C:\Users\morav\AppData\Local\Temp\VMBuilds\Security\arduino_due_x_dbg\Release\Security.cpp.o
 .rodata._ZL20stringGetAllSwitches
                0x00087224        0xf C:\Users\morav\AppData\Local\Temp\VMBuilds\Security\arduino_due_x_dbg\Release\Security.cpp.o
 .rodata._ZL19stringSetSwitchName
                0x00087233        0xe C:\Users\morav\AppData\Local\Temp\VMBuilds\Security\arduino_due_x_dbg\Release\Security.cpp.o
 .rodata._ZL11stringError
                0x00087241        0x6 C:\Users\morav\AppData\Local\Temp\VMBuilds\Security\arduino_due_x_dbg\Release\Security.cpp.o
 .rodata._ZL19stringSetSensorName
                0x00087247        0xe C:\Users\morav\AppData\Local\Temp\VMBuilds\Security\arduino_due_x_dbg\Release\Security.cpp.o
 .rodata._ZL10stringType
                0x00087255        0x5 C:\Users\morav\AppData\Local\Temp\VMBuilds\Security\arduino_due_x_dbg\Release\Security.cpp.o
 *fill*         0x0008725a        0x2 
 .rodata.g_APinDescription
                0x0008725c      0xa2c C:\Users\morav\AppData\Local\Temp\VMBuilds\Security\arduino_due_x_dbg\Release\variant\variant.cpp.o
                0x0008725c                g_APinDescription
 .rodata        0x00087c88       0x40 C:\Users\morav\AppData\Local\arduino15\packages\arduino\hardware\sam\1.6.11\variants\arduino_due_x/libsam_sam3x8e_gcc_rel.a(adc.o)
 .rodata.str1.1
                0x00087cc8       0x19 C:\Users\morav\AppData\Local\Temp\VMBuilds\Security\arduino_due_x_dbg\Release/core.a(syscalls_sam3.c.o)
 .rodata.str1.1
                0x00087ce1        0xf C:\Users\morav\AppData\Local\Temp\VMBuilds\Security\arduino_due_x_dbg\Release/core.a(Print.cpp.o)
 .rodata.str1.1
                0x00000000        0x1 C:\Users\morav\AppData\Local\Temp\VMBuilds\Security\arduino_due_x_dbg\Release/core.a(Stream.cpp.o)
 .rodata._ZTV9UARTClass
                0x00087cf0       0x30 C:\Users\morav\AppData\Local\Temp\VMBuilds\Security\arduino_due_x_dbg\Release/core.a(UARTClass.cpp.o)
                0x00087cf0                vtable for UARTClass
 .rodata._ZTV10USARTClass
                0x00087d20       0x30 C:\Users\morav\AppData\Local\Temp\VMBuilds\Security\arduino_due_x_dbg\Release/core.a(USARTClass.cpp.o)
                0x00087d20                vtable for USARTClass
 .rodata.str1.1
                0x00000000        0x1 C:\Users\morav\AppData\Local\Temp\VMBuilds\Security\arduino_due_x_dbg\Release/core.a(WString.cpp.o)
 .rodata.STRING_PRODUCT
                0x00087d50        0xc C:\Users\morav\AppData\Local\Temp\VMBuilds\Security\arduino_due_x_dbg\Release/core.a(USBCore.cpp.o)
                0x00087d50                STRING_PRODUCT
 .rodata.USB_DeviceDescriptor
                0x00087d5c       0x12 C:\Users\morav\AppData\Local\Temp\VMBuilds\Security\arduino_due_x_dbg\Release/core.a(USBCore.cpp.o)
                0x00087d5c                USB_DeviceDescriptor
 .rodata.STRING_LANGUAGE
                0x00087d6e        0x4 C:\Users\morav\AppData\Local\Temp\VMBuilds\Security\arduino_due_x_dbg\Release/core.a(USBCore.cpp.o)
                0x00087d6e                STRING_LANGUAGE
 .rodata._ZL18test_packet_buffer
                0x00087d72       0x35 C:\Users\morav\AppData\Local\Temp\VMBuilds\Security\arduino_due_x_dbg\Release/core.a(USBCore.cpp.o)
 .rodata.STRING_MANUFACTURER
                0x00087da7        0xc C:\Users\morav\AppData\Local\Temp\VMBuilds\Security\arduino_due_x_dbg\Release/core.a(USBCore.cpp.o)
                0x00087da7                STRING_MANUFACTURER
 .rodata.USB_DeviceDescriptorA
                0x00087db3       0x12 C:\Users\morav\AppData\Local\Temp\VMBuilds\Security\arduino_due_x_dbg\Release/core.a(USBCore.cpp.o)
                0x00087db3                USB_DeviceDescriptorA
 .rodata._ZL19USB_DeviceQualifier
                0x00087dc5        0x9 C:\Users\morav\AppData\Local\Temp\VMBuilds\Security\arduino_due_x_dbg\Release/core.a(USBCore.cpp.o)
 *fill*         0x00087dce        0x2 
 .rodata._ZTV7Serial_
                0x00087dd0       0x28 C:\Users\morav\AppData\Local\Temp\VMBuilds\Security\arduino_due_x_dbg\Release/core.a(CDC.cpp.o)
                0x00087dd0                vtable for Serial_
 .rodata._ZL18_cdcOtherInterface
                0x00087df8       0x42 C:\Users\morav\AppData\Local\Temp\VMBuilds\Security\arduino_due_x_dbg\Release/core.a(CDC.cpp.o)
 .rodata._ZL13_cdcInterface
                0x00087e3a       0x42 C:\Users\morav\AppData\Local\Temp\VMBuilds\Security\arduino_due_x_dbg\Release/core.a(CDC.cpp.o)
 .rodata.str1.4
                0x00087e7c        0x2 c:/users/morav/appdata/local/arduino15/packages/arduino/tools/arm-none-eabi-gcc/4.8.3-2014q1/bin/../lib/gcc/arm-none-eabi/4.8.3/../../../../arm-none-eabi/lib/armv7-m\libg.a(lib_a-impure.o)
                                  0x4 (size before relaxing)
 *fill*         0x00087e7e        0x2 
 .rodata._global_impure_ptr
                0x00087e80        0x4 c:/users/morav/appdata/local/arduino15/packages/arduino/tools/arm-none-eabi-gcc/4.8.3-2014q1/bin/../lib/gcc/arm-none-eabi/4.8.3/../../../../arm-none-eabi/lib/armv7-m\libg.a(lib_a-impure.o)
                0x00087e80                _global_impure_ptr
 .rodata.blanks.6717
                0x00087e84       0x10 c:/users/morav/appdata/local/arduino15/packages/arduino/tools/arm-none-eabi-gcc/4.8.3-2014q1/bin/../lib/gcc/arm-none-eabi/4.8.3/../../../../arm-none-eabi/lib/armv7-m\libg.a(lib_a-vfiprintf.o)
 .rodata.str1.4
                0x00087e94       0x30 c:/users/morav/appdata/local/arduino15/packages/arduino/tools/arm-none-eabi-gcc/4.8.3-2014q1/bin/../lib/gcc/arm-none-eabi/4.8.3/../../../../arm-none-eabi/lib/armv7-m\libg.a(lib_a-vfiprintf.o)
 .rodata.zeroes.6718
                0x00087ec4       0x10 c:/users/morav/appdata/local/arduino15/packages/arduino/tools/arm-none-eabi-gcc/4.8.3-2014q1/bin/../lib/gcc/arm-none-eabi/4.8.3/../../../../arm-none-eabi/lib/armv7-m\libg.a(lib_a-vfiprintf.o)
 .rodata._ctype_
                0x00087ed4      0x104 c:/users/morav/appdata/local/arduino15/packages/arduino/tools/arm-none-eabi-gcc/4.8.3-2014q1/bin/../lib/gcc/arm-none-eabi/4.8.3/../../../../arm-none-eabi/lib/armv7-m\libg.a(lib_a-ctype_.o)
                0x00087ed4                _ctype_
 *(.ARM.extab* .gnu.linkonce.armextab.*)
                0x00087fd8                . = ALIGN (0x4)
 *(.init)
 .init          0x00087fd8        0x4 c:/users/morav/appdata/local/arduino15/packages/arduino/tools/arm-none-eabi-gcc/4.8.3-2014q1/bin/../lib/gcc/arm-none-eabi/4.8.3/armv7-m/crti.o
                0x00087fd8                _init
 .init          0x00087fdc        0x8 c:/users/morav/appdata/local/arduino15/packages/arduino/tools/arm-none-eabi-gcc/4.8.3-2014q1/bin/../lib/gcc/arm-none-eabi/4.8.3/armv7-m/crtn.o
                0x00087fe4                . = ALIGN (0x4)
                0x00087fe4                __preinit_array_start = .
 *(.preinit_array)
                0x00087fe4                __preinit_array_end = .
                0x00087fe4                . = ALIGN (0x4)
                0x00087fe4                __init_array_start = .
 *(SORT(.init_array.*))
 .init_array.00000
                0x00087fe4        0x4 c:/users/morav/appdata/local/arduino15/packages/arduino/tools/arm-none-eabi-gcc/4.8.3-2014q1/bin/../lib/gcc/arm-none-eabi/4.8.3/../../../../arm-none-eabi/lib/armv7-m\libg.a(lib_a-__call_atexit.o)
 *(.init_array)
 .init_array    0x00087fe8        0x4 c:/users/morav/appdata/local/arduino15/packages/arduino/tools/arm-none-eabi-gcc/4.8.3-2014q1/bin/../lib/gcc/arm-none-eabi/4.8.3/armv7-m/crtbegin.o
 .init_array    0x00087fec        0x4 C:\Users\morav\AppData\Local\Temp\VMBuilds\Security\arduino_due_x_dbg\Release\Security.cpp.o
 .init_array    0x00087ff0        0x4 C:\Users\morav\AppData\Local\Temp\VMBuilds\Security\arduino_due_x_dbg\Release\variant\variant.cpp.o
 .init_array    0x00087ff4        0x4 C:\Users\morav\AppData\Local\Temp\VMBuilds\Security\arduino_due_x_dbg\Release/core.a(USBCore.cpp.o)
 .init_array    0x00087ff8        0x4 C:\Users\morav\AppData\Local\Temp\VMBuilds\Security\arduino_due_x_dbg\Release/core.a(CDC.cpp.o)
                0x00087ffc                __init_array_end = .
                0x00087ffc                . = ALIGN (0x4)
 *crtbegin.o(.ctors)
 *(EXCLUDE_FILE(*crtend.o) .ctors)
 *(SORT(.ctors.*))
 *crtend.o(.ctors)
                0x00087ffc                . = ALIGN (0x4)
 *(.fini)
 .fini          0x00087ffc        0x4 c:/users/morav/appdata/local/arduino15/packages/arduino/tools/arm-none-eabi-gcc/4.8.3-2014q1/bin/../lib/gcc/arm-none-eabi/4.8.3/armv7-m/crti.o
                0x00087ffc                _fini
 .fini          0x00088000        0x8 c:/users/morav/appdata/local/arduino15/packages/arduino/tools/arm-none-eabi-gcc/4.8.3-2014q1/bin/../lib/gcc/arm-none-eabi/4.8.3/armv7-m/crtn.o
                0x00088008                . = ALIGN (0x4)
                0x00088008                __fini_array_start = .
 *(.fini_array)
 .fini_array    0x00088008        0x4 c:/users/morav/appdata/local/arduino15/packages/arduino/tools/arm-none-eabi-gcc/4.8.3-2014q1/bin/../lib/gcc/arm-none-eabi/4.8.3/armv7-m/crtbegin.o
 *(SORT(.fini_array.*))
                0x0008800c                __fini_array_end = .
 *crtbegin.o(.dtors)
 *(EXCLUDE_FILE(*crtend.o) .dtors)
 *(SORT(.dtors.*))
 *crtend.o(.dtors)
                0x0008800c                . = ALIGN (0x4)
                0x0008800c                _efixed = .
                0x0008800c                PROVIDE (__exidx_start, .)

.vfp11_veneer   0x0008800c        0x0
 .vfp11_veneer  0x00000000        0x0 linker stubs

.v4_bx          0x0008800c        0x0
 .v4_bx         0x00000000        0x0 linker stubs

.iplt           0x0008800c        0x0
 .iplt          0x00000000        0x0 c:/users/morav/appdata/local/arduino15/packages/arduino/tools/arm-none-eabi-gcc/4.8.3-2014q1/bin/../lib/gcc/arm-none-eabi/4.8.3/armv7-m/crtbegin.o

.ARM.exidx      0x0008800c        0x8
 *(.ARM.exidx* .gnu.linkonce.armexidx.*)
 .ARM.exidx     0x0008800c        0x8 c:/users/morav/appdata/local/arduino15/packages/arduino/tools/arm-none-eabi-gcc/4.8.3-2014q1/bin/../lib/gcc/arm-none-eabi/4.8.3/armv7-m\libgcc.a(_divdi3.o)
 .ARM.exidx     0x00088014        0x0 c:/users/morav/appdata/local/arduino15/packages/arduino/tools/arm-none-eabi-gcc/4.8.3-2014q1/bin/../lib/gcc/arm-none-eabi/4.8.3/armv7-m\libgcc.a(_udivdi3.o)
                                  0x8 (size before relaxing)
                0x00088014                PROVIDE (__exidx_end, .)

.eh_frame       0x00088014        0x0
 .eh_frame      0x00088014        0x0 c:/users/morav/appdata/local/arduino15/packages/arduino/tools/arm-none-eabi-gcc/4.8.3-2014q1/bin/../lib/gcc/arm-none-eabi/4.8.3/armv7-m/crtbegin.o

.rel.dyn        0x00088014        0x0
 .rel.iplt      0x00000000        0x0 c:/users/morav/appdata/local/arduino15/packages/arduino/tools/arm-none-eabi-gcc/4.8.3-2014q1/bin/../lib/gcc/arm-none-eabi/4.8.3/armv7-m/crtbegin.o

.jcr            0x00088014        0x0
 .jcr           0x00088014        0x0 c:/users/morav/appdata/local/arduino15/packages/arduino/tools/arm-none-eabi-gcc/4.8.3-2014q1/bin/../lib/gcc/arm-none-eabi/4.8.3/armv7-m/crtbegin.o

.igot.plt       0x00088014        0x0
 .igot.plt      0x00000000        0x0 c:/users/morav/appdata/local/arduino15/packages/arduino/tools/arm-none-eabi-gcc/4.8.3-2014q1/bin/../lib/gcc/arm-none-eabi/4.8.3/armv7-m/crtbegin.o
                0x00088014                . = ALIGN (0x4)
                0x00088014                _etext = .

.relocate       0x20070000      0x8d8 load address 0x00088014
                0x20070000                . = ALIGN (0x4)
                0x20070000                _srelocate = .
 *(.ramfunc .ramfunc.*)
 .ramfunc       0x20070000       0x2c C:\Users\morav\AppData\Local\Temp\VMBuilds\Security\arduino_due_x_dbg\Release/core.a(Reset.cpp.o)
                0x20070000                banzai
 *(.data .data.*)
 .data          0x2007002c        0x4 c:/users/morav/appdata/local/arduino15/packages/arduino/tools/arm-none-eabi-gcc/4.8.3-2014q1/bin/../lib/gcc/arm-none-eabi/4.8.3/armv7-m/crtbegin.o
                0x2007002c                __dso_handle
 .data.SystemCoreClock
                0x20070030        0x4 C:\Users\morav\AppData\Local\arduino15\packages\arduino\hardware\sam\1.6.11\variants\arduino_due_x/libsam_sam3x8e_gcc_rel.a(system_sam3xa.o)
                0x20070030                SystemCoreClock
 .data._ZL5ticks
                0x20070034        0x4 C:\Users\morav\AppData\Local\Temp\VMBuilds\Security\arduino_due_x_dbg\Release/core.a(Reset.cpp.o)
 .data.EndPoints
                0x20070038       0x28 C:\Users\morav\AppData\Local\Temp\VMBuilds\Security\arduino_due_x_dbg\Release/core.a(USBCore.cpp.o)
                0x20070038                EndPoints
 .data._ZL10breakValue
                0x20070060        0x4 C:\Users\morav\AppData\Local\Temp\VMBuilds\Security\arduino_due_x_dbg\Release/core.a(CDC.cpp.o)
 .data._ZL12_usbLineInfo
                0x20070064        0x8 C:\Users\morav\AppData\Local\Temp\VMBuilds\Security\arduino_due_x_dbg\Release/core.a(CDC.cpp.o)
 .data.g_interrupt_enabled
                0x2007006c        0x4 C:\Users\morav\AppData\Local\arduino15\packages\arduino\hardware\sam\1.6.11\variants\arduino_due_x/libsam_sam3x8e_gcc_rel.a(interrupt_sam_nvic.o)
                0x2007006c                g_interrupt_enabled
 .data.impure_data
                0x20070070      0x428 c:/users/morav/appdata/local/arduino15/packages/arduino/tools/arm-none-eabi-gcc/4.8.3-2014q1/bin/../lib/gcc/arm-none-eabi/4.8.3/../../../../arm-none-eabi/lib/armv7-m\libg.a(lib_a-impure.o)
 .data._impure_ptr
                0x20070498        0x4 c:/users/morav/appdata/local/arduino15/packages/arduino/tools/arm-none-eabi-gcc/4.8.3-2014q1/bin/../lib/gcc/arm-none-eabi/4.8.3/../../../../arm-none-eabi/lib/armv7-m\libg.a(lib_a-impure.o)
                0x20070498                _impure_ptr
 .data.__malloc_av_
                0x2007049c      0x408 c:/users/morav/appdata/local/arduino15/packages/arduino/tools/arm-none-eabi-gcc/4.8.3-2014q1/bin/../lib/gcc/arm-none-eabi/4.8.3/../../../../arm-none-eabi/lib/armv7-m\libg.a(lib_a-mallocr.o)
                0x2007049c                __malloc_av_
 .data.__malloc_trim_threshold
                0x200708a4        0x4 c:/users/morav/appdata/local/arduino15/packages/arduino/tools/arm-none-eabi-gcc/4.8.3-2014q1/bin/../lib/gcc/arm-none-eabi/4.8.3/../../../../arm-none-eabi/lib/armv7-m\libg.a(lib_a-mallocr.o)
                0x200708a4                __malloc_trim_threshold
 .data.__malloc_sbrk_base
                0x200708a8        0x4 c:/users/morav/appdata/local/arduino15/packages/arduino/tools/arm-none-eabi-gcc/4.8.3-2014q1/bin/../lib/gcc/arm-none-eabi/4.8.3/../../../../arm-none-eabi/lib/armv7-m\libg.a(lib_a-mallocr.o)
                0x200708a8                __malloc_sbrk_base
 .data.__ctype_ptr__