Archive member included because of file (symbol)

C:\Users\morav\AppData\Local\arduino15\packages\arduino\hardware\sam\1.6.11\variants\arduino_due_x/libsam_sam3x8e_gcc_rel.a(pio.o)
                              C:\Users\morav\AppData\Local\Temp\VMBuilds\Security\arduino_due_x_dbg\Release\variant\variant.cpp.o (PIO_Configure)
C:\Users\morav\AppData\Local\arduino15\packages\arduino\hardware\sam\1.6.11\variants\arduino_due_x/libsam_sam3x8e_gcc_rel.a(pmc.o)
                              C:\Users\morav\AppData\Local\Temp\VMBuilds\Security\arduino_due_x_dbg\Release\variant\variant.cpp.o (pmc_enable_periph_clk)
C:\Users\morav\AppData\Local\arduino15\packages\arduino\hardware\sam\1.6.11\variants\arduino_due_x/libsam_sam3x8e_gcc_rel.a(system_sam3xa.o)
                              C:\Users\morav\AppData\Local\Temp\VMBuilds\Security\arduino_due_x_dbg\Release\variant\variant.cpp.o (SystemInit)
C:\Users\morav\AppData\Local\arduino15\packages\arduino\hardware\sam\1.6.11\variants\arduino_due_x/libsam_sam3x8e_gcc_rel.a(startup_sam3xa.o)
                              (Reset_Handler)
C:\Users\morav\AppData\Local\arduino15\packages\arduino\hardware\sam\1.6.11\variants\arduino_due_x/libsam_sam3x8e_gcc_rel.a(adc.o)
                              C:\Users\morav\AppData\Local\Temp\VMBuilds\Security\arduino_due_x_dbg\Release\variant\variant.cpp.o (adc_init)
C:\Users\morav\AppData\Local\arduino15\packages\arduino\hardware\sam\1.6.11\variants\arduino_due_x/libsam_sam3x8e_gcc_rel.a(uotghs.o)
                              C:\Users\morav\AppData\Local\arduino15\packages\arduino\hardware\sam\1.6.11\variants\arduino_due_x/libsam_sam3x8e_gcc_rel.a(startup_sam3xa.o) (UOTGHS_Handler)
C:\Users\morav\AppData\Local\Temp\VMBuilds\Security\arduino_due_x_dbg\Release/core.a(cortex_handlers.c.o)
                              C:\Users\morav\AppData\Local\arduino15\packages\arduino\hardware\sam\1.6.11\variants\arduino_due_x/libsam_sam3x8e_gcc_rel.a(startup_sam3xa.o) (NMI_Handler)
C:\Users\morav\AppData\Local\Temp\VMBuilds\Security\arduino_due_x_dbg\Release/core.a(hooks.c.o)
                              C:\Users\morav\AppData\Local\Temp\VMBuilds\Security\arduino_due_x_dbg\Release/core.a(cortex_handlers.c.o) (sysTickHook)
C:\Users\morav\AppData\Local\Temp\VMBuilds\Security\arduino_due_x_dbg\Release/core.a(syscalls_sam3.c.o)
                              (_sbrk)
C:\Users\morav\AppData\Local\Temp\VMBuilds\Security\arduino_due_x_dbg\Release/core.a(wiring.c.o)
                              C:\Users\morav\AppData\Local\Temp\VMBuilds\Security\arduino_due_x_dbg\Release\Security.cpp.o (delay)
C:\Users\morav\AppData\Local\Temp\VMBuilds\Security\arduino_due_x_dbg\Release/core.a(wiring_analog.c.o)
                              C:\Users\morav\AppData\Local\Temp\VMBuilds\Security\arduino_due_x_dbg\Release\variant\variant.cpp.o (analogOutputInit)
C:\Users\morav\AppData\Local\Temp\VMBuilds\Security\arduino_due_x_dbg\Release/core.a(wiring_digital.c.o)
                              C:\Users\morav\AppData\Local\Temp\VMBuilds\Security\arduino_due_x_dbg\Release\Security.cpp.o (pinMode)
C:\Users\morav\AppData\Local\Temp\VMBuilds\Security\arduino_due_x_dbg\Release/core.a(main.cpp.o)
                              c:/users/morav/appdata/local/arduino15/packages/arduino/tools/arm-none-eabi-gcc/4.8.3-2014q1/bin/../lib/gcc/arm-none-eabi/4.8.3/../../../../arm-none-eabi/lib/armv7-m/crt0.o (main)
C:\Users\morav\AppData\Local\Temp\VMBuilds\Security\arduino_due_x_dbg\Release/core.a(Print.cpp.o)
                              C:\Users\morav\AppData\Local\Temp\VMBuilds\Security\arduino_due_x_dbg\Release\Security.cpp.o (Print::println())
C:\Users\morav\AppData\Local\Temp\VMBuilds\Security\arduino_due_x_dbg\Release/core.a(Reset.cpp.o)
                              C:\Users\morav\AppData\Local\Temp\VMBuilds\Security\arduino_due_x_dbg\Release/core.a(cortex_handlers.c.o) (tickReset)
C:\Users\morav\AppData\Local\Temp\VMBuilds\Security\arduino_due_x_dbg\Release/core.a(RingBuffer.cpp.o)
                              C:\Users\morav\AppData\Local\Temp\VMBuilds\Security\arduino_due_x_dbg\Release\variant\variant.cpp.o (RingBuffer::RingBuffer())
C:\Users\morav\AppData\Local\Temp\VMBuilds\Security\arduino_due_x_dbg\Release/core.a(Stream.cpp.o)
                              C:\Users\morav\AppData\Local\Temp\VMBuilds\Security\arduino_due_x_dbg\Release\Security.cpp.o (Stream::readString())
C:\Users\morav\AppData\Local\Temp\VMBuilds\Security\arduino_due_x_dbg\Release/core.a(UARTClass.cpp.o)
                              C:\Users\morav\AppData\Local\Temp\VMBuilds\Security\arduino_due_x_dbg\Release\Security.cpp.o (UARTClass::available())
C:\Users\morav\AppData\Local\Temp\VMBuilds\Security\arduino_due_x_dbg\Release/core.a(USARTClass.cpp.o)
                              C:\Users\morav\AppData\Local\Temp\VMBuilds\Security\arduino_due_x_dbg\Release\Security.cpp.o (USARTClass::begin(unsigned long))
C:\Users\morav\AppData\Local\Temp\VMBuilds\Security\arduino_due_x_dbg\Release/core.a(watchdog.cpp.o)
[...]
Memory Configuration

Name             Origin             Length             Attributes
rom              0x00080000         0x00080000         xr
sram0            0x20000000         0x00010000         xrw
sram1            0x20080000         0x00008000         xrw
ram              0x20070000         0x00018000         xrw
*default*        0x00000000         0xffffffff

Linker script and memory map

LOAD c:/users/morav/appdata/local/arduino15/packages/arduino/tools/arm-none-eabi-gcc/4.8.3-2014q1/bin/../lib/gcc/arm-none-eabi/4.8.3/armv7-m/crti.o
LOAD c:/users/morav/appdata/local/arduino15/packages/arduino/tools/arm-none-eabi-gcc/4.8.3-2014q1/bin/../lib/gcc/arm-none-eabi/4.8.3/armv7-m/crtbegin.o
LOAD c:/users/morav/appdata/local/arduino15/packages/arduino/tools/arm-none-eabi-gcc/4.8.3-2014q1/bin/../lib/gcc/arm-none-eabi/4.8.3/../../../../arm-none-eabi/lib/armv7-m/crt0.o
START GROUP
LOAD C:\Users\morav\AppData\Local\Temp\VMBuilds\Security\arduino_due_x_dbg\Release\Security.cpp.o
LOAD C:\Users\morav\AppData\Local\Temp\VMBuilds\Security\arduino_due_x_dbg\Release\variant\variant.cpp.o
LOAD C:\Users\morav\AppData\Local\arduino15\packages\arduino\hardware\sam\1.6.11\variants\arduino_due_x/libsam_sam3x8e_gcc_rel.a
LOAD C:\Users\morav\AppData\Local\Temp\VMBuilds\Security\arduino_due_x_dbg\Release/core.a
END GROUP
LOAD c:/users/morav/appdata/local/arduino15/packages/arduino/tools/arm-none-eabi-gcc/4.8.3-2014q1/bin/../lib/gcc/arm-none-eabi/4.8.3/../../../../arm-none-eabi/lib/armv7-m\libm.a
START GROUP
LOAD c:/users/morav/appdata/local/arduino15/packages/arduino/tools/arm-none-eabi-gcc/4.8.3-2014q1/bin/../lib/gcc/arm-none-eabi/4.8.3/armv7-m\libgcc.a
LOAD c:/users/morav/appdata/local/arduino15/packages/arduino/tools/arm-none-eabi-gcc/4.8.3-2014q1/bin/../lib/gcc/arm-none-eabi/4.8.3/../../../../arm-none-eabi/lib/armv7-m\libg.a
LOAD c:/users/morav/appdata/local/arduino15/packages/arduino/tools/arm-none-eabi-gcc/4.8.3-2014q1/bin/../lib/gcc/arm-none-eabi/4.8.3/../../../../arm-none-eabi/lib/armv7-m\libc.a
END GROUP
LOAD c:/users/morav/appdata/local/arduino15/packages/arduino/tools/arm-none-eabi-gcc/4.8.3-2014q1/bin/../lib/gcc/arm-none-eabi/4.8.3/armv7-m/crtend.o
LOAD c:/users/morav/appdata/local/arduino15/packages/arduino/tools/arm-none-eabi-gcc/4.8.3-2014q1/bin/../lib/gcc/arm-none-eabi/4.8.3/armv7-m/crtn.o

.text           0x00080000     0x804c
                0x00080000                . = ALIGN (0x4)
                0x00080000                _sfixed = .
 *(.vectors .vectors.*)
 .vectors       0x00080000       0xf4 C:\Users\morav\AppData\Local\arduino15\packages\arduino\hardware\sam\1.6.11\variants\arduino_due_x/libsam_sam3x8e_gcc_rel.a(startup_sam3xa.o)
                0x00080000                exception_table
 *(.text .text.* .gnu.linkonce.t.*)
 .text          0x000800f4       0x54 c:/users/morav/appdata/local/arduino15/packages/arduino/tools/arm-none-eabi-gcc/4.8.3-2014q1/bin/../lib/gcc/arm-none-eabi/4.8.3/armv7-m/crtbegin.o
 .text.__tcf_1  0x00080148       0x1c C:\Users\morav\AppData\Local\Temp\VMBuilds\Security\arduino_due_x_dbg\Release\Security.cpp.o
 .text.__tcf_0  0x00080164       0x1c C:\Users\morav\AppData\Local\Temp\VMBuilds\Security\arduino_due_x_dbg\Release\Security.cpp.o
 .text._Z10setPinModePhhh.part.1
                0x00080180       0x20 C:\Users\morav\AppData\Local\Temp\VMBuilds\Security\arduino_due_x_dbg\Release\Security.cpp.o
 .text._ZNK6String9substringEj
                0x000801a0        0xe C:\Users\morav\AppData\Local\Temp\VMBuilds\Security\arduino_due_x_dbg\Release\Security.cpp.o
                0x000801a0                String::substring(unsigned int) const
 *fill*         0x000801ae        0x2 
 .text._Z13setSensorNamev
                0x000801b0      0x104 C:\Users\morav\AppData\Local\Temp\VMBuilds\Security\arduino_due_x_dbg\Release\Security.cpp.o
                0x000801b0                setSensorName()
 .text._Z13setSensorTypev
                0x000802b4       0xc4 C:\Users\morav\AppData\Local\Temp\VMBuilds\Security\arduino_due_x_dbg\Release\Security.cpp.o
                0x000802b4                setSensorType()
 .text._Z12deleteSensorv
                0x00080378       0x9c C:\Users\morav\AppData\Local\Temp\VMBuilds\Security\arduino_due_x_dbg\Release\Security.cpp.o
                0x00080378                deleteSensor()
 .text._Z13setSwitchNamev
                0x00080414      0x104 C:\Users\morav\AppData\Local\Temp\VMBuilds\Security\arduino_due_x_dbg\Release\Security.cpp.o
                0x00080414                setSwitchName()
 .text._Z12setSwitchPinv
                0x00080518       0xcc C:\Users\morav\AppData\Local\Temp\VMBuilds\Security\arduino_due_x_dbg\Release\Security.cpp.o
                0x00080518                setSwitchPin()
 .text._Z9addSwitchv
                0x000805e4      0x1a0 C:\Users\morav\AppData\Local\Temp\VMBuilds\Security\arduino_due_x_dbg\Release\Security.cpp.o
                0x000805e4                addSwitch()
 .text._Z12deleteSwitchv
                0x00080784       0x8c C:\Users\morav\AppData\Local\Temp\VMBuilds\Security\arduino_due_x_dbg\Release\Security.cpp.o
                0x00080784                deleteSwitch()
 .text._Z15getSensorsStatePhhS_
                0x00080810       0x20 C:\Users\morav\AppData\Local\Temp\VMBuilds\Security\arduino_due_x_dbg\Release\Security.cpp.o
                0x00080810                getSensorsState(unsigned char*, unsigned char, unsigned char*)
 .text._Z12setSensorPinv
                0x00080830       0xd8 C:\Users\morav\AppData\Local\Temp\VMBuilds\Security\arduino_due_x_dbg\Release\Security.cpp.o
                0x00080830                setSensorPin()
 .text._Z9addSensorv
                0x00080908      0x1b8 C:\Users\morav\AppData\Local\Temp\VMBuilds\Security\arduino_due_x_dbg\Release\Security.cpp.o
                0x00080908                addSensor()
 .text._Z14getSwitchStateh
                0x00080ac0       0x18 C:\Users\morav\AppData\Local\Temp\VMBuilds\Security\arduino_due_x_dbg\Release\Security.cpp.o
                0x00080ac0                getSwitchState(unsigned char)
 .text._Z24sendMessageNotRecognizedv
                0x00080ad8       0x3c C:\Users\morav\AppData\Local\Temp\VMBuilds\Security\arduino_due_x_dbg\Release\Security.cpp.o
                0x00080ad8                sendMessageNotRecognized()
 .text._Z11sendCommand6String
                0x00080b14       0x44 C:\Users\morav\AppData\Local\Temp\VMBuilds\Security\arduino_due_x_dbg\Release\Security.cpp.o
                0x00080b14                sendCommand(String)
 .text._Z11sendMessage6String
                0x00080b58       0x94 C:\Users\morav\AppData\Local\Temp\VMBuilds\Security\arduino_due_x_dbg\Release\Security.cpp.o
                0x00080b58                sendMessage(String)
 .text._Z15connectToServerv
                0x00080bec       0xbc C:\Users\morav\AppData\Local\Temp\VMBuilds\Security\arduino_due_x_dbg\Release\Security.cpp.o
                0x00080bec                connectToServer()
 .text._Z13getAllSensorsv
                0x00080ca8      0x1b0 C:\Users\morav\AppData\Local\Temp\VMBuilds\Security\arduino_due_x_dbg\Release\Security.cpp.o
                0x00080ca8                getAllSensors()
 .text._Z14getAllSwitchesv
                0x00080e58      0x178 C:\Users\morav\AppData\Local\Temp\VMBuilds\Security\arduino_due_x_dbg\Release\Security.cpp.o
                0x00080e58                getAllSwitches()
 .text._Z14setSwitchStatev
                0x00080fd0       0xf8 C:\Users\morav\AppData\Local\Temp\VMBuilds\Security\arduino_due_x_dbg\Release\Security.cpp.o
                0x00080fd0                setSwitchState()
 .text._Z20readSerialAndRespondv
                0x000810c8      0x1e8 C:\Users\morav\AppData\Local\Temp\VMBuilds\Security\arduino_due_x_dbg\Release\Security.cpp.o
                0x000810c8                readSerialAndRespond()
 .text._Z36checkSensorStateChangedAndSendIfTruev
                0x000812b0      0x19c C:\Users\morav\AppData\Local\Temp\VMBuilds\Security\arduino_due_x_dbg\Release\Security.cpp.o
                0x000812b0                checkSensorStateChangedAndSendIfTrue()
 .text.startup._GLOBAL__sub_I_in
                0x0008144c       0xb8 C:\Users\morav\AppData\Local\Temp\VMBuilds\Security\arduino_due_x_dbg\Release\Security.cpp.o
 .text.setup    0x00081504       0xcc C:\Users\morav\AppData\Local\Temp\VMBuilds\Security\arduino_due_x_dbg\Release\Security.cpp.o
                0x00081504                setup
 .text._Z17readGsmAndRespondv
                0x000815d0      0x1a0 C:\Users\morav\AppData\Local\Temp\VMBuilds\Security\arduino_due_x_dbg\Release\Security.cpp.o
                0x000815d0                readGsmAndRespond()
 .text.loop     0x00081770       0x12 C:\Users\morav\AppData\Local\Temp\VMBuilds\Security\arduino_due_x_dbg\Release\Security.cpp.o
                0x00081770                loop
 *fill*         0x00081782        0x2 
 .text._Z11serialEventv
                0x00081784       0x3c C:\Users\morav\AppData\Local\Temp\VMBuilds\Security\arduino_due_x_dbg\Release\Security.cpp.o
                0x00081784                serialEvent()
 .text.UART_Handler
                0x000817c0        0xc C:\Users\morav\AppData\Local\Temp\VMBuilds\Security\arduino_due_x_dbg\Release\variant\variant.cpp.o
                0x000817c0                UART_Handler
 .text._Z12serialEvent1v
                0x000817cc        0x2 C:\Users\morav\AppData\Local\Temp\VMBuilds\Security\arduino_due_x_dbg\Release\variant\variant.cpp.o
                0x000817cc                serialEvent1()
 .text._Z12serialEvent2v
                0x000817ce        0x2 C:\Users\morav\AppData\Local\Temp\VMBuilds\Security\arduino_due_x_dbg\Release\variant\variant.cpp.o
                0x000817ce                serialEvent2()
 .text._Z12serialEvent3v
                0x000817d0        0x2 C:\Users\morav\AppData\Local\Temp\VMBuilds\Security\arduino_due_x_dbg\Release\variant\variant.cpp.o
                0x000817d0                serialEvent3()
 *fill*         0x000817d2        0x2 
 .text.USART0_Handler
                0x000817d4        0xc C:\Users\morav\AppData\Local\Temp\VMBuilds\Security\arduino_due_x_dbg\Release\variant\variant.cpp.o
                0x000817d4                USART0_Handler
 .text.USART1_Handler
                0x000817e0        0xc C:\Users\morav\AppData\Local\Temp\VMBuilds\Security\arduino_due_x_dbg\Release\variant\variant.cpp.o
                0x000817e0                USART1_Handler
 .text.USART3_Handler
                0x000817ec        0xc C:\Users\morav\AppData\Local\Temp\VMBuilds\Security\arduino_due_x_dbg\Release\variant\variant.cpp.o
                0x000817ec                USART3_Handler
 .text.init     0x000817f8      0x128 C:\Users\morav\AppData\Local\Temp\VMBuilds\Security\arduino_due_x_dbg\Release\variant\variant.cpp.o
                0x000817f8                init
 .text.startup._GLOBAL__sub_I_g_APinDescription
                0x00081920       0xd4 C:\Users\morav\AppData\Local\Temp\VMBuilds\Security\arduino_due_x_dbg\Release\variant\variant.cpp.o
 .text._Z14serialEventRunv
                0x000819f4       0x44 C:\Users\morav\AppData\Local\Temp\VMBuilds\Security\arduino_due_x_dbg\Release\variant\variant.cpp.o
                0x000819f4                serialEventRun()
 .text.PIO_PullUp
                0x00081a38        0xa C:\Users\morav\AppData\Local\arduino15\packages\arduino\hardware\sam\1.6.11\variants\arduino_due_x/libsam_sam3x8e_gcc_rel.a(pio.o)
                0x00081a38                PIO_PullUp
 .text.PIO_Get  0x00081a42       0x14 C:\Users\morav\AppData\Local\arduino15\packages\arduino\hardware\sam\1.6.11\variants\arduino_due_x/libsam_sam3x8e_gcc_rel.a(pio.o)
                0x00081a42                PIO_Get
 .text.PIO_SetPeripheral
                0x00081a56       0x26 C:\Users\morav\AppData\Local\arduino15\packages\arduino\hardware\sam\1.6.11\variants\arduino_due_x/libsam_sam3x8e_gcc_rel.a(pio.o)
                0x00081a56                PIO_SetPeripheral
 .text.PIO_SetInput
                0x00081a7c       0x26 C:\Users\morav\AppData\Local\arduino15\packages\arduino\hardware\sam\1.6.11\variants\arduino_due_x/libsam_sam3x8e_gcc_rel.a(pio.o)
                0x00081a7c                PIO_SetInput
 .text.PIO_SetOutput
                0x00081aa2       0x24 C:\Users\morav\AppData\Local\arduino15\packages\arduino\hardware\sam\1.6.11\variants\arduino_due_x/libsam_sam3x8e_gcc_rel.a(pio.o)
                0x00081aa2                PIO_SetOutput
 *fill*         0x00081ac6        0x2 
 .text.PIO_Configure
                0x00081ac8       0x64 C:\Users\morav\AppData\Local\arduino15\packages\arduino\hardware\sam\1.6.11\variants\arduino_due_x/libsam_sam3x8e_gcc_rel.a(pio.o)
                0x00081ac8                PIO_Configure
 .text.PIO_GetOutputDataStatus
                0x00081b2c       0x14 C:\Users\morav\AppData\Local\arduino15\packages\arduino\hardware\sam\1.6.11\variants\arduino_due_x/libsam_sam3x8e_gcc_rel.a(pio.o)
                0x00081b2c                PIO_GetOutputDataStatus
 .text.pmc_enable_upll_clock
                0x00081b40       0x14 C:\Users\morav\AppData\Local\arduino15\packages\arduino\hardware\sam\1.6.11\variants\arduino_due_x/libsam_sam3x8e_gcc_rel.a(pmc.o)
                0x00081b40                pmc_enable_upll_clock
 .text.pmc_enable_periph_clk
                0x00081b54       0x44 C:\Users\morav\AppData\Local\arduino15\packages\arduino\hardware\sam\1.6.11\variants\arduino_due_x/libsam_sam3x8e_gcc_rel.a(pmc.o)
                0x00081b54                pmc_enable_periph_clk
 .text.pmc_disable_periph_clk
                0x00081b98       0x40 C:\Users\morav\AppData\Local\arduino15\packages\arduino\hardware\sam\1.6.11\variants\arduino_due_x/libsam_sam3x8e_gcc_rel.a(pmc.o)
                0x00081b98                pmc_disable_periph_clk
 .text.pmc_switch_udpck_to_upllck
                0x00081bd8       0x14 C:\Users\morav\AppData\Local\arduino15\packages\arduino\hardware\sam\1.6.11\variants\arduino_due_x/libsam_sam3x8e_gcc_rel.a(pmc.o)
                0x00081bd8                pmc_switch_udpck_to_upllck
 .text.pmc_enable_udpck
                0x00081bec        0xc C:\Users\morav\AppData\Local\arduino15\packages\arduino\hardware\sam\1.6.11\variants\arduino_due_x/libsam_sam3x8e_gcc_rel.a(pmc.o)
                0x00081bec                pmc_enable_udpck
 .text.SystemInit
                0x00081bf8       0x88 C:\Users\morav\AppData\Local\arduino15\packages\arduino\hardware\sam\1.6.11\variants\arduino_due_x/libsam_sam3x8e_gcc_rel.a(system_sam3xa.o)
                0x00081bf8                SystemInit
 .text.Reset_Handler
                0x00081c80       0x78 C:\Users\morav\AppData\Local\arduino15\packages\arduino\hardware\sam\1.6.11\variants\arduino_due_x/libsam_sam3x8e_gcc_rel.a(startup_sam3xa.o)
                0x00081c80                Reset_Handler
 .text.adc_init
                0x00081cf8       0x98 C:\Users\morav\AppData\Local\arduino15\packages\arduino\hardware\sam\1.6.11\variants\arduino_due_x/libsam_sam3x8e_gcc_rel.a(adc.o)
                0x00081cf8                adc_init
 .text.adc_configure_trigger
                0x00081d90        0xe C:\Users\morav\AppData\Local\arduino15\packages\arduino\hardware\sam\1.6.11\variants\arduino_due_x/libsam_sam3x8e_gcc_rel.a(adc.o)
                0x00081d90                adc_configure_trigger
 .text.adc_configure_timing
                0x00081d9e       0x1a C:\Users\morav\AppData\Local\arduino15\packages\arduino\hardware\sam\1.6.11\variants\arduino_due_x/libsam_sam3x8e_gcc_rel.a(adc.o)
                0x00081d9e                adc_configure_timing
 .text.adc_disable_channel
                0x00081db8        0xa C:\Users\morav\AppData\Local\arduino15\packages\arduino\hardware\sam\1.6.11\variants\arduino_due_x/libsam_sam3x8e_gcc_rel.a(adc.o)
                0x00081db8                adc_disable_channel
 .text.adc_disable_all_channel
                0x00081dc2        0x8 C:\Users\morav\AppData\Local\arduino15\packages\arduino\hardware\sam\1.6.11\variants\arduino_due_x/libsam_sam3x8e_gcc_rel.a(adc.o)
                0x00081dc2                adc_disable_all_channel
 .text.adc_disable_interrupt
                0x00081dca        0x4 C:\Users\morav\AppData\Local\arduino15\packages\arduino\hardware\sam\1.6.11\variants\arduino_due_x/libsam_sam3x8e_gcc_rel.a(adc.o)
                0x00081dca                adc_disable_interrupt
 *fill*         0x00081dce        0x2 
 .text.UOTGHS_Handler
                0x00081dd0       0x10 C:\Users\morav\AppData\Local\arduino15\packages\arduino\hardware\sam\1.6.11\variants\arduino_due_x/libsam_sam3x8e_gcc_rel.a(uotghs.o)
                0x00081dd0                UOTGHS_Handler
 .text.__halt   0x00081de0        0x2 C:\Users\morav\AppData\Local\Temp\VMBuilds\Security\arduino_due_x_dbg\Release/core.a(cortex_handlers.c.o)
                0x00081de0                DACC_Handler
                0x00081de0                DebugMon_Handler
                0x00081de0                DMAC_Handler
                0x00081de0                TRNG_Handler
                0x00081de0                HardFault_Handler
                0x00081de0                TC2_Handler
                0x00081de0                TWI1_Handler
                0x00081de0                NMI_Handler
                0x00081de0                TC7_Handler
                0x00081de0                ADC_Handler
                0x00081de0                SMC_Handler
                0x00081de0                RTT_Handler
                0x00081de0                EFC1_Handler
                0x00081de0                PIOB_Handler
                0x00081de0                RTC_Handler
                0x00081de0                UsageFault_Handler
                0x00081de0                TC6_Handler
                0x00081de0                WDT_Handler
                0x00081de0                CAN0_Handler
                0x00081de0                TC4_Handler
                0x00081de0                TC1_Handler
                0x00081de0                HSMCI_Handler
                0x00081de0                TC3_Handler
                0x00081de0                TWI0_Handler
                0x00081de0                PIOA_Handler
                0x00081de0                SSC_Handler
                0x00081de0                EFC0_Handler
                0x00081de0                PMC_Handler
                0x00081de0                PWM_Handler
                0x00081de0                CAN1_Handler
                0x00081de0                MemManage_Handler
                0x00081de0                SUPC_Handler
                0x00081de0                TC8_Handler
                0x00081de0                USART2_Handler
                0x00081de0                PIOD_Handler
                0x00081de0                EMAC_Handler
                0x00081de0                PIOC_Handler
                0x00081de0                BusFault_Handler
                0x00081de0                RSTC_Handler
                0x00081de0                TC0_Handler
                0x00081de0                TC5_Handler
                0x00081de0                SPI0_Handler
 .text.SVC_Handler
                0x00081de2        0x4 C:\Users\morav\AppData\Local\Temp\VMBuilds\Security\arduino_due_x_dbg\Release/core.a(cortex_handlers.c.o)
                0x00081de2                SVC_Handler
 .text.PendSV_Handler
                0x00081de6        0x4 C:\Users\morav\AppData\Local\Temp\VMBuilds\Security\arduino_due_x_dbg\Release/core.a(cortex_handlers.c.o)
                0x00081de6                PendSV_Handler
 .text.SysTick_Handler
                0x00081dea       0x16 C:\Users\morav\AppData\Local\Temp\VMBuilds\Security\arduino_due_x_dbg\Release/core.a(cortex_handlers.c.o)
                0x00081dea                SysTick_Handler
 .text.__empty  0x00081e00        0x2 C:\Users\morav\AppData\Local\Temp\VMBuilds\Security\arduino_due_x_dbg\Release/core.a(hooks.c.o)
                0x00081e00                yield
 .text.__false  0x00081e02        0x4 C:\Users\morav\AppData\Local\Temp\VMBuilds\Security\arduino_due_x_dbg\Release/core.a(hooks.c.o)
                0x00081e02                sysTickHook
 .text.__halt   0x00081e06        0x2 C:\Users\morav\AppData\Local\Temp\VMBuilds\Security\arduino_due_x_dbg\Release/core.a(hooks.c.o)
                0x00081e06                svcHook
                0x00081e06                pendSVHook
 .text._sbrk    0x00081e08       0x1c C:\Users\morav\AppData\Local\Temp\VMBuilds\Security\arduino_due_x_dbg\Release/core.a(syscalls_sam3.c.o)
                0x00081e08                _sbrk
 .text.link     0x00081e24        0x6 C:\Users\morav\AppData\Local\Temp\VMBuilds\Security\arduino_due_x_dbg\Release/core.a(syscalls_sam3.c.o)
                0x00081e24                link
 .text._close   0x00081e2a        0x6 C:\Users\morav\AppData\Local\Temp\VMBuilds\Security\arduino_due_x_dbg\Release/core.a(syscalls_sam3.c.o)
                0x00081e2a                _close
 .text._fstat   0x00081e30        0xa C:\Users\morav\AppData\Local\Temp\VMBuilds\Security\arduino_due_x_dbg\Release/core.a(syscalls_sam3.c.o)
                0x00081e30                _fstat
 .text._isatty  0x00081e3a        0x4 C:\Users\morav\AppData\Local\Temp\VMBuilds\Security\arduino_due_x_dbg\Release/core.a(syscalls_sam3.c.o)
                0x00081e3a                _isatty
 .text._lseek   0x00081e3e        0x4 C:\Users\morav\AppData\Local\Temp\VMBuilds\Security\arduino_due_x_dbg\Release/core.a(syscalls_sam3.c.o)
                0x00081e3e                _lseek
 .text._read    0x00081e42        0x4 C:\Users\morav\AppData\Local\Temp\VMBuilds\Security\arduino_due_x_dbg\Release/core.a(syscalls_sam3.c.o)
                0x00081e42                _read
 *fill*         0x00081e46        0x2 
 .text._write   0x00081e48       0x24 C:\Users\morav\AppData\Local\Temp\VMBuilds\Security\arduino_due_x_dbg\Release/core.a(syscalls_sam3.c.o)
                0x00081e48                _write
 .text._exit    0x00081e6c       0x10 C:\Users\morav\AppData\Local\Temp\VMBuilds\Security\arduino_due_x_dbg\Release/core.a(syscalls_sam3.c.o)
                0x00081e6c                _exit
 .text._kill    0x00081e7c        0x2 C:\Users\morav\AppData\Local\Temp\VMBuilds\Security\arduino_due_x_dbg\Release/core.a(syscalls_sam3.c.o)
                0x00081e7c                _kill
 .text._getpid  0x00081e7e        0x6 C:\Users\morav\AppData\Local\Temp\VMBuilds\Security\arduino_due_x_dbg\Release/core.a(syscalls_sam3.c.o)
                0x00081e7e                _getpid
 .text.millis   0x00081e84        0x4 C:\Users\morav\AppData\Local\Temp\VMBuilds\Security\arduino_due_x_dbg\Release/core.a(wiring.c.o)
                0x00081e84                millis
 .text.delay    0x00081e88       0x1c C:\Users\morav\AppData\Local\Temp\VMBuilds\Security\arduino_due_x_dbg\Release/core.a(wiring.c.o)
                0x00081e88                delay
 .text.analogOutputInit
                0x00081ea4        0x2 C:\Users\morav\AppData\Local\Temp\VMBuilds\Security\arduino_due_x_dbg\Release/core.a(wiring_analog.c.o)
                0x00081ea4                analogOutputInit
 *fill*         0x00081ea6        0x2 
 .text.pinMode  0x00081ea8      0x108 C:\Users\morav\AppData\Local\Temp\VMBuilds\Security\arduino_due_x_dbg\Release/core.a(wiring_digital.c.o)
                0x00081ea8                pinMode
 .text.digitalWrite
                0x00081fb0       0x70 C:\Users\morav\AppData\Local\Temp\VMBuilds\Security\arduino_due_x_dbg\Release/core.a(wiring_digital.c.o)
                0x00081fb0                digitalWrite
 .text.digitalRead
                0x00082020       0x44 C:\Users\morav\AppData\Local\Temp\VMBuilds\Security\arduino_due_x_dbg\Release/core.a(wiring_digital.c.o)
                0x00082020                digitalRead
 .text.initVariant
                0x00082064        0x2 C:\Users\morav\AppData\Local\Temp\VMBuilds\Security\arduino_due_x_dbg\Release/core.a(main.cpp.o)
                0x00082064                initVariant
 *fill*         0x00082066        0x2 
 .text.startup.main
                0x00082068       0x38 C:\Users\morav\AppData\Local\Temp\VMBuilds\Security\arduino_due_x_dbg\Release/core.a(main.cpp.o)
                0x00082068                main
 .text._ZN5Print5writeEPKhj
                0x000820a0       0x22 C:\Users\morav\AppData\Local\Temp\VMBuilds\Security\arduino_due_x_dbg\Release/core.a(Print.cpp.o)
                0x000820a0                Print::write(unsigned char const*, unsigned int)
 .text._ZN5Print5writeEPKc
                0x000820c2       0x1e C:\Users\morav\AppData\Local\Temp\VMBuilds\Security\arduino_due_x_dbg\Release/core.a(Print.cpp.o)
                0x000820c2                Print::write(char const*)
 .text._ZN5Print5printERK6String
                0x000820e0       0x10 C:\Users\morav\AppData\Local\Temp\VMBuilds\Security\arduino_due_x_dbg\Release/core.a(Print.cpp.o)
                0x000820e0                Print::print(String const&)
 .text._ZN5Print5printEc
                0x000820f0        0xa C:\Users\morav\AppData\Local\Temp\VMBuilds\Security\arduino_due_x_dbg\Release/core.a(Print.cpp.o)
                0x000820f0                Print::print(char)
 *fill*         0x000820fa        0x2 
 .text._ZN5Print7printlnEv
                0x000820fc       0x10 C:\Users\morav\AppData\Local\Temp\VMBuilds\Security\arduino_due_x_dbg\Release/core.a(Print.cpp.o)
                0x000820fc                Print::println()
 .text._ZN5Print7printlnERK6String
                0x0008210c       0x14 C:\Users\morav\AppData\Local\Temp\VMBuilds\Security\arduino_due_x_dbg\Release/core.a(Print.cpp.o)
                0x0008210c                Print::println(String const&)
 .text._ZN5Print7printlnEPKc
                0x00082120       0x14 C:\Users\morav\AppData\Local\Temp\VMBuilds\Security\arduino_due_x_dbg\Release/core.a(Print.cpp.o)
                0x00082120                Print::println(char const*)
 .text._ZN5Print7printlnEc
                0x00082134       0x14 C:\Users\morav\AppData\Local\Temp\VMBuilds\Security\arduino_due_x_dbg\Release/core.a(Print.cpp.o)
                0x00082134                Print::println(char)
 .text.initiateReset
                0x00082148        0xc C:\Users\morav\AppData\Local\Temp\VMBuilds\Security\arduino_due_x_dbg\Release/core.a(Reset.cpp.o)
                0x00082148                initiateReset
 .text.cancelReset
                0x00082154       0x10 C:\Users\morav\AppData\Local\Temp\VMBuilds\Security\arduino_due_x_dbg\Release/core.a(Reset.cpp.o)
                0x00082154                cancelReset
 .text.tickReset
                0x00082164       0x20 C:\Users\morav\AppData\Local\Temp\VMBuilds\Security\arduino_due_x_dbg\Release/core.a(Reset.cpp.o)
                0x00082164                tickReset
 .text._ZN10RingBufferC2Ev
                0x00082184       0x1a C:\Users\morav\AppData\Local\Temp\VMBuilds\Security\arduino_due_x_dbg\Release/core.a(RingBuffer.cpp.o)
                0x00082184                RingBuffer::RingBuffer()
                0x00082184                RingBuffer::RingBuffer()
 .text._ZN10RingBuffer10store_charEh
                0x0008219e       0x1e C:\Users\morav\AppData\Local\Temp\VMBuilds\Security\arduino_due_x_dbg\Release/core.a(RingBuffer.cpp.o)
                0x0008219e                RingBuffer::store_char(unsigned char)
 .text._ZN6Stream9timedReadEv
                0x000821bc       0x2a C:\Users\morav\AppData\Local\Temp\VMBuilds\Security\arduino_due_x_dbg\Release/core.a(Stream.cpp.o)
                0x000821bc                Stream::timedRead()
 *fill*         0x000821e6        0x2 
 .text._ZN6Stream10readStringEv
                0x000821e8       0x28 C:\Users\morav\AppData\Local\Temp\VMBuilds\Security\arduino_due_x_dbg\Release/core.a(Stream.cpp.o)
                0x000821e8                Stream::readString()
 .text._ZN9UARTClasscvbEv
                0x00082210        0x4 C:\Users\morav\AppData\Local\Temp\VMBuilds\Security\arduino_due_x_dbg\Release/core.a(UARTClass.cpp.o)
                0x00082210                UARTClass::operator bool()
 .text._ZN9UARTClass9availableEv
                0x00082214       0x12 C:\Users\morav\AppData\Local\Temp\VMBuilds\Security\arduino_due_x_dbg\Release/core.a(UARTClass.cpp.o)
                0x00082214                UARTClass::available()
 .text._ZN9UARTClass4peekEv
                0x00082226       0x1c C:\Users\morav\AppData\Local\Temp\VMBuilds\Security\arduino_due_x_dbg\Release/core.a(UARTClass.cpp.o)
                0x00082226                UARTClass::peek()
 .text._ZN9UARTClass4readEv
                0x00082242       0x2a C:\Users\morav\AppData\Local\Temp\VMBuilds\Security\arduino_due_x_dbg\Release/core.a(UARTClass.cpp.o)
                0x00082242                UARTClass::read()
 .text._ZN9UARTClass5flushEv
                0x0008226c       0x18 C:\Users\morav\AppData\Local\Temp\VMBuilds\Security\arduino_due_x_dbg\Release/core.a(UARTClass.cpp.o)
                0x0008226c                UARTClass::flush()
 .text._ZN9UARTClass5writeEh
                0x00082284       0x54 C:\Users\morav\AppData\Local\Temp\VMBuilds\Security\arduino_due_x_dbg\Release/core.a(UARTClass.cpp.o)
                0x00082284                UARTClass::write(unsigned char)
 .text._ZN9UARTClass3endEv
                0x000822d8       0x3c C:\Users\morav\AppData\Local\Temp\VMBuilds\Security\arduino_due_x_dbg\Release/core.a(UARTClass.cpp.o)
                0x000822d8                UARTClass::end()
 .text._ZN9UARTClassC2EP4Uart4IRQnmP10RingBufferS4_
                0x00082314       0x24 C:\Users\morav\AppData\Local\Temp\VMBuilds\Security\arduino_due_x_dbg\Release/core.a(UARTClass.cpp.o)
                0x00082314                UARTClass::UARTClass(Uart*, IRQn, unsigned long, RingBuffer*, RingBuffer*)
                0x00082314                UARTClass::UARTClass(Uart*, IRQn, unsigned long, RingBuffer*, RingBuffer*)
 .text._ZN9UARTClass4initEmm
                0x00082338       0x70 C:\Users\morav\AppData\Local\Temp\VMBuilds\Security\arduino_due_x_dbg\Release/core.a(UARTClass.cpp.o)
                0x00082338                UARTClass::init(unsigned long, unsigned long)
 .text._ZN9UARTClass5beginEm
                0x000823a8        0x8 C:\Users\morav\AppData\Local\Temp\VMBuilds\Security\arduino_due_x_dbg\Release/core.a(UARTClass.cpp.o)
                0x000823a8                UARTClass::begin(unsigned long)
 .text._ZN9UARTClass10IrqHandlerEv
                0x000823b0       0x5a C:\Users\morav\AppData\Local\Temp\VMBuilds\Security\arduino_due_x_dbg\Release/core.a(UARTClass.cpp.o)
                0x000823b0                UARTClass::IrqHandler()
 .text._ZN10USARTClass5beginEm
                0x0008240a        0x8 C:\Users\morav\AppData\Local\Temp\VMBuilds\Security\arduino_due_x_dbg\Release/core.a(USARTClass.cpp.o)
                0x0008240a                USARTClass::begin(unsigned long)
 *fill*         0x00082412        0x2 
 .text._ZN10USARTClassC2EP5Usart4IRQnmP10RingBufferS4_
                0x00082414       0x24 C:\Users\morav\AppData\Local\Temp\VMBuilds\Security\arduino_due_x_dbg\Release/core.a(USARTClass.cpp.o)
                0x00082414                USARTClass::USARTClass(Usart*, IRQn, unsigned long, RingBuffer*, RingBuffer*)
                0x00082414                USARTClass::USARTClass(Usart*, IRQn, unsigned long, RingBuffer*, RingBuffer*)
 .text._watchdogDefaultSetup
                0x00082438        0xc C:\Users\morav\AppData\Local\Temp\VMBuilds\Security\arduino_due_x_dbg\Release/core.a(watchdog.cpp.o)
                0x00082438                _watchdogDefaultSetup
                0x00082438                watchdogSetup()
 .text._ZNK6String14StringIfHelperEv
                0x00082444        0x2 C:\Users\morav\AppData\Local\Temp\VMBuilds\Security\arduino_due_x_dbg\Release/core.a(WString.cpp.o)
                0x00082444                String::StringIfHelper() const
 .text._ZN6StringD2Ev
                0x00082446        0xe C:\Users\morav\AppData\Local\Temp\VMBuilds\Security\arduino_due_x_dbg\Release/core.a(WString.cpp.o)
                0x00082446                String::~String()
                0x00082446                String::~String()
 .text._ZN6String10invalidateEv
                0x00082454       0x16 C:\Users\morav\AppData\Local\Temp\VMBuilds\Security\arduino_due_x_dbg\Release/core.a(WString.cpp.o)
                0x00082454                String::invalidate()
 .text._ZN6String12changeBufferEj
                0x0008246a       0x18 C:\Users\morav\AppData\Local\Temp\VMBuilds\Security\arduino_due_x_dbg\Release/core.a(WString.cpp.o)
                0x0008246a                String::changeBuffer(unsigned int)
 .text._ZN6String7reserveEj
                0x00082482       0x22 C:\Users\morav\AppData\Local\Temp\VMBuilds\Security\arduino_due_x_dbg\Release/core.a(WString.cpp.o)
                0x00082482                String::reserve(unsigned int)
 .text._ZN6String4copyEPKcj
                0x000824a4       0x26 C:\Users\morav\AppData\Local\Temp\VMBuilds\Security\arduino_due_x_dbg\Release/core.a(WString.cpp.o)
                0x000824a4                String::copy(char const*, unsigned int)
 .text._ZN6StringC2EPKc
                0x000824ca       0x24 C:\Users\morav\AppData\Local\Temp\VMBuilds\Security\arduino_due_x_dbg\Release/core.a(WString.cpp.o)
                0x000824ca                String::String(char const*)
                0x000824ca                String::String(char const*)
 *fill*         0x000824ee        0x2 
 .text._ZN6String4moveERS_
                0x000824f0       0x44 C:\Users\morav\AppData\Local\Temp\VMBuilds\Security\arduino_due_x_dbg\Release/core.a(WString.cpp.o)
                0x000824f0                String::move(String&)
 .text._ZN6StringaSERKS_
                0x00082534       0x1e C:\Users\morav\AppData\Local\Temp\VMBuilds\Security\arduino_due_x_dbg\Release/core.a(WString.cpp.o)
                0x00082534                String::operator=(String const&)
 .text._ZN6StringC2ERKS_
                0x00082552       0x14 C:\Users\morav\AppData\Local\Temp\VMBuilds\Security\arduino_due_x_dbg\Release/core.a(WString.cpp.o)
                0x00082552                String::String(String const&)
                0x00082552                String::String(String const&)
 .text._ZN6StringaSEOS_
                0x00082566       0x10 C:\Users\morav\AppData\Local\Temp\VMBuilds\Security\arduino_due_x_dbg\Release/core.a(WString.cpp.o)
                0x00082566                String::operator=(String&&)
 .text._ZN6StringaSEPKc
                0x00082576       0x22 C:\Users\morav\AppData\Local\Temp\VMBuilds\Security\arduino_due_x_dbg\Release/core.a(WString.cpp.o)
                0x00082576                String::operator=(char const*)
 .text._ZN6StringC2Ec
                0x00082598       0x20 C:\Users\morav\AppData\Local\Temp\VMBuilds\Security\arduino_due_x_dbg\Release/core.a(WString.cpp.o)
                0x00082598                String::String(char)
                0x00082598                String::String(char)
 .text._ZN6StringC2Ehh
                0x000825b8       0x22 C:\Users\morav\AppData\Local\Temp\VMBuilds\Security\arduino_due_x_dbg\Release/core.a(WString.cpp.o)
                0x000825b8                String::String(unsigned char, unsigned char)
                0x000825b8                String::String(unsigned char, unsigned char)
 .text._ZN6StringC2Eih
                0x000825da       0x24 C:\Users\morav\AppData\Local\Temp\VMBuilds\Security\arduino_due_x_dbg\Release/core.a(WString.cpp.o)
                0x000825da                String::String(int, unsigned char)
                0x000825da                String::String(int, unsigned char)
 .text._ZN6String6concatEPKcj
                0x000825fe       0x2e C:\Users\morav\AppData\Local\Temp\VMBuilds\Security\arduino_due_x_dbg\Release/core.a(WString.cpp.o)
                0x000825fe                String::concat(char const*, unsigned int)
 .text._ZN6String6concatERKS_
                0x0008262c        0xa C:\Users\morav\AppData\Local\Temp\VMBuilds\Security\arduino_due_x_dbg\Release/core.a(WString.cpp.o)
                0x0008262c                String::concat(String const&)
 .text._ZN6String6concatEc
                0x00082636       0x1a C:\Users\morav\AppData\Local\Temp\VMBuilds\Security\arduino_due_x_dbg\Release/core.a(WString.cpp.o)
                0x00082636                String::concat(char)
 .text._ZplRK15StringSumHelperRK6String
                0x00082650       0x1a C:\Users\morav\AppData\Local\Temp\VMBuilds\Security\arduino_due_x_dbg\Release/core.a(WString.cpp.o)
                0x00082650                operator+(StringSumHelper const&, String const&)
 .text._ZplRK15StringSumHelperPKc
                0x0008266a       0x24 C:\Users\morav\AppData\Local\Temp\VMBuilds\Security\arduino_due_x_dbg\Release/core.a(WString.cpp.o)
                0x0008266a                operator+(StringSumHelper const&, char const*)
 .text._ZplRK15StringSumHelperc
                0x0008268e       0x14 C:\Users\morav\AppData\Local\Temp\VMBuilds\Security\arduino_due_x_dbg\Release/core.a(WString.cpp.o)
                0x0008268e                operator+(StringSumHelper const&, char)
 .text._ZNK6String9compareToERKS_
                0x000826a2       0x2c C:\Users\morav\AppData\Local\Temp\VMBuilds\Security\arduino_due_x_dbg\Release/core.a(WString.cpp.o)
                0x000826a2                String::compareTo(String const&) const
 .text._ZNK6String6equalsERKS_
                0x000826ce       0x1c C:\Users\morav\AppData\Local\Temp\VMBuilds\Security\arduino_due_x_dbg\Release/core.a(WString.cpp.o)
                0x000826ce                String::equals(String const&) const
 .text._ZNK6String16equalsIgnoreCaseERKS_
                0x000826ea       0x38 C:\Users\morav\AppData\Local\Temp\VMBuilds\Security\arduino_due_x_dbg\Release/core.a(WString.cpp.o)
                0x000826ea                String::equalsIgnoreCase(String const&) const
 .text._ZNK6String10startsWithERKS_j
                0x00082722       0x2e C:\Users\morav\AppData\Local\Temp\VMBuilds\Security\arduino_due_x_dbg\Release/core.a(WString.cpp.o)
                0x00082722                String::startsWith(String const&, unsigned int) const
 .text._ZNK6String10startsWithERKS_
                0x00082750       0x12 C:\Users\morav\AppData\Local\Temp\VMBuilds\Security\arduino_due_x_dbg\Release/core.a(WString.cpp.o)
                0x00082750                String::startsWith(String const&) const
 .text._ZNK6String8endsWithERKS_
                0x00082762       0x2c C:\Users\morav\AppData\Local\Temp\VMBuilds\Security\arduino_due_x_dbg\Release/core.a(WString.cpp.o)
                0x00082762                String::endsWith(String const&) const
 .text._ZNK6StringixEj
                0x0008278e       0x12 C:\Users\morav\AppData\Local\Temp\VMBuilds\Security\arduino_due_x_dbg\Release/core.a(WString.cpp.o)
                0x0008278e                String::operator[](unsigned int) const
 .text._ZNK6String6charAtEj
                0x000827a0        0x4 C:\Users\morav\AppData\Local\Temp\VMBuilds\Security\arduino_due_x_dbg\Release/core.a(WString.cpp.o)
                0x000827a0                String::charAt(unsigned int) const
 .text._ZNK6String7indexOfEcj
                0x000827a4       0x1c C:\Users\morav\AppData\Local\Temp\VMBuilds\Security\arduino_due_x_dbg\Release/core.a(WString.cpp.o)
                0x000827a4                String::indexOf(char, unsigned int) const
 .text._ZNK6String7indexOfEc
                0x000827c0        0x6 C:\Users\morav\AppData\Local\Temp\VMBuilds\Security\arduino_due_x_dbg\Release/core.a(WString.cpp.o)
                0x000827c0                String::indexOf(char) const
 .text._ZNK6String7indexOfERKS_j
                0x000827c6       0x1e C:\Users\morav\AppData\Local\Temp\VMBuilds\Security\arduino_due_x_dbg\Release/core.a(WString.cpp.o)
                0x000827c6                String::indexOf(String const&, unsigned int) const
 .text._ZNK6String7indexOfERKS_
                0x000827e4        0x6 C:\Users\morav\AppData\Local\Temp\VMBuilds\Security\arduino_due_x_dbg\Release/core.a(WString.cpp.o)
                0x000827e4                String::indexOf(String const&) const
 *fill*         0x000827ea        0x2 
 .text._ZNK6String9substringEjj
                0x000827ec       0x4c C:\Users\morav\AppData\Local\Temp\VMBuilds\Security\arduino_due_x_dbg\Release/core.a(WString.cpp.o)
                0x000827ec                String::substring(unsigned int, unsigned int) const
 .text._ZN6String4trimEv
                0x00082838       0x54 C:\Users\morav\AppData\Local\Temp\VMBuilds\Security\arduino_due_x_dbg\Release/core.a(WString.cpp.o)
                0x00082838                String::trim()
 .text._ZNK6String5toIntEv
                0x0008288c        0xa C:\Users\morav\AppData\Local\Temp\VMBuilds\Security\arduino_due_x_dbg\Release/core.a(WString.cpp.o)
                0x0008288c                String::toInt() const
 *fill*         0x00082896        0x2 
 .text.unlikely._ZL11USB_SendZlpv
                0x00082898       0x20 C:\Users\morav\AppData\Local\Temp\VMBuilds\Security\arduino_due_x_dbg\Release/core.a(USBCore.cpp.o)
 .text._Z14USBD_Availablem
                0x000828b8       0x2c C:\Users\morav\AppData\Local\Temp\VMBuilds\Security\arduino_due_x_dbg\Release/core.a(USBCore.cpp.o)
                0x000828b8                USBD_Available(unsigned long)
 .text._Z9USBD_RecvmPvm
                0x000828e4       0x7c C:\Users\morav\AppData\Local\Temp\VMBuilds\Security\arduino_due_x_dbg\Release/core.a(USBCore.cpp.o)
                0x000828e4                USBD_Recv(unsigned long, void*, unsigned long)
 .text._Z9USBD_Recvm
                0x00082960       0x22 C:\Users\morav\AppData\Local\Temp\VMBuilds\Security\arduino_due_x_dbg\Release/core.a(USBCore.cpp.o)
                0x00082960                USBD_Recv(unsigned long)
 *fill*         0x00082982        0x2 
 .text._Z9USBD_SendmPKvm
                0x00082984       0x4c C:\Users\morav\AppData\Local\Temp\VMBuilds\Security\arduino_due_x_dbg\Release/core.a(USBCore.cpp.o)
                0x00082984                USBD_Send(unsigned long, void const*, unsigned long)
 .text._Z16USBD_SendControlhPKvm
                0x000829d0       0x40 C:\Users\morav\AppData\Local\Temp\VMBuilds\Security\arduino_due_x_dbg\Release/core.a(USBCore.cpp.o)
                0x000829d0                USBD_SendControl(unsigned char, void const*, unsigned long)
 .text.unlikely._ZL24USB_SendStringDescriptorPKhi
                0x00082a10       0x64 C:\Users\morav\AppData\Local\Temp\VMBuilds\Security\arduino_due_x_dbg\Release/core.a(USBCore.cpp.o)
 .text._Z16USBD_RecvControlPvm
                0x00082a74       0x1c C:\Users\morav\AppData\Local\Temp\VMBuilds\Security\arduino_due_x_dbg\Release/core.a(USBCore.cpp.o)
                0x00082a74                USBD_RecvControl(void*, unsigned long)
 .text._Z26USBD_ClassInterfaceRequestR8USBSetup
                0x00082a90       0x1e C:\Users\morav\AppData\Local\Temp\VMBuilds\Security\arduino_due_x_dbg\Release/core.a(USBCore.cpp.o)
                0x00082a90                USBD_ClassInterfaceRequest(USBSetup&)
 .text._Z19USBD_SendInterfacesv
                0x00082aae       0x22 C:\Users\morav\AppData\Local\Temp\VMBuilds\Security\arduino_due_x_dbg\Release/core.a(USBCore.cpp.o)
                0x00082aae                USBD_SendInterfaces()
 .text._Z24USBD_SendOtherInterfacesv
                0x00082ad0       0x22 C:\Users\morav\AppData\Local\Temp\VMBuilds\Security\arduino_due_x_dbg\Release/core.a(USBCore.cpp.o)
                0x00082ad0                USBD_SendOtherInterfaces()
 .text._Z10USBD_Flushm
                0x00082af2       0x16 C:\Users\morav\AppData\Local\Temp\VMBuilds\Security\arduino_due_x_dbg\Release/core.a(USBCore.cpp.o)
                0x00082af2                USBD_Flush(unsigned long)
 .text._ZN10USBDevice_C2Ev
                0x00082b08       0x24 C:\Users\morav\AppData\Local\Temp\VMBuilds\Security\arduino_due_x_dbg\Release/core.a(USBCore.cpp.o)
                0x00082b08                USBDevice_::USBDevice_()
                0x00082b08                USBDevice_::USBDevice_()
 .text._ZN10USBDevice_6attachEv
                0x00082b2c       0x20 C:\Users\morav\AppData\Local\Temp\VMBuilds\Security\arduino_due_x_dbg\Release/core.a(USBCore.cpp.o)
                0x00082b2c                USBDevice_::attach()
 .text.startup._GLOBAL__sub_I_EndPoints
                0x00082b4c        0xc C:\Users\morav\AppData\Local\Temp\VMBuilds\Security\arduino_due_x_dbg\Release/core.a(USBCore.cpp.o)
 .text._ZL7USB_ISRv
                0x00082b58      0x454 C:\Users\morav\AppData\Local\Temp\VMBuilds\Security\arduino_due_x_dbg\Release/core.a(USBCore.cpp.o)
 .text.ltoa     0x00082fac       0x6e C:\Users\morav\AppData\Local\Temp\VMBuilds\Security\arduino_due_x_dbg\Release/core.a(itoa.c.o)
                0x00082fac                ltoa
 .text.itoa     0x0008301a        0x4 C:\Users\morav\AppData\Local\Temp\VMBuilds\Security\arduino_due_x_dbg\Release/core.a(itoa.c.o)
                0x0008301a                itoa
 .text.ultoa    0x0008301e       0x52 C:\Users\morav\AppData\Local\Temp\VMBuilds\Security\arduino_due_x_dbg\Release/core.a(itoa.c.o)
                0x0008301e                ultoa
 .text.utoa     0x00083070        0x4 C:\Users\morav\AppData\Local\Temp\VMBuilds\Security\arduino_due_x_dbg\Release/core.a(itoa.c.o)
                0x00083070                utoa
 .text._ZN7Serial_9availableEv
                0x00083074       0x18 C:\Users\morav\AppData\Local\Temp\VMBuilds\Security\arduino_due_x_dbg\Release/core.a(CDC.cpp.o)
                0x00083074                Serial_::available()
 .text._ZN7Serial_17availableForWriteEv
                0x0008308c        0x6 C:\Users\morav\AppData\Local\Temp\VMBuilds\Security\arduino_due_x_dbg\Release/core.a(CDC.cpp.o)
                0x0008308c                Serial_::availableForWrite()
 *fill*         0x00083092        0x2 
 .text._ZN7Serial_4peekEv
                0x00083094       0x20 C:\Users\morav\AppData\Local\Temp\VMBuilds\Security\arduino_due_x_dbg\Release/core.a(CDC.cpp.o)
                0x00083094                Serial_::peek()
 .text._ZN7Serial_5writeEh
                0x000830b4       0x16 C:\Users\morav\AppData\Local\Temp\VMBuilds\Security\arduino_due_x_dbg\Release/core.a(CDC.cpp.o)
                0x000830b4                Serial_::write(unsigned char)
 *fill*         0x000830ca        0x2 
 .text._ZN7Serial_4readEv
                0x000830cc       0x44 C:\Users\morav\AppData\Local\Temp\VMBuilds\Security\arduino_due_x_dbg\Release/core.a(CDC.cpp.o)
                0x000830cc                Serial_::read()
 .text._ZN7Serial_5flushEv
                0x00083110        0x6 C:\Users\morav\AppData\Local\Temp\VMBuilds\Security\arduino_due_x_dbg\Release/core.a(CDC.cpp.o)
                0x00083110                Serial_::flush()
 *fill*         0x00083116        0x2 
 .text._ZN7Serial_6acceptEv
                0x00083118       0x70 C:\Users\morav\AppData\Local\Temp\VMBuilds\Security\arduino_due_x_dbg\Release/core.a(CDC.cpp.o)
                0x00083118                Serial_::accept()
 .text._ZN7Serial_5writeEPKhj
                0x00083188       0x2c C:\Users\morav\AppData\Local\Temp\VMBuilds\Security\arduino_due_x_dbg\Release/core.a(CDC.cpp.o)
                0x00083188                Serial_::write(unsigned char const*, unsigned int)
 .text._Z16CDC_GetInterfacePh
                0x000831b4       0x14 C:\Users\morav\AppData\Local\Temp\VMBuilds\Security\arduino_due_x_dbg\Release/core.a(CDC.cpp.o)
                0x000831b4                CDC_GetInterface(unsigned char*)
 .text._Z21CDC_GetOtherInterfacePh
                0x000831c8       0x14 C:\Users\morav\AppData\Local\Temp\VMBuilds\Security\arduino_due_x_dbg\Release/core.a(CDC.cpp.o)
                0x000831c8                CDC_GetOtherInterface(unsigned char*)
 .text._Z9CDC_SetupR8USBSetup
                0x000831dc       0x78 C:\Users\morav\AppData\Local\Temp\VMBuilds\Security\arduino_due_x_dbg\Release/core.a(CDC.cpp.o)
                0x000831dc                CDC_Setup(USBSetup&)
 .text.startup._GLOBAL__sub_I_cdc_rx_buffer
                0x00083254       0x1c C:\Users\morav\AppData\Local\Temp\VMBuilds\Security\arduino_due_x_dbg\Release/core.a(CDC.cpp.o)
 .text._ZN13PluggableUSB_12getInterfaceEPh
                0x00083270       0x28 C:\Users\morav\AppData\Local\Temp\VMBuilds\Security\arduino_due_x_dbg\Release/core.a(PluggableUSB.cpp.o)
                0x00083270                PluggableUSB_::getInterface(unsigned char*)
 .text._ZN13PluggableUSB_13getDescriptorER8USBSetup
                0x00083298       0x1c C:\Users\morav\AppData\Local\Temp\VMBuilds\Security\arduino_due_x_dbg\Release/core.a(PluggableUSB.cpp.o)
                0x00083298                PluggableUSB_::getDescriptor(USBSetup&)
 .text._ZN13PluggableUSB_12getShortNameEPc
                0x000832b4       0x1c C:\Users\morav\AppData\Local\Temp\VMBuilds\Security\arduino_due_x_dbg\Release/core.a(PluggableUSB.cpp.o)
                0x000832b4                PluggableUSB_::getShortName(char*)
 .text._ZN13PluggableUSB_5setupER8USBSetup
                0x000832d0       0x20 C:\Users\morav\AppData\Local\Temp\VMBuilds\Security\arduino_due_x_dbg\Release/core.a(PluggableUSB.cpp.o)
                0x000832d0                PluggableUSB_::setup(USBSetup&)
 .text._Z12PluggableUSBv
                0x000832f0       0x28 C:\Users\morav\AppData\Local\Temp\VMBuilds\Security\arduino_due_x_dbg\Release/core.a(PluggableUSB.cpp.o)
                0x000832f0                PluggableUSB()
 .text.TimeTick_Increment
                0x00083318       0x10 C:\Users\morav\AppData\Local\arduino15\packages\arduino\hardware\sam\1.6.11\variants\arduino_due_x/libsam_sam3x8e_gcc_rel.a(timetick.o)
                0x00083318                TimeTick_Increment
 .text.GetTickCount
                0x00083328        0xc C:\Users\morav\AppData\Local\arduino15\packages\arduino\hardware\sam\1.6.11\variants\arduino_due_x/libsam_sam3x8e_gcc_rel.a(timetick.o)
                0x00083328                GetTickCount
 .text.WDT_Disable
                0x00083334        0x8 C:\Users\morav\AppData\Local\arduino15\packages\arduino\hardware\sam\1.6.11\variants\arduino_due_x/libsam_sam3x8e_gcc_rel.a(wdt.o)
                0x00083334                WDT_Disable
 .text.UDD_SetStack
                0x0008333c        0xc C:\Users\morav\AppData\Local\arduino15\packages\arduino\hardware\sam\1.6.11\variants\arduino_due_x/libsam_sam3x8e_gcc_rel.a(uotghs_device.o)
                0x0008333c                UDD_SetStack
 .text.UDD_Init
                0x00083348       0xd0 C:\Users\morav\AppData\Local\arduino15\packages\arduino\hardware\sam\1.6.11\variants\arduino_due_x/libsam_sam3x8e_gcc_rel.a(uotghs_device.o)
                0x00083348                UDD_Init
 .text.UDD_Attach
                0x00083418       0x50 C:\Users\morav\AppData\Local\arduino15\packages\arduino\hardware\sam\1.6.11\variants\arduino_due_x/libsam_sam3x8e_gcc_rel.a(uotghs_device.o)
                0x00083418                UDD_Attach
 .text.UDD_InitEP
                0x00083468       0x2c C:\Users\morav\AppData\Local\arduino15\packages\arduino\hardware\sam\1.6.11\variants\arduino_due_x/libsam_sam3x8e_gcc_rel.a(uotghs_device.o)
                0x00083468                UDD_InitEP
 .text.UDD_InitEndpoints
                0x00083494       0x3c C:\Users\morav\AppData\Local\arduino15\packages\arduino\hardware\sam\1.6.11\variants\arduino_due_x/libsam_sam3x8e_gcc_rel.a(uotghs_device.o)
                0x00083494                UDD_InitEndpoints
 .text.UDD_WaitIN
                0x000834d0       0x10 C:\Users\morav\AppData\Local\arduino15\packages\arduino\hardware\sam\1.6.11\variants\arduino_due_x/libsam_sam3x8e_gcc_rel.a(uotghs_device.o)
                0x000834d0                UDD_WaitIN
 .text.UDD_WaitOUT
                0x000834e0       0x10 C:\Users\morav\AppData\Local\arduino15\packages\arduino\hardware\sam\1.6.11\variants\arduino_due_x/libsam_sam3x8e_gcc_rel.a(uotghs_device.o)
                0x000834e0                UDD_WaitOUT
 .text.UDD_ClearIN
                0x000834f0       0x18 C:\Users\morav\AppData\Local\arduino15\packages\arduino\hardware\sam\1.6.11\variants\arduino_due_x/libsam_sam3x8e_gcc_rel.a(uotghs_device.o)
                0x000834f0                UDD_ClearIN
 .text.UDD_ClearOUT
                0x00083508       0x18 C:\Users\morav\AppData\Local\arduino15\packages\arduino\hardware\sam\1.6.11\variants\arduino_due_x/libsam_sam3x8e_gcc_rel.a(uotghs_device.o)
                0x00083508                UDD_ClearOUT
 .text.UDD_ReceivedSetupInt
                0x00083520       0x10 C:\Users\morav\AppData\Local\arduino15\packages\arduino\hardware\sam\1.6.11\variants\arduino_due_x/libsam_sam3x8e_gcc_rel.a(uotghs_device.o)
                0x00083520                UDD_ReceivedSetupInt
 .text.UDD_ClearSetupInt
                0x00083530       0x10 C:\Users\morav\AppData\Local\arduino15\packages\arduino\hardware\sam\1.6.11\variants\arduino_due_x/libsam_sam3x8e_gcc_rel.a(uotghs_device.o)
                0x00083530                UDD_ClearSetupInt
 .text.UDD_Send
                0x00083540       0x88 C:\Users\morav\AppData\Local\arduino15\packages\arduino\hardware\sam\1.6.11\variants\arduino_due_x/libsam_sam3x8e_gcc_rel.a(uotghs_device.o)
                0x00083540                UDD_Send
 .text.UDD_Send8
                0x000835c8       0x24 C:\Users\morav\AppData\Local\arduino15\packages\arduino\hardware\sam\1.6.11\variants\arduino_due_x/libsam_sam3x8e_gcc_rel.a(uotghs_device.o)
                0x000835c8                UDD_Send8
 .text.UDD_Recv8
                0x000835ec       0x28 C:\Users\morav\AppData\Local\arduino15\packages\arduino\hardware\sam\1.6.11\variants\arduino_due_x/libsam_sam3x8e_gcc_rel.a(uotghs_device.o)
                0x000835ec                UDD_Recv8
 .text.UDD_Recv
                0x00083614       0x34 C:\Users\morav\AppData\Local\arduino15\packages\arduino\hardware\sam\1.6.11\variants\arduino_due_x/libsam_sam3x8e_gcc_rel.a(uotghs_device.o)
                0x00083614                UDD_Recv
 .text.UDD_Stall
                0x00083648       0x14 C:\Users\morav\AppData\Local\arduino15\packages\arduino\hardware\sam\1.6.11\variants\arduino_due_x/libsam_sam3x8e_gcc_rel.a(uotghs_device.o)
                0x00083648                UDD_Stall
 .text.UDD_FifoByteCount
                0x0008365c       0x14 C:\Users\morav\AppData\Local\arduino15\packages\arduino\hardware\sam\1.6.11\variants\arduino_due_x/libsam_sam3x8e_gcc_rel.a(uotghs_device.o)
                0x0008365c                UDD_FifoByteCount
 .text.UDD_ReleaseRX
                0x00083670       0x28 C:\Users\morav\AppData\Local\arduino15\packages\arduino\hardware\sam\1.6.11\variants\arduino_due_x/libsam_sam3x8e_gcc_rel.a(uotghs_device.o)
                0x00083670                UDD_ReleaseRX
 .text.UDD_ReleaseTX
                0x00083698       0x28 C:\Users\morav\AppData\Local\arduino15\packages\arduino\hardware\sam\1.6.11\variants\arduino_due_x/libsam_sam3x8e_gcc_rel.a(uotghs_device.o)
                0x00083698                UDD_ReleaseTX
 .text.UDD_SetAddress
                0x000836c0       0x20 C:\Users\morav\AppData\Local\arduino15\packages\arduino\hardware\sam\1.6.11\variants\arduino_due_x/libsam_sam3x8e_gcc_rel.a(uotghs_device.o)
                0x000836c0                UDD_SetAddress
 .text.__aeabi_atexit
                0x000836e0        0xc c:/users/morav/appdata/local/arduino15/packages/arduino/tools/arm-none-eabi-gcc/4.8.3-2014q1/bin/../lib/gcc/arm-none-eabi/4.8.3/../../../../arm-none-eabi/lib/armv7-m\libg.a(lib_a-aeabi_atexit.o)
                0x000836e0                __aeabi_atexit
 .text.atol     0x000836ec        0x8 c:/users/morav/appdata/local/arduino15/packages/arduino/tools/arm-none-eabi-gcc/4.8.3-2014q1/bin/../lib/gcc/arm-none-eabi/4.8.3/../../../../arm-none-eabi/lib/armv7-m\libg.a(lib_a-atol.o)
                0x000836ec                atol
 .text.__cxa_atexit
                0x000836f4       0x14 c:/users/morav/appdata/local/arduino15/packages/arduino/tools/arm-none-eabi-gcc/4.8.3-2014q1/bin/../lib/gcc/arm-none-eabi/4.8.3/../../../../arm-none-eabi/lib/armv7-m\libg.a(lib_a-cxa_atexit.o)
                0x000836f4                __cxa_atexit
 .text.__libc_init_array
                0x00083708       0x50 c:/users/morav/appdata/local/arduino15/packages/arduino/tools/arm-none-eabi-gcc/4.8.3-2014q1/bin/../lib/gcc/arm-none-eabi/4.8.3/../../../../arm-none-eabi/lib/armv7-m\libg.a(lib_a-init.o)
                0x00083708                __libc_init_array
 .text.iprintf  0x00083758       0x28 c:/users/morav/appdata/local/arduino15/packages/arduino/tools/arm-none-eabi-gcc/4.8.3-2014q1/bin/../lib/gcc/arm-none-eabi/4.8.3/../../../../arm-none-eabi/lib/armv7-m\libg.a(lib_a-iprintf.o)
                0x00083758                iprintf
 .text.isspace  0x00083780       0x14 c:/users/morav/appdata/local/arduino15/packages/arduino/tools/arm-none-eabi-gcc/4.8.3-2014q1/bin/../lib/gcc/arm-none-eabi/4.8.3/../../../../arm-none-eabi/lib/armv7-m\libg.a(lib_a-isspace.o)
                0x00083780                isspace
 .text.malloc   0x00083794       0x10 c:/users/morav/appdata/local/arduino15/packages/arduino/tools/arm-none-eabi-gcc/4.8.3-2014q1/bin/../lib/gcc/arm-none-eabi/4.8.3/../../../../arm-none-eabi/lib/armv7-m\libg.a(lib_a-malloc.o)
                0x00083794                malloc
 .text.free     0x000837a4       0x10 c:/users/morav/appdata/local/arduino15/packages/arduino/tools/arm-none-eabi-gcc/4.8.3-2014q1/bin/../lib/gcc/arm-none-eabi/4.8.3/../../../../arm-none-eabi/lib/armv7-m\libg.a(lib_a-malloc.o)
                0x000837a4                free
 .text._malloc_r
                0x000837b4      0x538 c:/users/morav/appdata/local/arduino15/packages/arduino/tools/arm-none-eabi-gcc/4.8.3-2014q1/bin/../lib/gcc/arm-none-eabi/4.8.3/../../../../arm-none-eabi/lib/armv7-m\libg.a(lib_a-mallocr.o)
                0x000837b4                _malloc_r
 .text          0x00083cec       0xec c:/users/morav/appdata/local/arduino15/packages/arduino/tools/arm-none-eabi-gcc/4.8.3-2014q1/bin/../lib/gcc/arm-none-eabi/4.8.3/../../../../arm-none-eabi/lib/armv7-m\libg.a(lib_a-memcpy.o)
                0x00083cec                memcpy
 .text.memmove  0x00083dd8       0xcc c:/users/morav/appdata/local/arduino15/packages/arduino/tools/arm-none-eabi-gcc/4.8.3-2014q1/bin/../lib/gcc/arm-none-eabi/4.8.3/../../../../arm-none-eabi/lib/armv7-m\libg.a(lib_a-memmove.o)
                0x00083dd8                memmove
 .text.memset   0x00083ea4       0x94 c:/users/morav/appdata/local/arduino15/packages/arduino/tools/arm-none-eabi-gcc/4.8.3-2014q1/bin/../lib/gcc/arm-none-eabi/4.8.3/../../../../arm-none-eabi/lib/armv7-m\libg.a(lib_a-memset.o)
                0x00083ea4                memset
 .text.__malloc_lock
                0x00083f38        0x4 c:/users/morav/appdata/local/arduino15/packages/arduino/tools/arm-none-eabi-gcc/4.8.3-2014q1/bin/../lib/gcc/arm-none-eabi/4.8.3/../../../../arm-none-eabi/lib/armv7-m\libg.a(lib_a-mlock.o)
                0x00083f38                __malloc_lock
 .text.__malloc_unlock
                0x00083f3c        0x4 c:/users/morav/appdata/local/arduino15/packages/arduino/tools/arm-none-eabi-gcc/4.8.3-2014q1/bin/../lib/gcc/arm-none-eabi/4.8.3/../../../../arm-none-eabi/lib/armv7-m\libg.a(lib_a-mlock.o)
                0x00083f3c                __malloc_unlock
 .text.realloc  0x00083f40       0x10 c:/users/morav/appdata/local/arduino15/packages/arduino/tools/arm-none-eabi-gcc/4.8.3-2014q1/bin/../lib/gcc/arm-none-eabi/4.8.3/../../../../arm-none-eabi/lib/armv7-m\libg.a(lib_a-realloc.o)
                0x00083f40                realloc
 .text._realloc_r
                0x00083f50      0x3c0 c:/users/morav/appdata/local/arduino15/packages/arduino/tools/arm-none-eabi-gcc/4.8.3-2014q1/bin/../lib/gcc/arm-none-eabi/4.8.3/../../../../arm-none-eabi/lib/armv7-m\libg.a(lib_a-reallocr.o)
                0x00083f50                _realloc_r
 .text._sbrk_r  0x00084310       0x24 c:/users/morav/appdata/local/arduino15/packages/arduino/tools/arm-none-eabi-gcc/4.8.3-2014q1/bin/../lib/gcc/arm-none-eabi/4.8.3/../../../../arm-none-eabi/lib/armv7-m\libg.a(lib_a-sbrkr.o)
                0x00084310                _sbrk_r
 .text.strchr   0x00084334       0xf4 c:/users/morav/appdata/local/arduino15/packages/arduino/tools/arm-none-eabi-gcc/4.8.3-2014q1/bin/../lib/gcc/arm-none-eabi/4.8.3/../../../../arm-none-eabi/lib/armv7-m\libg.a(lib_a-strchr.o)
                0x00084334                strchr
 .text          0x00084428      0x23c c:/users/morav/appdata/local/arduino15/packages/arduino/tools/arm-none-eabi-gcc/4.8.3-2014q1/bin/../lib/gcc/arm-none-eabi/4.8.3/../../../../arm-none-eabi/lib/armv7-m\libg.a(lib_a-strcmp.o)
                0x00084428                strcmp
 .text.strcpy   0x00084664       0xbc c:/users/morav/appdata/local/arduino15/packages/arduino/tools/arm-none-eabi-gcc/4.8.3-2014q1/bin/../lib/gcc/arm-none-eabi/4.8.3/../../../../arm-none-eabi/lib/armv7-m\libg.a(lib_a-strcpy.o)
                0x00084664                strcpy
 .text.strlen   0x00084720       0x60 c:/users/morav/appdata/local/arduino15/packages/arduino/tools/arm-none-eabi-gcc/4.8.3-2014q1/bin/../lib/gcc/arm-none-eabi/4.8.3/../../../../arm-none-eabi/lib/armv7-m\libg.a(lib_a-strlen.o)
                0x00084720                strlen
 .text.strncmp  0x00084780       0xb4 c:/users/morav/appdata/local/arduino15/packages/arduino/tools/arm-none-eabi-gcc/4.8.3-2014q1/bin/../lib/gcc/arm-none-eabi/4.8.3/../../../../arm-none-eabi/lib/armv7-m\libg.a(lib_a-strncmp.o)
                0x00084780                strncmp
 .text.critical_factorization
                0x00084834       0xbc c:/users/morav/appdata/local/arduino15/packages/arduino/tools/arm-none-eabi-gcc/4.8.3-2014q1/bin/../lib/gcc/arm-none-eabi/4.8.3/../../../../arm-none-eabi/lib/armv7-m\libg.a(lib_a-strstr.o)
 .text.two_way_long_needle
                0x000848f0      0x1ec c:/users/morav/appdata/local/arduino15/packages/arduino/tools/arm-none-eabi-gcc/4.8.3-2014q1/bin/../lib/gcc/arm-none-eabi/4.8.3/../../../../arm-none-eabi/lib/armv7-m\libg.a(lib_a-strstr.o)
 .text.strstr   0x00084adc      0x200 c:/users/morav/appdata/local/arduino15/packages/arduino/tools/arm-none-eabi-gcc/4.8.3-2014q1/bin/../lib/gcc/arm-none-eabi/4.8.3/../../../../arm-none-eabi/lib/armv7-m\libg.a(lib_a-strstr.o)
                0x00084adc                strstr
 .text._strtol_r
                0x00084cdc      0x114 c:/users/morav/appdata/local/arduino15/packages/arduino/tools/arm-none-eabi-gcc/4.8.3-2014q1/bin/../lib/gcc/arm-none-eabi/4.8.3/../../../../arm-none-eabi/lib/armv7-m\libg.a(lib_a-strtol.o)
                0x00084cdc                _strtol_r
 .text.strtol   0x00084df0       0x18 c:/users/morav/appdata/local/arduino15/packages/arduino/tools/arm-none-eabi-gcc/4.8.3-2014q1/bin/../lib/gcc/arm-none-eabi/4.8.3/../../../../arm-none-eabi/lib/armv7-m\libg.a(lib_a-strtol.o)
                0x00084df0                strtol
 .text.kill     0x00084e08       0x10 c:/users/morav/appdata/local/arduino15/packages/arduino/tools/arm-none-eabi-gcc/4.8.3-2014q1/bin/../lib/gcc/arm-none-eabi/4.8.3/../../../../arm-none-eabi/lib/armv7-m\libg.a(lib_a-syskill.o)
                0x00084e08                kill
 .text.tolower  0x00084e18       0x18 c:/users/morav/appdata/local/arduino15/packages/arduino/tools/arm-none-eabi-gcc/4.8.3-2014q1/bin/../lib/gcc/arm-none-eabi/4.8.3/../../../../arm-none-eabi/lib/armv7-m\libg.a(lib_a-tolower.o)
                0x00084e18                tolower
 .text.__sprint_r.part.0
                0x00084e30       0x78 c:/users/morav/appdata/local/arduino15/packages/arduino/tools/arm-none-eabi-gcc/4.8.3-2014q1/bin/../lib/gcc/arm-none-eabi/4.8.3/../../../../arm-none-eabi/lib/armv7-m\libg.a(lib_a-vfiprintf.o)
 .text._vfiprintf_r
                0x00084ea8      0xc54 c:/users/morav/appdata/local/arduino15/packages/arduino/tools/arm-none-eabi-gcc/4.8.3-2014q1/bin/../lib/gcc/arm-none-eabi/4.8.3/../../../../arm-none-eabi/lib/armv7-m\libg.a(lib_a-vfiprintf.o)
                0x00084ea8                _vfiprintf_r
 .text.__sbprintf
                0x00085afc       0x7c c:/users/morav/appdata/local/arduino15/packages/arduino/tools/arm-none-eabi-gcc/4.8.3-2014q1/bin/../lib/gcc/arm-none-eabi/4.8.3/../../../../arm-none-eabi/lib/armv7-m\libg.a(lib_a-vfiprintf.o)
 .text.__swsetup_r
                0x00085b78       0xc4 c:/users/morav/appdata/local/arduino15/packages/arduino/tools/arm-none-eabi-gcc/4.8.3-2014q1/bin/../lib/gcc/arm-none-eabi/4.8.3/../../../../arm-none-eabi/lib/armv7-m\libg.a(lib_a-wsetup.o)
                0x00085b78                __swsetup_r
 .text.__register_exitproc
                0x00085c3c       0xa8 c:/users/morav/appdata/local/arduino15/packages/arduino/tools/arm-none-eabi-gcc/4.8.3-2014q1/bin/../lib/gcc/arm-none-eabi/4.8.3/../../../../arm-none-eabi/lib/armv7-m\libg.a(lib_a-__atexit.o)
                0x00085c3c                __register_exitproc
 .text.startup.register_fini
                0x00085ce4       0x14 c:/users/morav/appdata/local/arduino15/packages/arduino/tools/arm-none-eabi-gcc/4.8.3-2014q1/bin/../lib/gcc/arm-none-eabi/4.8.3/../../../../arm-none-eabi/lib/armv7-m\libg.a(lib_a-__call_atexit.o)
 .text.atexit   0x00085cf8        0xc c:/users/morav/appdata/local/arduino15/packages/arduino/tools/arm-none-eabi-gcc/4.8.3-2014q1/bin/../lib/gcc/arm-none-eabi/4.8.3/../../../../arm-none-eabi/lib/armv7-m\libg.a(lib_a-atexit.o)
                0x00085cf8                atexit
 .text.__sflush_r
                0x00085d04      0x148 c:/users/morav/appdata/local/arduino15/packages/arduino/tools/arm-none-eabi-gcc/4.8.3-2014q1/bin/../lib/gcc/arm-none-eabi/4.8.3/../../../../arm-none-eabi/lib/armv7-m\libg.a(lib_a-fflush.o)
                0x00085d04                __sflush_r
 .text._fflush_r
                0x00085e4c       0x2c c:/users/morav/appdata/local/arduino15/packages/arduino/tools/arm-none-eabi-gcc/4.8.3-2014q1/bin/../lib/gcc/arm-none-eabi/4.8.3/../../../../arm-none-eabi/lib/armv7-m\libg.a(lib_a-fflush.o)
                0x00085e4c                _fflush_r
 .text._cleanup_r
                0x00085e78        0xc c:/users/morav/appdata/local/arduino15/packages/arduino/tools/arm-none-eabi-gcc/4.8.3-2014q1/bin/../lib/gcc/arm-none-eabi/4.8.3/../../../../arm-none-eabi/lib/armv7-m\libg.a(lib_a-findfp.o)
                0x00085e78                _cleanup_r
 .text.__sinit  0x00085e84       0xf4 c:/users/morav/appdata/local/arduino15/packages/arduino/tools/arm-none-eabi-gcc/4.8.3-2014q1/bin/../lib/gcc/arm-none-eabi/4.8.3/../../../../arm-none-eabi/lib/armv7-m\libg.a(lib_a-findfp.o)
                0x00085e84                __sinit
 .text.__sfp_lock_acquire
                0x00085f78        0x4 c:/users/morav/appdata/local/arduino15/packages/arduino/tools/arm-none-eabi-gcc/4.8.3-2014q1/bin/../lib/gcc/arm-none-eabi/4.8.3/../../../../arm-none-eabi/lib/armv7-m\libg.a(lib_a-findfp.o)
                0x00085f78                __sfp_lock_acquire
 .text.__sfp_lock_release
                0x00085f7c        0x4 c:/users/morav/appdata/local/arduino15/packages/arduino/tools/arm-none-eabi-gcc/4.8.3-2014q1/bin/../lib/gcc/arm-none-eabi/4.8.3/../../../../arm-none-eabi/lib/armv7-m\libg.a(lib_a-findfp.o)
                0x00085f7c                __sfp_lock_release
 .text.__libc_fini_array
                0x00085f80       0x30 c:/users/morav/appdata/local/arduino15/packages/arduino/tools/arm-none-eabi-gcc/4.8.3-2014q1/bin/../lib/gcc/arm-none-eabi/4.8.3/../../../../arm-none-eabi/lib/armv7-m\libg.a(lib_a-fini.o)
                0x00085f80                __libc_fini_array
 .text._fputwc_r
                0x00085fb0       0xc0 c:/users/morav/appdata/local/arduino15/packages/arduino/tools/arm-none-eabi-gcc/4.8.3-2014q1/bin/../lib/gcc/arm-none-eabi/4.8.3/../../../../arm-none-eabi/lib/armv7-m\libg.a(lib_a-fputwc.o)
                0x00085fb0                _fputwc_r
 .text._malloc_trim_r
                0x00086070       0x9c c:/users/morav/appdata/local/arduino15/packages/arduino/tools/arm-none-eabi-gcc/4.8.3-2014q1/bin/../lib/gcc/arm-none-eabi/4.8.3/../../../../arm-none-eabi/lib/armv7-m\libg.a(lib_a-freer.o)
                0x00086070                _malloc_trim_r
 .text._free_r  0x0008610c      0x198 c:/users/morav/appdata/local/arduino15/packages/arduino/tools/arm-none-eabi-gcc/4.8.3-2014q1/bin/../lib/gcc/arm-none-eabi/4.8.3/../../../../arm-none-eabi/lib/armv7-m\libg.a(lib_a-freer.o)
                0x0008610c                _free_r
 .text.__sfvwrite_r
                0x000862a4      0x314 c:/users/morav/appdata/local/arduino15/packages/arduino/tools/arm-none-eabi-gcc/4.8.3-2014q1/bin/../lib/gcc/arm-none-eabi/4.8.3/../../../../arm-none-eabi/lib/armv7-m\libg.a(lib_a-fvwrite.o)
                0x000862a4                __sfvwrite_r
 .text._fwalk   0x000865b8       0x48 c:/users/morav/appdata/local/arduino15/packages/arduino/tools/arm-none-eabi-gcc/4.8.3-2014q1/bin/../lib/gcc/arm-none-eabi/4.8.3/../../../../arm-none-eabi/lib/armv7-m\libg.a(lib_a-fwalk.o)
                0x000865b8                _fwalk
 .text.__locale_charset
                0x00086600        0x8 c:/users/morav/appdata/local/arduino15/packages/arduino/tools/arm-none-eabi-gcc/4.8.3-2014q1/bin/../lib/gcc/arm-none-eabi/4.8.3/../../../../arm-none-eabi/lib/armv7-m\libg.a(lib_a-locale.o)
                0x00086600                __locale_charset
 .text.__locale_mb_cur_max
                0x00086608        0xc c:/users/morav/appdata/local/arduino15/packages/arduino/tools/arm-none-eabi-gcc/4.8.3-2014q1/bin/../lib/gcc/arm-none-eabi/4.8.3/../../../../arm-none-eabi/lib/armv7-m\libg.a(lib_a-locale.o)
                0x00086608                __locale_mb_cur_max
 .text.__smakebuf_r
                0x00086614       0xe0 c:/users/morav/appdata/local/arduino15/packages/arduino/tools/arm-none-eabi-gcc/4.8.3-2014q1/bin/../lib/gcc/arm-none-eabi/4.8.3/../../../../arm-none-eabi/lib/armv7-m\libg.a(lib_a-makebuf.o)
                0x00086614                __smakebuf_r
 .text.memchr   0x000866f4       0x94 c:/users/morav/appdata/local/arduino15/packages/arduino/tools/arm-none-eabi-gcc/4.8.3-2014q1/bin/../lib/gcc/arm-none-eabi/4.8.3/../../../../arm-none-eabi/lib/armv7-m\libg.a(lib_a-memchr-stub.o)
                0x000866f4                memchr
 .text.memcmp   0x00086788       0x68 c:/users/morav/appdata/local/arduino15/packages/arduino/tools/arm-none-eabi-gcc/4.8.3-2014q1/bin/../lib/gcc/arm-none-eabi/4.8.3/../../../../arm-none-eabi/lib/armv7-m\libg.a(lib_a-memcmp.o)
                0x00086788                memcmp
 .text._kill_r  0x000867f0       0x28 c:/users/morav/appdata/local/arduino15/packages/arduino/tools/arm-none-eabi-gcc/4.8.3-2014q1/bin/../lib/gcc/arm-none-eabi/4.8.3/../../../../arm-none-eabi/lib/armv7-m\libg.a(lib_a-signalr.o)
                0x000867f0                _kill_r
 .text.__sread  0x00086818       0x24 c:/users/morav/appdata/local/arduino15/packages/arduino/tools/arm-none-eabi-gcc/4.8.3-2014q1/bin/../lib/gcc/arm-none-eabi/4.8.3/../../../../arm-none-eabi/lib/armv7-m\libg.a(lib_a-stdio.o)
                0x00086818                __sread
 .text.__swrite
                0x0008683c       0x38 c:/users/morav/appdata/local/arduino15/packages/arduino/tools/arm-none-eabi-gcc/4.8.3-2014q1/bin/../lib/gcc/arm-none-eabi/4.8.3/../../../../arm-none-eabi/lib/armv7-m\libg.a(lib_a-stdio.o)
                0x0008683c                __swrite
 .text.__sseek  0x00086874       0x20 c:/users/morav/appdata/local/arduino15/packages/arduino/tools/arm-none-eabi-gcc/4.8.3-2014q1/bin/../lib/gcc/arm-none-eabi/4.8.3/../../../../arm-none-eabi/lib/armv7-m\libg.a(lib_a-stdio.o)
                0x00086874                __sseek
 .text.__sclose
                0x00086894        0x8 c:/users/morav/appdata/local/arduino15/packages/arduino/tools/arm-none-eabi-gcc/4.8.3-2014q1/bin/../lib/gcc/arm-none-eabi/4.8.3/../../../../arm-none-eabi/lib/armv7-m\libg.a(lib_a-stdio.o)
                0x00086894                __sclose
 .text.__swbuf_r
                0x0008689c       0xa8 c:/users/morav/appdata/local/arduino15/packages/arduino/tools/arm-none-eabi-gcc/4.8.3-2014q1/bin/../lib/gcc/arm-none-eabi/4.8.3/../../../../arm-none-eabi/lib/armv7-m\libg.a(lib_a-wbuf.o)
                0x0008689c                __swbuf_r
 .text._wcrtomb_r
                0x00086944       0x50 c:/users/morav/appdata/local/arduino15/packages/arduino/tools/arm-none-eabi-gcc/4.8.3-2014q1/bin/../lib/gcc/arm-none-eabi/4.8.3/../../../../arm-none-eabi/lib/armv7-m\libg.a(lib_a-wcrtomb.o)
                0x00086944                _wcrtomb_r
 .text.__ascii_wctomb
                0x00086994       0x1c c:/users/morav/appdata/local/arduino15/packages/arduino/tools/arm-none-eabi-gcc/4.8.3-2014q1/bin/../lib/gcc/arm-none-eabi/4.8.3/../../../../arm-none-eabi/lib/armv7-m\libg.a(lib_a-wctomb_r.o)
                0x00086994                __ascii_wctomb
 .text._write_r
                0x000869b0       0x28 c:/users/morav/appdata/local/arduino15/packages/arduino/tools/arm-none-eabi-gcc/4.8.3-2014q1/bin/../lib/gcc/arm-none-eabi/4.8.3/../../../../arm-none-eabi/lib/armv7-m\libg.a(lib_a-writer.o)
                0x000869b0                _write_r
 .text._close_r
                0x000869d8       0x24 c:/users/morav/appdata/local/arduino15/packages/arduino/tools/arm-none-eabi-gcc/4.8.3-2014q1/bin/../lib/gcc/arm-none-eabi/4.8.3/../../../../arm-none-eabi/lib/armv7-m\libg.a(lib_a-closer.o)
                0x000869d8                _close_r
 .text._fclose_r
                0x000869fc       0x80 c:/users/morav/appdata/local/arduino15/packages/arduino/tools/arm-none-eabi-gcc/4.8.3-2014q1/bin/../lib/gcc/arm-none-eabi/4.8.3/../../../../arm-none-eabi/lib/armv7-m\libg.a(lib_a-fclose.o)
                0x000869fc                _fclose_r
 .text.fclose   0x00086a7c       0x10 c:/users/morav/appdata/local/arduino15/packages/arduino/tools/arm-none-eabi-gcc/4.8.3-2014q1/bin/../lib/gcc/arm-none-eabi/4.8.3/../../../../arm-none-eabi/lib/armv7-m\libg.a(lib_a-fclose.o)
                0x00086a7c                fclose
 .text._fstat_r
                0x00086a8c       0x28 c:/users/morav/appdata/local/arduino15/packages/arduino/tools/arm-none-eabi-gcc/4.8.3-2014q1/bin/../lib/gcc/arm-none-eabi/4.8.3/../../../../arm-none-eabi/lib/armv7-m\libg.a(lib_a-fstatr.o)
                0x00086a8c                _fstat_r
 .text._isatty_r
                0x00086ab4       0x24 c:/users/morav/appdata/local/arduino15/packages/arduino/tools/arm-none-eabi-gcc/4.8.3-2014q1/bin/../lib/gcc/arm-none-eabi/4.8.3/../../../../arm-none-eabi/lib/armv7-m\libg.a(lib_a-isattyr.o)
                0x00086ab4                _isatty_r
 .text._lseek_r
                0x00086ad8       0x28 c:/users/morav/appdata/local/arduino15/packages/arduino/tools/arm-none-eabi-gcc/4.8.3-2014q1/bin/../lib/gcc/arm-none-eabi/4.8.3/../../../../arm-none-eabi/lib/armv7-m\libg.a(lib_a-lseekr.o)
                0x00086ad8                _lseek_r
 .text._read_r  0x00086b00       0x28 c:/users/morav/appdata/local/arduino15/packages/arduino/tools/arm-none-eabi-gcc/4.8.3-2014q1/bin/../lib/gcc/arm-none-eabi/4.8.3/../../../../arm-none-eabi/lib/armv7-m\libg.a(lib_a-readr.o)
                0x00086b00                _read_r
 .text          0x00086b28       0x2c c:/users/morav/appdata/local/arduino15/packages/arduino/tools/arm-none-eabi-gcc/4.8.3-2014q1/bin/../lib/gcc/arm-none-eabi/4.8.3/armv7-m\libgcc.a(_aeabi_uldivmod.o)
                0x00086b28                __aeabi_uldivmod
 .text          0x00086b54       0x60 c:/users/morav/appdata/local/arduino15/packages/arduino/tools/arm-none-eabi-gcc/4.8.3-2014q1/bin/../lib/gcc/arm-none-eabi/4.8.3/armv7-m\libgcc.a(bpabi.o)
                0x00086b54                __gnu_ldivmod_helper
                0x00086b84                __gnu_uldivmod_helper
 .text          0x00086bb4        0x4 c:/users/morav/appdata/local/arduino15/packages/arduino/tools/arm-none-eabi-gcc/4.8.3-2014q1/bin/../lib/gcc/arm-none-eabi/4.8.3/armv7-m\libgcc.a(_dvmd_tls.o)
                0x00086bb4                __aeabi_idiv0
                0x00086bb4                __aeabi_ldiv0
 .text          0x00086bb8      0x2a0 c:/users/morav/appdata/local/arduino15/packages/arduino/tools/arm-none-eabi-gcc/4.8.3-2014q1/bin/../lib/gcc/arm-none-eabi/4.8.3/armv7-m\libgcc.a(_divdi3.o)
                0x00086bb8                __divdi3
 .text          0x00086e58      0x290 c:/users/morav/appdata/local/arduino15/packages/arduino/tools/arm-none-eabi-gcc/4.8.3-2014q1/bin/../lib/gcc/arm-none-eabi/4.8.3/armv7-m\libgcc.a(_udivdi3.o)
                0x00086e58                __udivdi3
 *(.glue_7t)
 .glue_7t       0x00000000        0x0 linker stubs
 *(.glue_7)
 .glue_7        0x00000000        0x0 linker stubs
 *(.rodata .rodata* .gnu.linkonce.r.*)
 .rodata._ZL18stringDeleteSensor
                0x000870e8        0xd C:\Users\morav\AppData\Local\Temp\VMBuilds\Security\arduino_due_x_dbg\Release\Security.cpp.o
 .rodata._ZL19stringSetSensorType
                0x000870f5        0xe C:\Users\morav\AppData\Local\Temp\VMBuilds\Security\arduino_due_x_dbg\Release\Security.cpp.o
 .rodata._ZL15stringAddSwitch
                0x00087103        0xa C:\Users\morav\AppData\Local\Temp\VMBuilds\Security\arduino_due_x_dbg\Release\Security.cpp.o
 .rodata._ZL8stringOk
                0x0008710d        0x3 C:\Users\morav\AppData\Local\Temp\VMBuilds\Security\arduino_due_x_dbg\Release\Security.cpp.o
 .rodata._ZL10stringName
                0x00087110        0x5 C:\Users\morav\AppData\Local\Temp\VMBuilds\Security\arduino_due_x_dbg\Release\Security.cpp.o
 .rodata._ZL12stringEquals
                0x00087115        0x4 C:\Users\morav\AppData\Local\Temp\VMBuilds\Security\arduino_due_x_dbg\Release\Security.cpp.o
 .rodata._ZL20stringSensorCategory
                0x00087119        0x7 C:\Users\morav\AppData\Local\Temp\VMBuilds\Security\arduino_due_x_dbg\Release\Security.cpp.o
 .rodata._ZL18stringSetSensorPin
                0x00087120        0xd C:\Users\morav\AppData\Local\Temp\VMBuilds\Security\arduino_due_x_dbg\Release\Security.cpp.o
 .rodata.str1.1
                0x0008712d       0xd3 C:\Users\morav\AppData\Local\Temp\VMBuilds\Security\arduino_due_x_dbg\Release\Security.cpp.o
                                 0xd4 (size before relaxing)
 .rodata._ZL15stringAddSensor
                0x00087200        0xa C:\Users\morav\AppData\Local\Temp\VMBuilds\Security\arduino_due_x_dbg\Release\Security.cpp.o
 .rodata._ZL9stringPin
                0x0008720a        0x4 C:\Users\morav\AppData\Local\Temp\VMBuilds\Security\arduino_due_x_dbg\Release\Security.cpp.o
 .rodata._ZL8stringId
                0x0008720e        0x3 C:\Users\morav\AppData\Local\Temp\VMBuilds\Security\arduino_due_x_dbg\Release\Security.cpp.o
 .rodata._ZL20stringSetSwitchState
                0x00087211        0xf C:\Users\morav\AppData\Local\Temp\VMBuilds\Security\arduino_due_x_dbg\Release\Security.cpp.o
 .rodata._ZL11stringState
                0x00087220        0x6 C:\Users\morav\AppData\Local\Temp\VMBuilds\Security\arduino_due_x_dbg\Release\Security.cpp.o
 .rodata._ZL15stringSeparator
                0x00087226        0x2 C:\Users\morav\AppData\Local\Temp\VMBuilds\Security\arduino_due_x_dbg\Release\Security.cpp.o
 .rodata._ZL19stringGetAllSensors
                0x00087228        0xe C:\Users\morav\AppData\Local\Temp\VMBuilds\Security\arduino_due_x_dbg\Release\Security.cpp.o
 .rodata._ZL22stringSwitchesCategory
                0x00087236        0x9 C:\Users\morav\AppData\Local\Temp\VMBuilds\Security\arduino_due_x_dbg\Release\Security.cpp.o
 .rodata._ZL18stringDeleteSwitch
                0x0008723f        0xd C:\Users\morav\AppData\Local\Temp\VMBuilds\Security\arduino_due_x_dbg\Release\Security.cpp.o
 .rodata._ZL21stringSensorsCategory
                0x0008724c        0x8 C:\Users\morav\AppData\Local\Temp\VMBuilds\Security\arduino_due_x_dbg\Release\Security.cpp.o
 .rodata._ZL18stringSetSwitchPin
                0x00087254        0xd C:\Users\morav\AppData\Local\Temp\VMBuilds\Security\arduino_due_x_dbg\Release\Security.cpp.o
 .rodata._ZL20stringGetAllSwitches
                0x00087261        0xf C:\Users\morav\AppData\Local\Temp\VMBuilds\Security\arduino_due_x_dbg\Release\Security.cpp.o
 .rodata._ZL19stringSetSwitchName
                0x00087270        0xe C:\Users\morav\AppData\Local\Temp\VMBuilds\Security\arduino_due_x_dbg\Release\Security.cpp.o
 .rodata._ZL11stringError
                0x0008727e        0x6 C:\Users\morav\AppData\Local\Temp\VMBuilds\Security\arduino_due_x_dbg\Release\Security.cpp.o
 .rodata._ZL19stringSetSensorName
                0x00087284        0xe C:\Users\morav\AppData\Local\Temp\VMBuilds\Security\arduino_due_x_dbg\Release\Security.cpp.o
 .rodata._ZL10stringType
                0x00087292        0x5 C:\Users\morav\AppData\Local\Temp\VMBuilds\Security\arduino_due_x_dbg\Release\Security.cpp.o
 *fill*         0x00087297        0x1 
 .rodata.g_APinDescription
                0x00087298      0xa2c C:\Users\morav\AppData\Local\Temp\VMBuilds\Security\arduino_due_x_dbg\Release\variant\variant.cpp.o
                0x00087298                g_APinDescription
 .rodata        0x00087cc4       0x40 C:\Users\morav\AppData\Local\arduino15\packages\arduino\hardware\sam\1.6.11\variants\arduino_due_x/libsam_sam3x8e_gcc_rel.a(adc.o)
 .rodata.str1.1
                0x00087d04       0x19 C:\Users\morav\AppData\Local\Temp\VMBuilds\Security\arduino_due_x_dbg\Release/core.a(syscalls_sam3.c.o)
 .rodata.str1.1
                0x00087d1d        0xf C:\Users\morav\AppData\Local\Temp\VMBuilds\Security\arduino_due_x_dbg\Release/core.a(Print.cpp.o)
 .rodata.str1.1
                0x00000000        0x1 C:\Users\morav\AppData\Local\Temp\VMBuilds\Security\arduino_due_x_dbg\Release/core.a(Stream.cpp.o)
 *fill*         0x00087d2c        0x4 
 .rodata._ZTV9UARTClass
                0x00087d30       0x30 C:\Users\morav\AppData\Local\Temp\VMBuilds\Security\arduino_due_x_dbg\Release/core.a(UARTClass.cpp.o)
                0x00087d30                vtable for UARTClass
 .rodata._ZTV10USARTClass
                0x00087d60       0x30 C:\Users\morav\AppData\Local\Temp\VMBuilds\Security\arduino_due_x_dbg\Release/core.a(USARTClass.cpp.o)
                0x00087d60                vtable for USARTClass
 .rodata.str1.1
                0x00000000        0x1 C:\Users\morav\AppData\Local\Temp\VMBuilds\Security\arduino_due_x_dbg\Release/core.a(WString.cpp.o)
 .rodata.STRING_PRODUCT
                0x00087d90        0xc C:\Users\morav\AppData\Local\Temp\VMBuilds\Security\arduino_due_x_dbg\Release/core.a(USBCore.cpp.o)
                0x00087d90                STRING_PRODUCT
 .rodata.USB_DeviceDescriptor
                0x00087d9c       0x12 C:\Users\morav\AppData\Local\Temp\VMBuilds\Security\arduino_due_x_dbg\Release/core.a(USBCore.cpp.o)
                0x00087d9c                USB_DeviceDescriptor
 .rodata.STRING_LANGUAGE
                0x00087dae        0x4 C:\Users\morav\AppData\Local\Temp\VMBuilds\Security\arduino_due_x_dbg\Release/core.a(USBCore.cpp.o)
                0x00087dae                STRING_LANGUAGE
 .rodata._ZL18test_packet_buffer
                0x00087db2       0x35 C:\Users\morav\AppData\Local\Temp\VMBuilds\Security\arduino_due_x_dbg\Release/core.a(USBCore.cpp.o)
 .rodata.STRING_MANUFACTURER
                0x00087de7        0xc C:\Users\morav\AppData\Local\Temp\VMBuilds\Security\arduino_due_x_dbg\Release/core.a(USBCore.cpp.o)
                0x00087de7                STRING_MANUFACTURER
 .rodata.USB_DeviceDescriptorA
                0x00087df3       0x12 C:\Users\morav\AppData\Local\Temp\VMBuilds\Security\arduino_due_x_dbg\Release/core.a(USBCore.cpp.o)
                0x00087df3                USB_DeviceDescriptorA
 .rodata._ZL19USB_DeviceQualifier
                0x00087e05        0x9 C:\Users\morav\AppData\Local\Temp\VMBuilds\Security\arduino_due_x_dbg\Release/core.a(USBCore.cpp.o)
 *fill*         0x00087e0e        0x2 
 .rodata._ZTV7Serial_
                0x00087e10       0x28 C:\Users\morav\AppData\Local\Temp\VMBuilds\Security\arduino_due_x_dbg\Release/core.a(CDC.cpp.o)
                0x00087e10                vtable for Serial_
 .rodata._ZL18_cdcOtherInterface
                0x00087e38       0x42 C:\Users\morav\AppData\Local\Temp\VMBuilds\Security\arduino_due_x_dbg\Release/core.a(CDC.cpp.o)
 .rodata._ZL13_cdcInterface
                0x00087e7a       0x42 C:\Users\morav\AppData\Local\Temp\VMBuilds\Security\arduino_due_x_dbg\Release/core.a(CDC.cpp.o)
 .rodata.str1.4
                0x00087ebc        0x2 c:/users/morav/appdata/local/arduino15/packages/arduino/tools/arm-none-eabi-gcc/4.8.3-2014q1/bin/../lib/gcc/arm-none-eabi/4.8.3/../../../../arm-none-eabi/lib/armv7-m\libg.a(lib_a-impure.o)
                                  0x4 (size before relaxing)
 *fill*         0x00087ebe        0x2 
 .rodata._global_impure_ptr
                0x00087ec0        0x4 c:/users/morav/appdata/local/arduino15/packages/arduino/tools/arm-none-eabi-gcc/4.8.3-2014q1/bin/../lib/gcc/arm-none-eabi/4.8.3/../../../../arm-none-eabi/lib/armv7-m\libg.a(lib_a-impure.o)
                0x00087ec0                _global_impure_ptr
 .rodata.blanks.6717
                0x00087ec4       0x10 c:/users/morav/appdata/local/arduino15/packages/arduino/tools/arm-none-eabi-gcc/4.8.3-2014q1/bin/../lib/gcc/arm-none-eabi/4.8.3/../../../../arm-none-eabi/lib/armv7-m\libg.a(lib_a-vfiprintf.o)
 .rodata.str1.4
                0x00087ed4       0x30 c:/users/morav/appdata/local/arduino15/packages/arduino/tools/arm-none-eabi-gcc/4.8.3-2014q1/bin/../lib/gcc/arm-none-eabi/4.8.3/../../../../arm-none-eabi/lib/armv7-m\libg.a(lib_a-vfiprintf.o)
 .rodata.zeroes.6718
                0x00087f04       0x10 c:/users/morav/appdata/local/arduino15/packages/arduino/tools/arm-none-eabi-gcc/4.8.3-2014q1/bin/../lib/gcc/arm-none-eabi/4.8.3/../../../../arm-none-eabi/lib/armv7-m\libg.a(lib_a-vfiprintf.o)
 .rodata._ctype_
                0x00087f14      0x104 c:/users/morav/appdata/local/arduino15/packages/arduino/tools/arm-none-eabi-gcc/4.8.3-2014q1/bin/../lib/gcc/arm-none-eabi/4.8.3/../../../../arm-none-eabi/lib/armv7-m\libg.a(lib_a-ctype_.o)
                0x00087f14                _ctype_
 *(.ARM.extab* .gnu.linkonce.armextab.*)
                0x00088018                . = ALIGN (0x4)
 *(.init)
 .init          0x00088018        0x4 c:/users/morav/appdata/local/arduino15/packages/arduino/tools/arm-none-eabi-gcc/4.8.3-2014q1/bin/../lib/gcc/arm-none-eabi/4.8.3/armv7-m/crti.o
                0x00088018                _init
 .init          0x0008801c        0x8 c:/users/morav/appdata/local/arduino15/packages/arduino/tools/arm-none-eabi-gcc/4.8.3-2014q1/bin/../lib/gcc/arm-none-eabi/4.8.3/armv7-m/crtn.o
                0x00088024                . = ALIGN (0x4)
                0x00088024                __preinit_array_start = .
 *(.preinit_array)
                0x00088024                __preinit_array_end = .
                0x00088024                . = ALIGN (0x4)
                0x00088024                __init_array_start = .
 *(SORT(.init_array.*))
 .init_array.00000
                0x00088024        0x4 c:/users/morav/appdata/local/arduino15/packages/arduino/tools/arm-none-eabi-gcc/4.8.3-2014q1/bin/../lib/gcc/arm-none-eabi/4.8.3/../../../../arm-none-eabi/lib/armv7-m\libg.a(lib_a-__call_atexit.o)
 *(.init_array)
 .init_array    0x00088028        0x4 c:/users/morav/appdata/local/arduino15/packages/arduino/tools/arm-none-eabi-gcc/4.8.3-2014q1/bin/../lib/gcc/arm-none-eabi/4.8.3/armv7-m/crtbegin.o
 .init_array    0x0008802c        0x4 C:\Users\morav\AppData\Local\Temp\VMBuilds\Security\arduino_due_x_dbg\Release\Security.cpp.o
 .init_array    0x00088030        0x4 C:\Users\morav\AppData\Local\Temp\VMBuilds\Security\arduino_due_x_dbg\Release\variant\variant.cpp.o
 .init_array    0x00088034        0x4 C:\Users\morav\AppData\Local\Temp\VMBuilds\Security\arduino_due_x_dbg\Release/core.a(USBCore.cpp.o)
 .init_array    0x00088038        0x4 C:\Users\morav\AppData\Local\Temp\VMBuilds\Security\arduino_due_x_dbg\Release/core.a(CDC.cpp.o)
                0x0008803c                __init_array_end = .
                0x0008803c                . = ALIGN (0x4)
 *crtbegin.o(.ctors)
 *(EXCLUDE_FILE(*crtend.o) .ctors)
 *(SORT(.ctors.*))
 *crtend.o(.ctors)
                0x0008803c                . = ALIGN (0x4)
 *(.fini)
 .fini          0x0008803c        0x4 c:/users/morav/appdata/local/arduino15/packages/arduino/tools/arm-none-eabi-gcc/4.8.3-2014q1/bin/../lib/gcc/arm-none-eabi/4.8.3/armv7-m/crti.o
                0x0008803c                _fini
 .fini          0x00088040        0x8 c:/users/morav/appdata/local/arduino15/packages/arduino/tools/arm-none-eabi-gcc/4.8.3-2014q1/bin/../lib/gcc/arm-none-eabi/4.8.3/armv7-m/crtn.o
                0x00088048                . = ALIGN (0x4)
                0x00088048                __fini_array_start = .
 *(.fini_array)
 .fini_array    0x00088048        0x4 c:/users/morav/appdata/local/arduino15/packages/arduino/tools/arm-none-eabi-gcc/4.8.3-2014q1/bin/../lib/gcc/arm-none-eabi/4.8.3/armv7-m/crtbegin.o
 *(SORT(.fini_array.*))
                0x0008804c                __fini_array_end = .
 *crtbegin.o(.dtors)
 *(EXCLUDE_FILE(*crtend.o) .dtors)
 *(SORT(.dtors.*))
 *crtend.o(.dtors)
                0x0008804c                . = ALIGN (0x4)
                0x0008804c                _efixed = .
                0x0008804c                PROVIDE (__exidx_start, .)

.vfp11_veneer   0x0008804c        0x0
 .vfp11_veneer  0x00000000        0x0 linker stubs

.v4_bx          0x0008804c        0x0
 .v4_bx         0x00000000        0x0 linker stubs

.iplt           0x0008804c        0x0
 .iplt          0x00000000        0x0 c:/users/morav/appdata/local/arduino15/packages/arduino/tools/arm-none-eabi-gcc/4.8.3-2014q1/bin/../lib/gcc/arm-none-eabi/4.8.3/armv7-m/crtbegin.o

.ARM.exidx      0x0008804c        0x8
 *(.ARM.exidx* .gnu.linkonce.armexidx.*)
 .ARM.exidx     0x0008804c        0x8 c:/users/morav/appdata/local/arduino15/packages/arduino/tools/arm-none-eabi-gcc/4.8.3-2014q1/bin/../lib/gcc/arm-none-eabi/4.8.3/armv7-m\libgcc.a(_divdi3.o)
 .ARM.exidx     0x00088054        0x0 c:/users/morav/appdata/local/arduino15/packages/arduino/tools/arm-none-eabi-gcc/4.8.3-2014q1/bin/../lib/gcc/arm-none-eabi/4.8.3/armv7-m\libgcc.a(_udivdi3.o)
                                  0x8 (size before relaxing)
                0x00088054                PROVIDE (__exidx_end, .)

.eh_frame       0x00088054        0x0
 .eh_frame      0x00088054        0x0 c:/users/morav/appdata/local/arduino15/packages/arduino/tools/arm-none-eabi-gcc/4.8.3-2014q1/bin/../lib/gcc/arm-none-eabi/4.8.3/armv7-m/crtbegin.o

.rel.dyn        0x00088054        0x0
 .rel.iplt      0x00000000        0x0 c:/users/morav/appdata/local/arduino15/packages/arduino/tools/arm-none-eabi-gcc/4.8.3-2014q1/bin/../lib/gcc/arm-none-eabi/4.8.3/armv7-m/crtbegin.o

.jcr            0x00088054        0x0
 .jcr           0x00088054        0x0 c:/users/morav/appdata/local/arduino15/packages/arduino/tools/arm-none-eabi-gcc/4.8.3-2014q1/bin/../lib/gcc/arm-none-eabi/4.8.3/armv7-m/crtbegin.o

.igot.plt       0x00088054        0x0
 .igot.plt      0x00000000        0x0 c:/users/morav/appdata/local/arduino15/packages/arduino/tools/arm-none-eabi-gcc/4.8.3-2014q1/bin/../lib/gcc/arm-none-eabi/4.8.3/armv7-m/crtbegin.o
                0x00088054                . = ALIGN (0x4)
                0x00088054                _etext = .

.relocate       0x20070000      0x8d8 load address 0x00088054
                0x20070000                . = ALIGN (0x4)
                0x20070000                _srelocate = .
 *(.ramfunc .ramfunc.*)
 .ramfunc       0x20070000       0x2c C:\Users\morav\AppData\Local\Temp\VMBuilds\Security\arduino_due_x_dbg\Release/core.a(Reset.cpp.o)
                0x20070000                banzai
 *(.data .data.*)
 .data          0x2007002c        0x4 c:/users/morav/appdata/local/arduino15/packages/arduino/tools/arm-none-eabi-gcc/4.8.3-2014q1/bin/../lib/gcc/arm-none-eabi/4.8.3/armv7-m/crtbegin.o
                0x2007002c                __dso_handle
 .data.SystemCoreClock
                0x20070030        0x4 C:\Users\morav\AppData\Local\arduino15\packages\arduino\hardware\sam\1.6.11\variants\arduino_due_x/libsam_sam3x8e_gcc_rel.a(system_sam3xa.o)
                0x20070030                SystemCoreClock
 .data._ZL5ticks
                0x20070034        0x4 C:\Users\morav\AppData\Local\Temp\VMBuilds\Security\arduino_due_x_dbg\Release/core.a(Reset.cpp.o)
 .data.EndPoints
                0x20070038       0x28 C:\Users\morav\AppData\Local\Temp\VMBuilds\Security\arduino_due_x_dbg\Release/core.a(USBCore.cpp.o)
                0x20070038                EndPoints
 .data._ZL10breakValue
                0x20070060        0x4 C:\Users\morav\AppData\Local\Temp\VMBuilds\Security\arduino_due_x_dbg\Release/core.a(CDC.cpp.o)
 .data._ZL12_usbLineInfo
                0x20070064        0x8 C:\Users\morav\AppData\Local\Temp\VMBuilds\Security\arduino_due_x_dbg\Release/core.a(CDC.cpp.o)
 .data.g_interrupt_enabled
                0x2007006c        0x4 C:\Users\morav\AppData\Local\arduino15\packages\arduino\hardware\sam\1.6.11\variants\arduino_due_x/libsam_sam3x8e_gcc_rel.a(interrupt_sam_nvic.o)
                0x2007006c                g_interrupt_enabled
 .data.impure_data
                0x20070070      0x428 c:/users/morav/appdata/local/arduino15/packages/arduino/tools/arm-none-eabi-gcc/4.8.3-2014q1/bin/../lib/gcc/arm-none-eabi/4.8.3/../../../../arm-none-eabi/lib/armv7-m\libg.a(lib_a-impure.o)
 .data._impure_ptr
                0x20070498        0x4 c:/users/morav/appdata/local/arduino15/packages/arduino/tools/arm-none-eabi-gcc/4.8.3-2014q1/bin/../lib/gcc/arm-none-eabi/4.8.3/../../../../arm-none-eabi/lib/armv7-m\libg.a(lib_a-impure.o)
                0x20070498                _impure_ptr
 .data.__malloc_av_
                0x2007049c      0x408 c:/users/morav/appdata/local/arduino15/packages/arduino/tools/arm-none-eabi-gcc/4.8.3-2014q1/bin/../lib/gcc/arm-none-eabi/4.8.3/../../../../arm-none-eabi/lib/armv7-m\libg.a(lib_a-mallocr.o)
                0x2007049c                __malloc_av_
 .data.__malloc_trim_threshold
                0x200708a4        0x4 c:/users/morav/appdata/local/arduino15/packages/arduino/tools/arm-none-eabi-gcc/4.8.3-2014q1/bin/../lib/gcc/arm-none-eabi/4.8.3/../../../../arm-none-eabi/lib/armv7-m\libg.a(lib_a-mallocr.o)
                0x200708a4                __malloc_trim_threshold
 .data.__malloc_sbrk_base
                0x200708a8        0x4 c:/users/morav/appdata/local/arduino15/packages/arduino/tools/arm-none-eabi-gcc/4.8.3-2014q1/bin/../lib/gcc/arm-none-eabi/4.8.3/../../../../arm-none-eabi/lib/armv7-m\libg.a(lib_a-mallocr.o)
                0x200708a8                __malloc_sbrk_base
 .data.__ctype_ptr__